🔄 Preparing Dataset: OBJECTNET...
   📐 Preprocessing: 224px, norm=custom
✅ ObjectNet found at ./data/objectnet/objectnet-1.0
ℹ️  Note: ObjectNet handled as 15 tasks of 20 classes. Split handled in main.py.
✅ Loaded 50273 images. Classes expected: 300
💾 Loading cached resnet50 features for objectnet (Train)...

🚀 [1/3] Component Ablation Table...

📏 Running Standalone NCM Baseline (Stage 1 Logic)...
🔄 Preparing Dataset: OBJECTNET...
   📐 Preprocessing: 224px, norm=custom
✅ ObjectNet found at ./data/objectnet/objectnet-1.0
ℹ️  Note: ObjectNet handled as 15 tasks of 20 classes. Split handled in main.py.
✅ Loaded 50273 images. Classes expected: 300
💾 Loading cached resnet50 features for objectnet (Train)...

🌱 --- Starting Run with Seed: 42 ---
   📦 Stream samples: 34855 | Val samples: 3865
   🚀 Training Bio-Inspired Graph (Hippocampus + Cortex)...

   🌀 --- PURE CIL MODE SCENARIO ---

   📚 Training Task 1/15
✅ Bio-Graph Training Complete.
   ℹ️  Fixed Alpha Ablation: Using alpha=0.00
   -> AIA after Task 1: 56.56% | Breakdown: ['56.6%']

   📚 Training Task 2/15
✅ Bio-Graph Training Complete.
   ℹ️  Fixed Alpha Ablation: Using alpha=0.00
   -> AIA after Task 2: 38.24% | Breakdown: ['40.9%', '35.6%']

   📚 Training Task 3/15
✅ Bio-Graph Training Complete.
   ℹ️  Fixed Alpha Ablation: Using alpha=0.00
   -> AIA after Task 3: 32.10% | Breakdown: ['34.7%', '30.3%', '31.3%']

   📚 Training Task 4/15
✅ Bio-Graph Training Complete.
   ℹ️  Fixed Alpha Ablation: Using alpha=0.00
   -> AIA after Task 4: 30.05% | Breakdown: ['35.6%', '26.1%', '29.9%', '28.5%']

   📚 Training Task 5/15
✅ Bio-Graph Training Complete.
   ℹ️  Fixed Alpha Ablation: Using alpha=0.00
   -> AIA after Task 5: 28.96% | Breakdown: ['38.0%', '24.2%', '27.6%', '28.2%', '26.7%']

   📚 Training Task 6/15
✅ Bio-Graph Training Complete.
   ℹ️  Fixed Alpha Ablation: Using alpha=0.00
   -> AIA after Task 6: 27.69% | Breakdown: ['37.2%', '24.1%', '27.7%', '28.5%', '25.9%', '22.7%']

   📚 Training Task 7/15
✅ Bio-Graph Training Complete.
   ℹ️  Fixed Alpha Ablation: Using alpha=0.00
   -> AIA after Task 7: 26.76% | Breakdown: ['36.3%', '24.3%', '27.9%', '26.6%', '24.4%', '21.6%', '26.2%']

   📚 Training Task 8/15
✅ Bio-Graph Training Complete.
   ℹ️  Fixed Alpha Ablation: Using alpha=0.00
   -> AIA after Task 8: 25.83% | Breakdown: ['37.7%', '23.7%', '28.1%', '26.9%', '24.4%', '20.8%', '25.3%', '19.7%']

   📚 Training Task 9/15
✅ Bio-Graph Training Complete.
   ℹ️  Fixed Alpha Ablation: Using alpha=0.00
   -> AIA after Task 9: 24.80% | Breakdown: ['36.8%', '24.1%', '28.9%', '26.9%', '24.4%', '21.2%', '24.1%', '18.9%', '18.0%']

   📚 Training Task 10/15
✅ Bio-Graph Training Complete.
   ℹ️  Fixed Alpha Ablation: Using alpha=0.00
   -> AIA after Task 10: 23.85% | Breakdown: ['38.3%', '22.3%', '27.5%', '24.6%', '22.9%', '20.0%', '24.3%', '17.0%', '17.6%', '24.0%']

   📚 Training Task 11/15
✅ Bio-Graph Training Complete.
   ℹ️  Fixed Alpha Ablation: Using alpha=0.00
   -> AIA after Task 11: 23.76% | Breakdown: ['37.4%', '22.3%', '27.2%', '25.7%', '23.7%', '19.2%', '24.1%', '16.5%', '16.6%', '23.0%', '25.7%']

   📚 Training Task 12/15
✅ Bio-Graph Training Complete.
   ℹ️  Fixed Alpha Ablation: Using alpha=0.00
   -> AIA after Task 12: 22.05% | Breakdown: ['37.2%', '21.2%', '27.1%', '24.5%', '21.3%', '19.0%', '23.3%', '16.7%', '15.7%', '22.0%', '25.2%', '11.4%']

   📚 Training Task 13/15
✅ Bio-Graph Training Complete.
   ℹ️  Fixed Alpha Ablation: Using alpha=0.00
   -> AIA after Task 13: 21.23% | Breakdown: ['37.2%', '20.7%', '26.6%', '24.3%', '21.2%', '18.4%', '22.6%', '16.7%', '16.8%', '21.2%', '24.8%', '11.1%', '14.5%']

   📚 Training Task 14/15
✅ Bio-Graph Training Complete.
   ℹ️  Fixed Alpha Ablation: Using alpha=0.00
   -> AIA after Task 14: 21.28% | Breakdown: ['37.4%', '20.9%', '26.3%', '23.7%', '21.2%', '17.5%', '22.6%', '16.7%', '14.8%', '20.9%', '24.7%', '10.9%', '15.1%', '25.2%']

   📚 Training Task 15/15
✅ Bio-Graph Training Complete.
   ℹ️  Fixed Alpha Ablation: Using alpha=0.00
   -> AIA after Task 15: 20.46% | Breakdown: ['37.2%', '21.6%', '26.1%', '23.4%', '20.7%', '17.0%', '22.0%', '15.2%', '14.5%', '20.4%', '24.5%', '11.3%', '14.2%', '24.2%', '14.8%']
✅ Memory trace saved → outputs/memory_trace_objectnet_resnet50.png / .svg
   🧠 Bio-Graph Memory Footprint: 251.58 MB
   ℹ️  Fixed Alpha Ablation: Using alpha=0.00 (Tuning skipped)

   🏆 Pure CIL Metrics -> AIA: 20.46% | Forgetting: 5.32%
✅ Memory comparison saved → outputs/memory_comparison_objectnet_resnet50.png / .svg
🔄 Preparing Dataset: OBJECTNET...
   📐 Preprocessing: 224px, norm=custom
✅ ObjectNet found at ./data/objectnet/objectnet-1.0
ℹ️  Note: ObjectNet handled as 15 tasks of 20 classes. Split handled in main.py.
✅ Loaded 50273 images. Classes expected: 300
💾 Loading cached resnet50 features for objectnet (Train)...

🌱 --- Starting Run with Seed: 42 ---
   📦 Stream samples: 34855 | Val samples: 3865
   🚀 Training Bio-Inspired Graph (Hippocampus + Cortex)...

   🌀 --- PURE CIL MODE SCENARIO ---

   📚 Training Task 1/15
✅ Bio-Graph Training Complete.
   ℹ️  Fixed Alpha Ablation: Using alpha=1.00
   -> AIA after Task 1: 56.82% | Breakdown: ['56.8%']

   📚 Training Task 2/15
✅ Bio-Graph Training Complete.
   ℹ️  Fixed Alpha Ablation: Using alpha=1.00
   -> AIA after Task 2: 38.58% | Breakdown: ['41.6%', '35.6%']

   📚 Training Task 3/15
✅ Bio-Graph Training Complete.
   ℹ️  Fixed Alpha Ablation: Using alpha=1.00
   -> AIA after Task 3: 32.24% | Breakdown: ['35.6%', '30.1%', '30.9%']

   📚 Training Task 4/15
✅ Bio-Graph Training Complete.
   ℹ️  Fixed Alpha Ablation: Using alpha=1.00
   -> AIA after Task 4: 30.57% | Breakdown: ['36.8%', '26.9%', '30.1%', '28.5%']

   📚 Training Task 5/15
✅ Bio-Graph Training Complete.
   ℹ️  Fixed Alpha Ablation: Using alpha=1.00
   -> AIA after Task 5: 29.60% | Breakdown: ['37.7%', '24.7%', '28.8%', '28.9%', '27.9%']

   📚 Training Task 6/15
✅ Bio-Graph Training Complete.
   ℹ️  Fixed Alpha Ablation: Using alpha=1.00
   -> AIA after Task 6: 28.17% | Breakdown: ['38.7%', '23.8%', '28.6%', '29.2%', '25.9%', '22.8%']

   📚 Training Task 7/15
✅ Bio-Graph Training Complete.
   ℹ️  Fixed Alpha Ablation: Using alpha=1.00
   -> AIA after Task 7: 27.39% | Breakdown: ['37.5%', '23.7%', '28.3%', '27.5%', '25.7%', '21.8%', '27.3%']

   📚 Training Task 8/15
✅ Bio-Graph Training Complete.
   ℹ️  Fixed Alpha Ablation: Using alpha=1.00
   -> AIA after Task 8: 26.49% | Breakdown: ['38.1%', '23.7%', '28.1%', '28.2%', '25.9%', '21.2%', '26.6%', '20.0%']

   📚 Training Task 9/15
✅ Bio-Graph Training Complete.
   ℹ️  Fixed Alpha Ablation: Using alpha=1.00
   -> AIA after Task 9: 26.08% | Breakdown: ['37.9%', '23.7%', '28.4%', '29.3%', '25.5%', '21.1%', '26.2%', '20.4%', '22.2%']

   📚 Training Task 10/15
✅ Bio-Graph Training Complete.
   ℹ️  Fixed Alpha Ablation: Using alpha=1.00
   -> AIA after Task 10: 24.89% | Breakdown: ['38.3%', '21.7%', '27.9%', '27.6%', '23.4%', '20.0%', '24.7%', '20.0%', '20.5%', '24.9%']

   📚 Training Task 11/15
✅ Bio-Graph Training Complete.
   ℹ️  Fixed Alpha Ablation: Using alpha=1.00
   -> AIA after Task 11: 24.41% | Breakdown: ['37.6%', '21.3%', '26.2%', '26.4%', '22.7%', '18.0%', '25.7%', '19.9%', '19.0%', '23.5%', '28.1%']

   📚 Training Task 12/15
✅ Bio-Graph Training Complete.
   ℹ️  Fixed Alpha Ablation: Using alpha=1.00
   -> AIA after Task 12: 23.39% | Breakdown: ['36.6%', '22.4%', '27.1%', '26.1%', '22.4%', '17.7%', '25.0%', '19.2%', '20.5%', '22.7%', '27.6%', '13.4%']

   📚 Training Task 13/15
✅ Bio-Graph Training Complete.
   ℹ️  Fixed Alpha Ablation: Using alpha=1.00
   -> AIA after Task 13: 22.45% | Breakdown: ['37.6%', '21.4%', '26.6%', '25.2%', '22.2%', '17.4%', '24.3%', '19.2%', '19.4%', '20.7%', '27.4%', '11.8%', '18.6%']

   📚 Training Task 14/15
✅ Bio-Graph Training Complete.
   ℹ️  Fixed Alpha Ablation: Using alpha=1.00
   -> AIA after Task 14: 22.55% | Breakdown: ['37.2%', '21.4%', '25.1%', '25.4%', '23.0%', '17.0%', '23.3%', '18.7%', '18.2%', '21.5%', '26.4%', '12.1%', '18.7%', '27.8%']

   📚 Training Task 15/15
✅ Bio-Graph Training Complete.
   ℹ️  Fixed Alpha Ablation: Using alpha=1.00
   -> AIA after Task 15: 21.97% | Breakdown: ['36.7%', '21.3%', '24.8%', '24.5%', '22.5%', '17.3%', '23.6%', '19.4%', '18.3%', '20.9%', '26.0%', '12.4%', '17.8%', '27.6%', '16.4%']
✅ Memory trace saved → outputs/memory_trace_objectnet_resnet50.png / .svg
   🧠 Bio-Graph Memory Footprint: 251.58 MB
   ℹ️  Fixed Alpha Ablation: Using alpha=1.00 (Tuning skipped)

   🏆 Pure CIL Metrics -> AIA: 21.97% | Forgetting: 5.22%
✅ Memory comparison saved → outputs/memory_comparison_objectnet_resnet50.png / .svg
🔄 Preparing Dataset: OBJECTNET...
   📐 Preprocessing: 224px, norm=custom
✅ ObjectNet found at ./data/objectnet/objectnet-1.0
ℹ️  Note: ObjectNet handled as 15 tasks of 20 classes. Split handled in main.py.
✅ Loaded 50273 images. Classes expected: 300
💾 Loading cached resnet50 features for objectnet (Train)...

🌱 --- Starting Run with Seed: 42 ---
   📦 Stream samples: 34855 | Val samples: 3865
   🚀 Training Bio-Inspired Graph (Hippocampus + Cortex)...

   🌀 --- PURE CIL MODE SCENARIO ---

   📚 Training Task 1/15
✅ Bio-Graph Training Complete.
   🔎 Tuned best alpha=0.30 (Val Acc: 54.2%)
   -> AIA after Task 1: 56.82% | Breakdown: ['56.8%']

   📚 Training Task 2/15
✅ Bio-Graph Training Complete.
   🔎 Tuned best alpha=0.50 (Val Acc: 34.7%)
   -> AIA after Task 2: 38.77% | Breakdown: ['42.0%', '35.6%']

   📚 Training Task 3/15
✅ Bio-Graph Training Complete.
   🔎 Tuned best alpha=0.30 (Val Acc: 31.0%)
   -> AIA after Task 3: 32.28% | Breakdown: ['35.4%', '29.9%', '31.6%']

   📚 Training Task 4/15
✅ Bio-Graph Training Complete.
   🔎 Tuned best alpha=0.30 (Val Acc: 30.3%)
   -> AIA after Task 4: 30.67% | Breakdown: ['36.6%', '26.5%', '30.2%', '29.5%']

   📚 Training Task 5/15
✅ Bio-Graph Training Complete.
   🔎 Tuned best alpha=0.50 (Val Acc: 30.3%)
   -> AIA after Task 5: 29.93% | Breakdown: ['37.9%', '25.2%', '29.0%', '29.5%', '28.1%']

   📚 Training Task 6/15
✅ Bio-Graph Training Complete.
   🔎 Tuned best alpha=0.30 (Val Acc: 28.9%)
   -> AIA after Task 6: 28.32% | Breakdown: ['38.3%', '24.3%', '29.3%', '29.2%', '26.1%', '22.8%']

   📚 Training Task 7/15
✅ Bio-Graph Training Complete.
   🔎 Tuned best alpha=0.50 (Val Acc: 29.0%)
   -> AIA after Task 7: 27.74% | Breakdown: ['38.0%', '24.6%', '28.4%', '28.4%', '25.0%', '21.8%', '28.0%']

   📚 Training Task 8/15
✅ Bio-Graph Training Complete.
   🔎 Tuned best alpha=0.30 (Val Acc: 28.3%)
   -> AIA after Task 8: 27.06% | Breakdown: ['38.5%', '25.0%', '29.0%', '28.4%', '25.5%', '22.2%', '27.3%', '20.5%']

   📚 Training Task 9/15
✅ Bio-Graph Training Complete.
   🔎 Tuned best alpha=0.80 (Val Acc: 27.2%)
   -> AIA after Task 9: 26.38% | Breakdown: ['38.8%', '23.8%', '29.3%', '29.3%', '25.0%', '21.8%', '26.6%', '20.2%', '22.6%']

   📚 Training Task 10/15
✅ Bio-Graph Training Complete.
   🔎 Tuned best alpha=0.30 (Val Acc: 26.2%)
   -> AIA after Task 10: 25.26% | Breakdown: ['39.1%', '22.3%', '28.3%', '26.7%', '25.0%', '21.3%', '26.2%', '18.7%', '19.2%', '25.7%']

   📚 Training Task 11/15
✅ Bio-Graph Training Complete.
   🔎 Tuned best alpha=0.30 (Val Acc: 25.3%)
   -> AIA after Task 11: 24.87% | Breakdown: ['38.0%', '22.8%', '27.6%', '26.6%', '24.4%', '19.6%', '26.0%', '18.4%', '18.0%', '24.6%', '27.6%']

   📚 Training Task 12/15
✅ Bio-Graph Training Complete.
   🔎 Tuned best alpha=0.30 (Val Acc: 24.3%)
   -> AIA after Task 12: 23.70% | Breakdown: ['38.4%', '23.7%', '27.7%', '26.3%', '23.0%', '19.9%', '24.1%', '18.4%', '18.7%', '24.3%', '28.5%', '11.4%']

   📚 Training Task 13/15
✅ Bio-Graph Training Complete.
   🔎 Tuned best alpha=0.30 (Val Acc: 23.5%)
   -> AIA after Task 13: 22.66% | Breakdown: ['38.1%', '22.7%', '27.9%', '26.0%', '21.7%', '18.4%', '24.7%', '18.4%', '18.3%', '21.9%', '28.0%', '11.3%', '17.3%']

   📚 Training Task 14/15
✅ Bio-Graph Training Complete.
   🔎 Tuned best alpha=0.30 (Val Acc: 23.3%)
   -> AIA after Task 14: 22.64% | Breakdown: ['37.7%', '23.1%', '26.9%', '25.5%', '21.7%', '18.4%', '23.8%', '18.2%', '17.3%', '22.7%', '26.9%', '10.9%', '17.2%', '26.7%']

   📚 Training Task 15/15
✅ Bio-Graph Training Complete.
   🔎 Tuned best alpha=0.30 (Val Acc: 23.4%)
   -> AIA after Task 15: 22.25% | Breakdown: ['38.4%', '22.6%', '26.1%', '25.5%', '22.2%', '18.0%', '23.4%', '18.4%', '18.2%', '22.0%', '27.1%', '12.1%', '17.2%', '27.1%', '15.5%']
✅ Memory trace saved → outputs/memory_trace_objectnet_resnet50.png / .svg
   🧠 Bio-Graph Memory Footprint: 251.58 MB
   ✅ Selected alpha: 0.30 (Tuned on 386 val samples)

   🏆 Pure CIL Metrics -> AIA: 22.25% | Forgetting: 4.85%
✅ Memory comparison saved → outputs/memory_comparison_objectnet_resnet50.png / .svg

🚀 [2/3] Lambda Sweep...
🔄 Preparing Dataset: OBJECTNET...
   📐 Preprocessing: 224px, norm=custom
✅ ObjectNet found at ./data/objectnet/objectnet-1.0
ℹ️  Note: ObjectNet handled as 15 tasks of 20 classes. Split handled in main.py.
✅ Loaded 50273 images. Classes expected: 300
💾 Loading cached resnet50 features for objectnet (Train)...

🌱 --- Starting Run with Seed: 42 ---
   📦 Stream samples: 34855 | Val samples: 3865
   🚀 Training Bio-Inspired Graph (Hippocampus + Cortex)...

   🌀 --- PURE CIL MODE SCENARIO ---

   📚 Training Task 1/15
✅ Bio-Graph Training Complete.
   🔎 Tuned best alpha=0.00 (Val Acc: 53.5%)
   -> AIA after Task 1: 56.03% | Breakdown: ['56.0%']

   📚 Training Task 2/15
✅ Bio-Graph Training Complete.
   🔎 Tuned best alpha=1.00 (Val Acc: 36.6%)
   -> AIA after Task 2: 36.79% | Breakdown: ['40.9%', '32.7%']

   📚 Training Task 3/15
✅ Bio-Graph Training Complete.
   🔎 Tuned best alpha=0.80 (Val Acc: 31.5%)
   -> AIA after Task 3: 32.13% | Breakdown: ['36.7%', '28.8%', '30.9%']

   📚 Training Task 4/15
✅ Bio-Graph Training Complete.
   🔎 Tuned best alpha=0.30 (Val Acc: 30.8%)
   -> AIA after Task 4: 30.51% | Breakdown: ['37.6%', '26.9%', '29.9%', '27.6%']

   📚 Training Task 5/15
✅ Bio-Graph Training Complete.
   🔎 Tuned best alpha=0.30 (Val Acc: 31.5%)
   -> AIA after Task 5: 29.66% | Breakdown: ['38.1%', '24.3%', '29.0%', '28.5%', '28.2%']

   📚 Training Task 6/15
✅ Bio-Graph Training Complete.
   🔎 Tuned best alpha=0.30 (Val Acc: 29.3%)
   -> AIA after Task 6: 28.47% | Breakdown: ['38.9%', '24.2%', '28.9%', '27.8%', '27.9%', '23.1%']

   📚 Training Task 7/15
✅ Bio-Graph Training Complete.
   🔎 Tuned best alpha=0.80 (Val Acc: 28.5%)
   -> AIA after Task 7: 27.72% | Breakdown: ['38.4%', '24.3%', '28.0%', '27.5%', '25.7%', '21.9%', '28.1%']

   📚 Training Task 8/15
✅ Bio-Graph Training Complete.
   🔎 Tuned best alpha=0.30 (Val Acc: 28.0%)
   -> AIA after Task 8: 26.75% | Breakdown: ['39.6%', '25.0%', '27.4%', '27.5%', '25.7%', '21.8%', '26.2%', '20.9%']

   📚 Training Task 9/15
✅ Bio-Graph Training Complete.
   🔎 Tuned best alpha=0.30 (Val Acc: 26.4%)
   -> AIA after Task 9: 25.83% | Breakdown: ['39.9%', '26.1%', '26.5%', '27.8%', '24.2%', '22.2%', '25.7%', '20.2%', '19.9%']

   📚 Training Task 10/15
✅ Bio-Graph Training Complete.
   🔎 Tuned best alpha=0.30 (Val Acc: 25.4%)
   -> AIA after Task 10: 25.21% | Breakdown: ['38.8%', '24.1%', '27.1%', '26.1%', '24.9%', '21.2%', '25.9%', '20.2%', '19.4%', '24.4%']

   📚 Training Task 11/15
✅ Bio-Graph Training Complete.
   🔎 Tuned best alpha=0.30 (Val Acc: 25.0%)
   -> AIA after Task 11: 24.90% | Breakdown: ['39.1%', '23.8%', '26.2%', '25.2%', '23.9%', '20.5%', '26.4%', '19.7%', '18.9%', '22.7%', '27.6%']

   📚 Training Task 12/15
✅ Bio-Graph Training Complete.
   🔎 Tuned best alpha=0.50 (Val Acc: 24.0%)
   -> AIA after Task 12: 24.02% | Breakdown: ['38.9%', '23.2%', '26.6%', '26.6%', '22.7%', '20.3%', '25.7%', '19.5%', '18.5%', '22.5%', '27.3%', '16.4%']

   📚 Training Task 13/15
✅ Bio-Graph Training Complete.
   🔎 Tuned best alpha=0.50 (Val Acc: 23.7%)
   -> AIA after Task 13: 22.77% | Breakdown: ['37.4%', '22.4%', '26.5%', '25.1%', '22.0%', '19.9%', '24.8%', '19.0%', '20.1%', '20.9%', '26.0%', '15.1%', '16.9%']

   📚 Training Task 14/15
✅ Bio-Graph Training Complete.
   🔎 Tuned best alpha=0.50 (Val Acc: 23.7%)
   -> AIA after Task 14: 22.91% | Breakdown: ['36.8%', '22.1%', '26.2%', '25.5%', '22.5%', '19.3%', '24.1%', '18.4%', '19.9%', '21.1%', '26.2%', '13.7%', '16.5%', '28.3%']

   📚 Training Task 15/15
✅ Bio-Graph Training Complete.
   🔎 Tuned best alpha=0.70 (Val Acc: 23.4%)
   -> AIA after Task 15: 22.22% | Breakdown: ['38.0%', '22.4%', '25.2%', '24.8%', '22.7%', '18.4%', '24.0%', '18.5%', '18.7%', '20.7%', '27.1%', '13.7%', '15.9%', '27.8%', '15.3%']
✅ Memory trace saved → outputs/memory_trace_objectnet_resnet50.png / .svg
   🧠 Bio-Graph Memory Footprint: 251.58 MB
   ✅ Selected alpha: 0.70 (Tuned on 386 val samples)

   🏆 Pure CIL Metrics -> AIA: 22.22% | Forgetting: 4.59%
✅ Memory comparison saved → outputs/memory_comparison_objectnet_resnet50.png / .svg
🔄 Preparing Dataset: OBJECTNET...
   📐 Preprocessing: 224px, norm=custom
✅ ObjectNet found at ./data/objectnet/objectnet-1.0
ℹ️  Note: ObjectNet handled as 15 tasks of 20 classes. Split handled in main.py.
✅ Loaded 50273 images. Classes expected: 300
💾 Loading cached resnet50 features for objectnet (Train)...

🌱 --- Starting Run with Seed: 42 ---
   📦 Stream samples: 34855 | Val samples: 3865
   🚀 Training Bio-Inspired Graph (Hippocampus + Cortex)...

   🌀 --- PURE CIL MODE SCENARIO ---

   📚 Training Task 1/15
✅ Bio-Graph Training Complete.
   🔎 Tuned best alpha=0.30 (Val Acc: 54.2%)
   -> AIA after Task 1: 56.82% | Breakdown: ['56.8%']

   📚 Training Task 2/15
✅ Bio-Graph Training Complete.
   🔎 Tuned best alpha=0.50 (Val Acc: 34.7%)
   -> AIA after Task 2: 38.77% | Breakdown: ['42.0%', '35.6%']

   📚 Training Task 3/15
✅ Bio-Graph Training Complete.
   🔎 Tuned best alpha=0.30 (Val Acc: 31.0%)
   -> AIA after Task 3: 32.28% | Breakdown: ['35.4%', '29.9%', '31.6%']

   📚 Training Task 4/15
✅ Bio-Graph Training Complete.
   🔎 Tuned best alpha=0.30 (Val Acc: 30.3%)
   -> AIA after Task 4: 30.67% | Breakdown: ['36.6%', '26.5%', '30.2%', '29.5%']

   📚 Training Task 5/15
✅ Bio-Graph Training Complete.
   🔎 Tuned best alpha=0.50 (Val Acc: 30.3%)
   -> AIA after Task 5: 29.93% | Breakdown: ['37.9%', '25.2%', '29.0%', '29.5%', '28.1%']

   📚 Training Task 6/15
✅ Bio-Graph Training Complete.
   🔎 Tuned best alpha=0.30 (Val Acc: 28.9%)
   -> AIA after Task 6: 28.32% | Breakdown: ['38.3%', '24.3%', '29.3%', '29.2%', '26.1%', '22.8%']

   📚 Training Task 7/15
✅ Bio-Graph Training Complete.
   🔎 Tuned best alpha=0.50 (Val Acc: 29.0%)
   -> AIA after Task 7: 27.74% | Breakdown: ['38.0%', '24.6%', '28.4%', '28.4%', '25.0%', '21.8%', '28.0%']

   📚 Training Task 8/15
✅ Bio-Graph Training Complete.
   🔎 Tuned best alpha=0.30 (Val Acc: 28.3%)
   -> AIA after Task 8: 27.06% | Breakdown: ['38.5%', '25.0%', '29.0%', '28.4%', '25.5%', '22.2%', '27.3%', '20.5%']

   📚 Training Task 9/15
✅ Bio-Graph Training Complete.
   🔎 Tuned best alpha=0.80 (Val Acc: 27.2%)
   -> AIA after Task 9: 26.38% | Breakdown: ['38.8%', '23.8%', '29.3%', '29.3%', '25.0%', '21.8%', '26.6%', '20.2%', '22.6%']

   📚 Training Task 10/15
✅ Bio-Graph Training Complete.
   🔎 Tuned best alpha=0.30 (Val Acc: 26.2%)
   -> AIA after Task 10: 25.26% | Breakdown: ['39.1%', '22.3%', '28.3%', '26.7%', '25.0%', '21.3%', '26.2%', '18.7%', '19.2%', '25.7%']

   📚 Training Task 11/15
✅ Bio-Graph Training Complete.
   🔎 Tuned best alpha=0.30 (Val Acc: 25.3%)
   -> AIA after Task 11: 24.87% | Breakdown: ['38.0%', '22.8%', '27.6%', '26.6%', '24.4%', '19.6%', '26.0%', '18.4%', '18.0%', '24.6%', '27.6%']

   📚 Training Task 12/15
✅ Bio-Graph Training Complete.
   🔎 Tuned best alpha=0.30 (Val Acc: 24.3%)
   -> AIA after Task 12: 23.70% | Breakdown: ['38.4%', '23.7%', '27.7%', '26.3%', '23.0%', '19.9%', '24.1%', '18.4%', '18.7%', '24.3%', '28.5%', '11.4%']

   📚 Training Task 13/15
✅ Bio-Graph Training Complete.
   🔎 Tuned best alpha=0.30 (Val Acc: 23.5%)
   -> AIA after Task 13: 22.66% | Breakdown: ['38.1%', '22.7%', '27.9%', '26.0%', '21.7%', '18.4%', '24.7%', '18.4%', '18.3%', '21.9%', '28.0%', '11.3%', '17.3%']

   📚 Training Task 14/15
✅ Bio-Graph Training Complete.
   🔎 Tuned best alpha=0.30 (Val Acc: 23.3%)
   -> AIA after Task 14: 22.64% | Breakdown: ['37.7%', '23.1%', '26.9%', '25.5%', '21.7%', '18.4%', '23.8%', '18.2%', '17.3%', '22.7%', '26.9%', '10.9%', '17.2%', '26.7%']

   📚 Training Task 15/15
✅ Bio-Graph Training Complete.
   🔎 Tuned best alpha=0.30 (Val Acc: 23.4%)
   -> AIA after Task 15: 22.25% | Breakdown: ['38.4%', '22.6%', '26.1%', '25.5%', '22.2%', '18.0%', '23.4%', '18.4%', '18.2%', '22.0%', '27.1%', '12.1%', '17.2%', '27.1%', '15.5%']
✅ Memory trace saved → outputs/memory_trace_objectnet_resnet50.png / .svg
   🧠 Bio-Graph Memory Footprint: 251.58 MB
   ✅ Selected alpha: 0.30 (Tuned on 386 val samples)

   🏆 Pure CIL Metrics -> AIA: 22.25% | Forgetting: 4.85%
✅ Memory comparison saved → outputs/memory_comparison_objectnet_resnet50.png / .svg
🔄 Preparing Dataset: OBJECTNET...
   📐 Preprocessing: 224px, norm=custom
✅ ObjectNet found at ./data/objectnet/objectnet-1.0
ℹ️  Note: ObjectNet handled as 15 tasks of 20 classes. Split handled in main.py.
✅ Loaded 50273 images. Classes expected: 300
💾 Loading cached resnet50 features for objectnet (Train)...

🌱 --- Starting Run with Seed: 42 ---
   📦 Stream samples: 34855 | Val samples: 3865
   🚀 Training Bio-Inspired Graph (Hippocampus + Cortex)...

   🌀 --- PURE CIL MODE SCENARIO ---

   📚 Training Task 1/15
✅ Bio-Graph Training Complete.
   🔎 Tuned best alpha=0.00 (Val Acc: 54.8%)
   -> AIA after Task 1: 56.42% | Breakdown: ['56.4%']

   📚 Training Task 2/15
✅ Bio-Graph Training Complete.
   🔎 Tuned best alpha=0.00 (Val Acc: 34.2%)
   -> AIA after Task 2: 36.97% | Breakdown: ['40.3%', '33.7%']

   📚 Training Task 3/15
✅ Bio-Graph Training Complete.
   🔎 Tuned best alpha=0.30 (Val Acc: 31.4%)
   -> AIA after Task 3: 31.57% | Breakdown: ['36.3%', '28.4%', '30.1%']

   📚 Training Task 4/15
✅ Bio-Graph Training Complete.
   🔎 Tuned best alpha=0.30 (Val Acc: 30.4%)
   -> AIA after Task 4: 30.65% | Breakdown: ['35.1%', '25.7%', '30.8%', '31.0%']

   📚 Training Task 5/15
✅ Bio-Graph Training Complete.
   🔎 Tuned best alpha=0.50 (Val Acc: 30.7%)
   -> AIA after Task 5: 29.46% | Breakdown: ['36.2%', '24.1%', '27.7%', '31.4%', '27.9%']

   📚 Training Task 6/15
✅ Bio-Graph Training Complete.
   🔎 Tuned best alpha=0.30 (Val Acc: 29.0%)
   -> AIA after Task 6: 28.21% | Breakdown: ['38.3%', '23.6%', '28.3%', '29.5%', '26.9%', '22.8%']

   📚 Training Task 7/15
✅ Bio-Graph Training Complete.
   🔎 Tuned best alpha=0.70 (Val Acc: 27.9%)
   -> AIA after Task 7: 27.91% | Breakdown: ['38.1%', '23.8%', '27.4%', '28.9%', '26.9%', '21.9%', '28.3%']

   📚 Training Task 8/15
✅ Bio-Graph Training Complete.
   🔎 Tuned best alpha=0.50 (Val Acc: 27.2%)
   -> AIA after Task 8: 26.92% | Breakdown: ['37.9%', '25.1%', '28.0%', '28.2%', '27.9%', '20.5%', '26.9%', '20.9%']

   📚 Training Task 9/15
✅ Bio-Graph Training Complete.
   🔎 Tuned best alpha=0.80 (Val Acc: 26.8%)
   -> AIA after Task 9: 25.75% | Breakdown: ['38.5%', '24.5%', '26.9%', '28.9%', '24.5%', '20.8%', '26.4%', '20.4%', '21.0%']

   📚 Training Task 10/15
✅ Bio-Graph Training Complete.
   🔎 Tuned best alpha=0.50 (Val Acc: 26.0%)
   -> AIA after Task 10: 25.06% | Breakdown: ['38.1%', '23.1%', '26.6%', '28.1%', '25.4%', '20.3%', '26.4%', '18.9%', '19.8%', '24.0%']

   📚 Training Task 11/15
✅ Bio-Graph Training Complete.
   🔎 Tuned best alpha=0.70 (Val Acc: 25.0%)
   -> AIA after Task 11: 24.95% | Breakdown: ['37.9%', '22.3%', '26.5%', '28.9%', '24.7%', '19.6%', '25.5%', '18.7%', '19.4%', '22.3%', '28.6%']

   📚 Training Task 12/15
✅ Bio-Graph Training Complete.
   🔎 Tuned best alpha=1.00 (Val Acc: 23.8%)
   -> AIA after Task 12: 23.52% | Breakdown: ['36.8%', '21.2%', '26.6%', '27.3%', '25.0%', '19.2%', '24.8%', '18.7%', '19.2%', '21.4%', '27.8%', '14.2%']

   📚 Training Task 13/15
✅ Bio-Graph Training Complete.
   🔎 Tuned best alpha=0.90 (Val Acc: 23.1%)
   -> AIA after Task 13: 22.91% | Breakdown: ['37.5%', '21.7%', '26.2%', '27.5%', '24.7%', '18.4%', '23.6%', '18.7%', '18.7%', '20.6%', '27.4%', '14.7%', '18.1%']

   📚 Training Task 14/15
✅ Bio-Graph Training Complete.
   🔎 Tuned best alpha=0.50 (Val Acc: 23.7%)
   -> AIA after Task 14: 23.02% | Breakdown: ['37.7%', '21.4%', '25.6%', '27.9%', '24.0%', '18.3%', '23.8%', '18.5%', '18.3%', '20.9%', '26.2%', '13.9%', '17.2%', '28.4%']

   📚 Training Task 15/15
✅ Bio-Graph Training Complete.
   🔎 Tuned best alpha=0.30 (Val Acc: 22.7%)
   -> AIA after Task 15: 21.83% | Breakdown: ['37.7%', '21.2%', '25.4%', '26.9%', '24.2%', '17.5%', '22.6%', '18.0%', '17.1%', '19.9%', '26.4%', '13.1%', '15.6%', '26.5%', '15.3%']
✅ Memory trace saved → outputs/memory_trace_objectnet_resnet50.png / .svg
   🧠 Bio-Graph Memory Footprint: 251.46 MB
   ✅ Selected alpha: 0.30 (Tuned on 386 val samples)

   🏆 Pure CIL Metrics -> AIA: 21.83% | Forgetting: 5.35%
✅ Memory comparison saved → outputs/memory_comparison_objectnet_resnet50.png / .svg

🚀 [3/3] Node Count Sweep (Fixed alpha=0.5)...
🔄 Preparing Dataset: OBJECTNET...
   📐 Preprocessing: 224px, norm=custom
✅ ObjectNet found at ./data/objectnet/objectnet-1.0
ℹ️  Note: ObjectNet handled as 15 tasks of 20 classes. Split handled in main.py.
✅ Loaded 50273 images. Classes expected: 300
💾 Loading cached resnet50 features for objectnet (Train)...

🌱 --- Starting Run with Seed: 42 ---
   📦 Stream samples: 34855 | Val samples: 3865
   🚀 Training Bio-Inspired Graph (Hippocampus + Cortex)...

   🌀 --- PURE CIL MODE SCENARIO ---

   📚 Training Task 1/15
✅ Bio-Graph Training Complete.
   🔎 Tuned best alpha=0.50 (Val Acc: 30.9%)
   -> AIA after Task 1: 25.83% | Breakdown: ['25.8%']

   📚 Training Task 2/15
✅ Bio-Graph Training Complete.
   🔎 Tuned best alpha=0.00 (Val Acc: 15.1%)
   -> AIA after Task 2: 12.58% | Breakdown: ['19.9%', '5.3%']

   📚 Training Task 3/15
✅ Bio-Graph Training Complete.
   🔎 Tuned best alpha=0.00 (Val Acc: 11.0%)
   -> AIA after Task 3: 9.04% | Breakdown: ['17.0%', '4.7%', '5.5%']

   📚 Training Task 4/15
✅ Bio-Graph Training Complete.
   🔎 Tuned best alpha=0.30 (Val Acc: 10.0%)
   -> AIA after Task 4: 8.43% | Breakdown: ['13.9%', '3.9%', '4.9%', '11.0%']

   📚 Training Task 5/15
✅ Bio-Graph Training Complete.
   🔎 Tuned best alpha=0.00 (Val Acc: 10.1%)
   -> AIA after Task 5: 10.16% | Breakdown: ['11.9%', '2.4%', '4.5%', '8.3%', '23.7%']

   📚 Training Task 6/15
✅ Bio-Graph Training Complete.
   🔎 Tuned best alpha=1.00 (Val Acc: 9.2%)
   -> AIA after Task 6: 9.33% | Breakdown: ['10.7%', '2.1%', '4.0%', '8.2%', '24.5%', '6.4%']

   📚 Training Task 7/15
✅ Bio-Graph Training Complete.
   🔎 Tuned best alpha=0.30 (Val Acc: 8.4%)
   -> AIA after Task 7: 8.92% | Breakdown: ['10.7%', '2.6%', '3.5%', '7.6%', '21.0%', '5.7%', '11.4%']

   📚 Training Task 8/15
✅ Bio-Graph Training Complete.
   🔎 Tuned best alpha=1.00 (Val Acc: 7.8%)
   -> AIA after Task 8: 9.08% | Breakdown: ['9.3%', '1.5%', '2.7%', '6.9%', '20.0%', '5.3%', '9.4%', '17.5%']

   📚 Training Task 9/15
✅ Bio-Graph Training Complete.
   🔎 Tuned best alpha=0.00 (Val Acc: 8.5%)
   -> AIA after Task 9: 8.46% | Breakdown: ['8.9%', '0.8%', '2.9%', '6.0%', '19.2%', '4.8%', '8.9%', '17.0%', '7.6%']

   📚 Training Task 10/15
✅ Bio-Graph Training Complete.
   🔎 Tuned best alpha=0.30 (Val Acc: 8.1%)
   -> AIA after Task 10: 8.14% | Breakdown: ['8.7%', '0.8%', '3.5%', '5.3%', '17.6%', '5.4%', '8.9%', '15.9%', '7.4%', '7.9%']

   📚 Training Task 11/15
✅ Bio-Graph Training Complete.
   🔎 Tuned best alpha=0.00 (Val Acc: 8.0%)
   -> AIA after Task 11: 8.17% | Breakdown: ['8.2%', '1.0%', '2.6%', '5.3%', '17.6%', '5.4%', '8.4%', '16.2%', '6.9%', '7.7%', '10.6%']

   📚 Training Task 12/15
✅ Bio-Graph Training Complete.
   🔎 Tuned best alpha=1.00 (Val Acc: 7.5%)
   -> AIA after Task 12: 7.76% | Breakdown: ['8.1%', '1.3%', '2.4%', '5.6%', '17.0%', '4.7%', '8.0%', '16.0%', '6.9%', '7.2%', '10.8%', '5.1%']

   📚 Training Task 13/15
✅ Bio-Graph Training Complete.
   🔎 Tuned best alpha=0.50 (Val Acc: 7.0%)
   -> AIA after Task 13: 7.02% | Breakdown: ['7.0%', '1.0%', '1.9%', '5.7%', '17.5%', '4.7%', '8.6%', '16.0%', '6.5%', '6.6%', '10.6%', '4.0%', '1.1%']

   📚 Training Task 14/15
✅ Bio-Graph Training Complete.
   🔎 Tuned best alpha=1.00 (Val Acc: 7.2%)
   -> AIA after Task 14: 6.88% | Breakdown: ['6.5%', '1.0%', '2.0%', '5.1%', '15.8%', '4.4%', '7.7%', '14.4%', '5.3%', '6.1%', '10.6%', '3.6%', '0.9%', '12.8%']

   📚 Training Task 15/15
✅ Bio-Graph Training Complete.
   🔎 Tuned best alpha=0.30 (Val Acc: 6.9%)
   -> AIA after Task 15: 6.68% | Breakdown: ['6.1%', '0.4%', '1.3%', '5.3%', '16.3%', '4.4%', '7.5%', '13.9%', '5.3%', '5.8%', '10.2%', '3.0%', '0.6%', '12.3%', '7.9%']
✅ Memory trace saved → outputs/memory_trace_objectnet_resnet50.png / .svg
   🧠 Bio-Graph Memory Footprint: 61.71 MB
   ✅ Selected alpha: 0.00 (Tuned on 386 val samples)

   🏆 Pure CIL Metrics -> AIA: 6.68% | Forgetting: 4.32%
✅ Memory comparison saved → outputs/memory_comparison_objectnet_resnet50.png / .svg
🔄 Preparing Dataset: OBJECTNET...
   📐 Preprocessing: 224px, norm=custom
✅ ObjectNet found at ./data/objectnet/objectnet-1.0
ℹ️  Note: ObjectNet handled as 15 tasks of 20 classes. Split handled in main.py.
✅ Loaded 50273 images. Classes expected: 300
💾 Loading cached resnet50 features for objectnet (Train)...

🌱 --- Starting Run with Seed: 42 ---
   📦 Stream samples: 34855 | Val samples: 3865
   🚀 Training Bio-Inspired Graph (Hippocampus + Cortex)...

   🌀 --- PURE CIL MODE SCENARIO ---

   📚 Training Task 1/15
✅ Bio-Graph Training Complete.
   🔎 Tuned best alpha=0.00 (Val Acc: 45.2%)
   -> AIA after Task 1: 43.84% | Breakdown: ['43.8%']

   📚 Training Task 2/15
✅ Bio-Graph Training Complete.
   🔎 Tuned best alpha=0.50 (Val Acc: 32.3%)
   -> AIA after Task 2: 32.40% | Breakdown: ['31.1%', '33.7%']

   📚 Training Task 3/15
✅ Bio-Graph Training Complete.
   🔎 Tuned best alpha=0.00 (Val Acc: 24.2%)
   -> AIA after Task 3: 25.52% | Breakdown: ['23.8%', '24.1%', '28.6%']

   📚 Training Task 4/15
✅ Bio-Graph Training Complete.
   🔎 Tuned best alpha=0.00 (Val Acc: 21.5%)
   -> AIA after Task 4: 22.73% | Breakdown: ['22.1%', '20.1%', '23.7%', '25.1%']

   📚 Training Task 5/15
✅ Bio-Graph Training Complete.
   🔎 Tuned best alpha=0.00 (Val Acc: 20.5%)
   -> AIA after Task 5: 21.56% | Breakdown: ['21.2%', '16.6%', '19.3%', '20.5%', '30.1%']

   📚 Training Task 6/15
✅ Bio-Graph Training Complete.
   🔎 Tuned best alpha=0.00 (Val Acc: 18.1%)
   -> AIA after Task 6: 18.23% | Breakdown: ['18.9%', '13.7%', '16.1%', '18.3%', '26.4%', '15.9%']

   📚 Training Task 7/15
✅ Bio-Graph Training Complete.
   🔎 Tuned best alpha=0.00 (Val Acc: 16.6%)
   -> AIA after Task 7: 17.26% | Breakdown: ['18.4%', '13.2%', '14.3%', '13.7%', '21.8%', '12.9%', '26.4%']

   📚 Training Task 8/15
✅ Bio-Graph Training Complete.
   🔎 Tuned best alpha=0.00 (Val Acc: 15.6%)
   -> AIA after Task 8: 16.09% | Breakdown: ['17.2%', '12.2%', '12.8%', '12.2%', '21.0%', '11.3%', '23.4%', '18.5%']

   📚 Training Task 9/15
✅ Bio-Graph Training Complete.
   🔎 Tuned best alpha=0.00 (Val Acc: 14.7%)
   -> AIA after Task 9: 15.28% | Breakdown: ['17.2%', '10.6%', '10.6%', '12.2%', '19.3%', '10.1%', '20.3%', '16.7%', '20.5%']

   📚 Training Task 10/15
✅ Bio-Graph Training Complete.
   🔎 Tuned best alpha=0.30 (Val Acc: 13.8%)
   -> AIA after Task 10: 15.07% | Breakdown: ['17.2%', '10.1%', '10.2%', '11.6%', '19.3%', '9.1%', '19.6%', '15.5%', '19.6%', '18.5%']

   📚 Training Task 11/15
✅ Bio-Graph Training Complete.
   🔎 Tuned best alpha=0.70 (Val Acc: 14.1%)
   -> AIA after Task 11: 15.38% | Breakdown: ['17.4%', '9.6%', '10.7%', '10.9%', '18.3%', '9.1%', '20.1%', '16.0%', '17.1%', '14.0%', '26.0%']

   📚 Training Task 12/15
✅ Bio-Graph Training Complete.
   🔎 Tuned best alpha=1.00 (Val Acc: 13.5%)
   -> AIA after Task 12: 14.29% | Breakdown: ['17.2%', '9.1%', '9.3%', '11.3%', '18.5%', '8.8%', '19.6%', '16.4%', '16.4%', '14.1%', '23.3%', '7.5%']

   📚 Training Task 13/15
✅ Bio-Graph Training Complete.
   🔎 Tuned best alpha=0.80 (Val Acc: 13.0%)
   -> AIA after Task 13: 13.25% | Breakdown: ['17.1%', '8.7%', '9.7%', '11.5%', '16.1%', '9.1%', '18.7%', '15.0%', '15.9%', '14.1%', '23.1%', '7.5%', '5.8%']

   📚 Training Task 14/15
✅ Bio-Graph Training Complete.
   🔎 Tuned best alpha=0.90 (Val Acc: 12.9%)
   -> AIA after Task 14: 13.55% | Breakdown: ['17.5%', '9.1%', '9.3%', '11.2%', '17.3%', '8.9%', '20.5%', '14.9%', '14.5%', '14.1%', '24.5%', '7.1%', '3.8%', '17.1%']

   📚 Training Task 15/15
✅ Bio-Graph Training Complete.
   🔎 Tuned best alpha=0.80 (Val Acc: 12.6%)
   -> AIA after Task 15: 13.05% | Breakdown: ['17.7%', '9.0%', '8.4%', '10.4%', '16.6%', '8.5%', '19.4%', '14.7%', '15.9%', '13.3%', '23.6%', '7.6%', '3.0%', '17.3%', '10.3%']
✅ Memory trace saved → outputs/memory_trace_objectnet_resnet50.png / .svg
   🧠 Bio-Graph Memory Footprint: 146.11 MB
   ✅ Selected alpha: 0.70 (Tuned on 386 val samples)

   🏆 Pure CIL Metrics -> AIA: 13.05% | Forgetting: 9.46%
✅ Memory comparison saved → outputs/memory_comparison_objectnet_resnet50.png / .svg
🔄 Preparing Dataset: OBJECTNET...
   📐 Preprocessing: 224px, norm=custom
✅ ObjectNet found at ./data/objectnet/objectnet-1.0
ℹ️  Note: ObjectNet handled as 15 tasks of 20 classes. Split handled in main.py.
✅ Loaded 50273 images. Classes expected: 300
💾 Loading cached resnet50 features for objectnet (Train)...

🌱 --- Starting Run with Seed: 42 ---
   📦 Stream samples: 34855 | Val samples: 3865
   🚀 Training Bio-Inspired Graph (Hippocampus + Cortex)...

   🌀 --- PURE CIL MODE SCENARIO ---

   📚 Training Task 1/15
✅ Bio-Graph Training Complete.
   🔎 Tuned best alpha=0.00 (Val Acc: 54.5%)
   -> AIA after Task 1: 54.17% | Breakdown: ['54.2%']

   📚 Training Task 2/15
✅ Bio-Graph Training Complete.
   🔎 Tuned best alpha=0.00 (Val Acc: 33.5%)
   -> AIA after Task 2: 36.11% | Breakdown: ['38.5%', '33.7%']

   📚 Training Task 3/15
✅ Bio-Graph Training Complete.
   🔎 Tuned best alpha=1.00 (Val Acc: 30.1%)
   -> AIA after Task 3: 30.59% | Breakdown: ['35.6%', '26.6%', '29.5%']

   📚 Training Task 4/15
✅ Bio-Graph Training Complete.
   🔎 Tuned best alpha=0.80 (Val Acc: 29.3%)
   -> AIA after Task 4: 29.82% | Breakdown: ['35.8%', '27.1%', '28.8%', '27.6%']

   📚 Training Task 5/15
✅ Bio-Graph Training Complete.
   🔎 Tuned best alpha=0.70 (Val Acc: 28.5%)
   -> AIA after Task 5: 28.37% | Breakdown: ['34.7%', '24.3%', '27.5%', '26.9%', '28.4%']

   📚 Training Task 6/15
✅ Bio-Graph Training Complete.
   🔎 Tuned best alpha=0.90 (Val Acc: 26.5%)
   -> AIA after Task 6: 27.38% | Breakdown: ['34.4%', '24.2%', '27.0%', '27.2%', '28.1%', '23.4%']

   📚 Training Task 7/15
✅ Bio-Graph Training Complete.
   🔎 Tuned best alpha=0.70 (Val Acc: 27.1%)
   -> AIA after Task 7: 27.33% | Breakdown: ['36.2%', '23.0%', '26.2%', '27.5%', '26.7%', '23.2%', '28.5%']

   📚 Training Task 8/15
✅ Bio-Graph Training Complete.
   🔎 Tuned best alpha=0.30 (Val Acc: 26.3%)
   -> AIA after Task 8: 26.23% | Breakdown: ['36.6%', '23.8%', '25.8%', '26.0%', '26.2%', '23.2%', '28.0%', '20.2%']

   📚 Training Task 9/15
✅ Bio-Graph Training Complete.
   🔎 Tuned best alpha=0.70 (Val Acc: 25.6%)
   -> AIA after Task 9: 25.03% | Breakdown: ['36.4%', '22.3%', '26.9%', '25.7%', '24.2%', '19.4%', '29.2%', '20.4%', '20.8%']

   📚 Training Task 10/15
✅ Bio-Graph Training Complete.
   🔎 Tuned best alpha=0.80 (Val Acc: 25.0%)
   -> AIA after Task 10: 24.26% | Breakdown: ['35.5%', '22.8%', '25.3%', '24.9%', '24.7%', '18.4%', '27.6%', '18.9%', '19.2%', '25.2%']

   📚 Training Task 11/15
✅ Bio-Graph Training Complete.
   🔎 Tuned best alpha=0.30 (Val Acc: 23.9%)
   -> AIA after Task 11: 23.85% | Breakdown: ['35.4%', '22.8%', '26.0%', '24.8%', '23.5%', '18.0%', '27.3%', '18.0%', '17.6%', '22.2%', '26.7%']

   📚 Training Task 12/15
✅ Bio-Graph Training Complete.
   🔎 Tuned best alpha=0.50 (Val Acc: 23.5%)
   -> AIA after Task 12: 22.76% | Breakdown: ['34.2%', '22.1%', '25.4%', '24.5%', '22.9%', '18.4%', '25.7%', '19.0%', '19.6%', '22.2%', '26.6%', '12.6%']

   📚 Training Task 13/15
✅ Bio-Graph Training Complete.
   🔎 Tuned best alpha=0.30 (Val Acc: 23.0%)
   -> AIA after Task 13: 21.83% | Breakdown: ['34.8%', '22.4%', '25.1%', '24.6%', '21.8%', '17.4%', '24.1%', '17.9%', '19.2%', '21.7%', '25.9%', '12.3%', '16.5%']

   📚 Training Task 14/15
✅ Bio-Graph Training Complete.
   🔎 Tuned best alpha=0.50 (Val Acc: 22.9%)
   -> AIA after Task 14: 21.96% | Breakdown: ['36.0%', '21.3%', '24.8%', '23.7%', '21.8%', '17.3%', '23.6%', '19.4%', '17.8%', '21.4%', '27.1%', '11.1%', '16.1%', '26.0%']

   📚 Training Task 15/15
✅ Bio-Graph Training Complete.
   🔎 Tuned best alpha=0.90 (Val Acc: 22.3%)
   -> AIA after Task 15: 21.42% | Breakdown: ['35.1%', '21.3%', '24.8%', '22.7%', '22.4%', '17.3%', '24.7%', '18.9%', '17.8%', '21.1%', '26.9%', '11.6%', '15.6%', '26.0%', '15.3%']
✅ Memory trace saved → outputs/memory_trace_objectnet_resnet50.png / .svg
   🧠 Bio-Graph Memory Footprint: 239.53 MB
   ✅ Selected alpha: 1.00 (Tuned on 386 val samples)

   🏆 Pure CIL Metrics -> AIA: 21.42% | Forgetting: 4.91%
✅ Memory comparison saved → outputs/memory_comparison_objectnet_resnet50.png / .svg
🔄 Preparing Dataset: OBJECTNET...
   📐 Preprocessing: 224px, norm=custom
✅ ObjectNet found at ./data/objectnet/objectnet-1.0
ℹ️  Note: ObjectNet handled as 15 tasks of 20 classes. Split handled in main.py.
✅ Loaded 50273 images. Classes expected: 300
💾 Loading cached resnet50 features for objectnet (Train)...

🌱 --- Starting Run with Seed: 42 ---
   📦 Stream samples: 34855 | Val samples: 3865
   🚀 Training Bio-Inspired Graph (Hippocampus + Cortex)...

   🌀 --- PURE CIL MODE SCENARIO ---

   📚 Training Task 1/15
✅ Bio-Graph Training Complete.
   🔎 Tuned best alpha=0.30 (Val Acc: 54.2%)
   -> AIA after Task 1: 56.82% | Breakdown: ['56.8%']

   📚 Training Task 2/15
✅ Bio-Graph Training Complete.
   🔎 Tuned best alpha=0.50 (Val Acc: 34.7%)
   -> AIA after Task 2: 38.77% | Breakdown: ['42.0%', '35.6%']

   📚 Training Task 3/15
✅ Bio-Graph Training Complete.
   🔎 Tuned best alpha=0.30 (Val Acc: 31.0%)
   -> AIA after Task 3: 32.28% | Breakdown: ['35.4%', '29.9%', '31.6%']

   📚 Training Task 4/15
✅ Bio-Graph Training Complete.
   🔎 Tuned best alpha=0.30 (Val Acc: 30.3%)
   -> AIA after Task 4: 30.67% | Breakdown: ['36.6%', '26.5%', '30.2%', '29.5%']

   📚 Training Task 5/15
✅ Bio-Graph Training Complete.
   🔎 Tuned best alpha=0.50 (Val Acc: 30.3%)
   -> AIA after Task 5: 29.93% | Breakdown: ['37.9%', '25.2%', '29.0%', '29.5%', '28.1%']

   📚 Training Task 6/15
✅ Bio-Graph Training Complete.
   🔎 Tuned best alpha=0.30 (Val Acc: 28.9%)
   -> AIA after Task 6: 28.32% | Breakdown: ['38.3%', '24.3%', '29.3%', '29.2%', '26.1%', '22.8%']

   📚 Training Task 7/15
✅ Bio-Graph Training Complete.
   🔎 Tuned best alpha=0.50 (Val Acc: 29.0%)
   -> AIA after Task 7: 27.74% | Breakdown: ['38.0%', '24.6%', '28.4%', '28.4%', '25.0%', '21.8%', '28.0%']

   📚 Training Task 8/15
✅ Bio-Graph Training Complete.
   🔎 Tuned best alpha=0.30 (Val Acc: 28.3%)
   -> AIA after Task 8: 27.06% | Breakdown: ['38.5%', '25.0%', '29.0%', '28.4%', '25.5%', '22.2%', '27.3%', '20.5%']

   📚 Training Task 9/15
✅ Bio-Graph Training Complete.
   🔎 Tuned best alpha=0.80 (Val Acc: 27.2%)
   -> AIA after Task 9: 26.38% | Breakdown: ['38.8%', '23.8%', '29.3%', '29.3%', '25.0%', '21.8%', '26.6%', '20.2%', '22.6%']

   📚 Training Task 10/15
✅ Bio-Graph Training Complete.
   🔎 Tuned best alpha=0.30 (Val Acc: 26.2%)
   -> AIA after Task 10: 25.26% | Breakdown: ['39.1%', '22.3%', '28.3%', '26.7%', '25.0%', '21.3%', '26.2%', '18.7%', '19.2%', '25.7%']

   📚 Training Task 11/15
✅ Bio-Graph Training Complete.
   🔎 Tuned best alpha=0.30 (Val Acc: 25.3%)
   -> AIA after Task 11: 24.87% | Breakdown: ['38.0%', '22.8%', '27.6%', '26.6%', '24.4%', '19.6%', '26.0%', '18.4%', '18.0%', '24.6%', '27.6%']

   📚 Training Task 12/15
✅ Bio-Graph Training Complete.
   🔎 Tuned best alpha=0.30 (Val Acc: 24.3%)
   -> AIA after Task 12: 23.70% | Breakdown: ['38.4%', '23.7%', '27.7%', '26.3%', '23.0%', '19.9%', '24.1%', '18.4%', '18.7%', '24.3%', '28.5%', '11.4%']

   📚 Training Task 13/15
✅ Bio-Graph Training Complete.
   🔎 Tuned best alpha=0.30 (Val Acc: 23.5%)
   -> AIA after Task 13: 22.66% | Breakdown: ['38.1%', '22.7%', '27.9%', '26.0%', '21.7%', '18.4%', '24.7%', '18.4%', '18.3%', '21.9%', '28.0%', '11.3%', '17.3%']

   📚 Training Task 14/15
✅ Bio-Graph Training Complete.
   🔎 Tuned best alpha=0.30 (Val Acc: 23.3%)
   -> AIA after Task 14: 22.64% | Breakdown: ['37.7%', '23.1%', '26.9%', '25.5%', '21.7%', '18.4%', '23.8%', '18.2%', '17.3%', '22.7%', '26.9%', '10.9%', '17.2%', '26.7%']

   📚 Training Task 15/15
✅ Bio-Graph Training Complete.
   🔎 Tuned best alpha=0.30 (Val Acc: 23.4%)
   -> AIA after Task 15: 22.25% | Breakdown: ['38.4%', '22.6%', '26.1%', '25.5%', '22.2%', '18.0%', '23.4%', '18.4%', '18.2%', '22.0%', '27.1%', '12.1%', '17.2%', '27.1%', '15.5%']
✅ Memory trace saved → outputs/memory_trace_objectnet_resnet50.png / .svg
   🧠 Bio-Graph Memory Footprint: 251.58 MB
   ✅ Selected alpha: 0.30 (Tuned on 386 val samples)

   🏆 Pure CIL Metrics -> AIA: 22.25% | Forgetting: 4.85%
✅ Memory comparison saved → outputs/memory_comparison_objectnet_resnet50.png / .svg

✅ Ablations complete. Saved to results/sweep/ablation_objectnet_resnet50_p512_seed42.json
