🔄 Preparing Dataset: OBJECTNET...
   📐 Preprocessing: 384px, norm=custom
✅ ObjectNet found at ./data/objectnet/objectnet-1.0
ℹ️  Note: ObjectNet handled as 15 tasks of 20 classes. Split handled in main.py.
✅ Loaded 50273 images. Classes expected: 300
💾 Loading cached siglip2 features for objectnet (Train)...

🚀 [1/3] Component Ablation Table...

📏 Running Standalone NCM Baseline (Stage 1 Logic)...
🔄 Preparing Dataset: OBJECTNET...
   📐 Preprocessing: 384px, norm=custom
✅ ObjectNet found at ./data/objectnet/objectnet-1.0
ℹ️  Note: ObjectNet handled as 15 tasks of 20 classes. Split handled in main.py.
✅ Loaded 50273 images. Classes expected: 300
💾 Loading cached siglip2 features for objectnet (Train)...

🌱 --- Starting Run with Seed: 42 ---
   📦 Stream samples: 34855 | Val samples: 3865
   🚀 Training Bio-Inspired Graph (Hippocampus + Cortex)...

   🌀 --- PURE CIL MODE SCENARIO ---

   📚 Training Task 1/15
✅ Bio-Graph Training Complete.
   ℹ️  Fixed Alpha Ablation: Using alpha=0.00
   -> AIA after Task 1: 94.83% | Breakdown: ['94.8%']

   📚 Training Task 2/15
✅ Bio-Graph Training Complete.
   ℹ️  Fixed Alpha Ablation: Using alpha=0.00
   -> AIA after Task 2: 89.14% | Breakdown: ['91.5%', '86.8%']

   📚 Training Task 3/15
✅ Bio-Graph Training Complete.
   ℹ️  Fixed Alpha Ablation: Using alpha=0.00
   -> AIA after Task 3: 87.77% | Breakdown: ['90.2%', '84.5%', '88.6%']

   📚 Training Task 4/15
✅ Bio-Graph Training Complete.
   ℹ️  Fixed Alpha Ablation: Using alpha=0.00
   -> AIA after Task 4: 87.73% | Breakdown: ['88.6%', '83.5%', '89.3%', '89.6%']

   📚 Training Task 5/15
✅ Bio-Graph Training Complete.
   ℹ️  Fixed Alpha Ablation: Using alpha=0.00
   -> AIA after Task 5: 87.38% | Breakdown: ['88.5%', '82.0%', '87.6%', '89.1%', '89.7%']

   📚 Training Task 6/15
✅ Bio-Graph Training Complete.
   ℹ️  Fixed Alpha Ablation: Using alpha=0.00
   -> AIA after Task 6: 86.79% | Breakdown: ['88.1%', '79.1%', '87.2%', '86.9%', '89.9%', '89.6%']

   📚 Training Task 7/15
✅ Bio-Graph Training Complete.
   ℹ️  Fixed Alpha Ablation: Using alpha=0.00
   -> AIA after Task 7: 86.36% | Breakdown: ['88.1%', '79.1%', '87.2%', '85.8%', '88.2%', '88.9%', '87.2%']

   📚 Training Task 8/15
✅ Bio-Graph Training Complete.
   ℹ️  Fixed Alpha Ablation: Using alpha=0.00
   -> AIA after Task 8: 85.56% | Breakdown: ['87.9%', '78.1%', '86.3%', '85.2%', '86.6%', '87.7%', '86.4%', '86.3%']

   📚 Training Task 9/15
✅ Bio-Graph Training Complete.
   ℹ️  Fixed Alpha Ablation: Using alpha=0.00
   -> AIA after Task 9: 84.26% | Breakdown: ['88.2%', '77.2%', '86.6%', '84.4%', '85.0%', '86.8%', '86.2%', '83.8%', '80.1%']

   📚 Training Task 10/15
✅ Bio-Graph Training Complete.
   ℹ️  Fixed Alpha Ablation: Using alpha=0.00
   -> AIA after Task 10: 83.14% | Breakdown: ['87.7%', '76.2%', '85.9%', '84.0%', '83.5%', '86.0%', '86.0%', '82.1%', '78.8%', '81.2%']

   📚 Training Task 11/15
✅ Bio-Graph Training Complete.
   ℹ️  Fixed Alpha Ablation: Using alpha=0.00
   -> AIA after Task 11: 82.52% | Breakdown: ['86.8%', '76.4%', '85.9%', '83.4%', '81.8%', '85.7%', '84.6%', '82.3%', '77.6%', '80.1%', '83.2%']

   📚 Training Task 12/15
✅ Bio-Graph Training Complete.
   ℹ️  Fixed Alpha Ablation: Using alpha=0.00
   -> AIA after Task 12: 81.34% | Breakdown: ['86.6%', '75.4%', '85.3%', '82.3%', '80.5%', '84.5%', '84.1%', '80.3%', '76.7%', '79.7%', '82.5%', '78.1%']

   📚 Training Task 13/15
✅ Bio-Graph Training Complete.
   ℹ️  Fixed Alpha Ablation: Using alpha=0.00
   -> AIA after Task 13: 80.07% | Breakdown: ['86.2%', '75.3%', '85.3%', '81.6%', '79.0%', '83.2%', '82.9%', '79.6%', '75.7%', '79.4%', '81.8%', '74.5%', '76.5%']

   📚 Training Task 14/15
✅ Bio-Graph Training Complete.
   ℹ️  Fixed Alpha Ablation: Using alpha=0.00
   -> AIA after Task 14: 79.74% | Breakdown: ['85.7%', '75.0%', '85.3%', '81.6%', '78.8%', '82.9%', '81.8%', '79.5%', '73.9%', '78.6%', '80.9%', '74.3%', '76.1%', '81.9%']

   📚 Training Task 15/15
✅ Bio-Graph Training Complete.
   ℹ️  Fixed Alpha Ablation: Using alpha=0.00
   -> AIA after Task 15: 78.85% | Breakdown: ['84.9%', '73.5%', '84.1%', '81.0%', '77.6%', '80.7%', '81.6%', '79.1%', '73.9%', '78.0%', '80.7%', '73.2%', '75.7%', '80.1%', '78.4%']
✅ Memory trace saved → outputs/memory_trace_objectnet_siglip2.png / .svg
   🧠 Bio-Graph Memory Footprint: 182.69 MB
   ℹ️  Fixed Alpha Ablation: Using alpha=0.00 (Tuning skipped)

   🏆 Pure CIL Metrics -> AIA: 78.85% | Forgetting: 6.44%
✅ Memory comparison saved → outputs/memory_comparison_objectnet_siglip2.png / .svg
🔄 Preparing Dataset: OBJECTNET...
   📐 Preprocessing: 384px, norm=custom
✅ ObjectNet found at ./data/objectnet/objectnet-1.0
ℹ️  Note: ObjectNet handled as 15 tasks of 20 classes. Split handled in main.py.
✅ Loaded 50273 images. Classes expected: 300
💾 Loading cached siglip2 features for objectnet (Train)...

🌱 --- Starting Run with Seed: 42 ---
   📦 Stream samples: 34855 | Val samples: 3865
   🚀 Training Bio-Inspired Graph (Hippocampus + Cortex)...

   🌀 --- PURE CIL MODE SCENARIO ---

   📚 Training Task 1/15
✅ Bio-Graph Training Complete.
   ℹ️  Fixed Alpha Ablation: Using alpha=1.00
   -> AIA after Task 1: 94.83% | Breakdown: ['94.8%']

   📚 Training Task 2/15
✅ Bio-Graph Training Complete.
   ℹ️  Fixed Alpha Ablation: Using alpha=1.00
   -> AIA after Task 2: 89.27% | Breakdown: ['91.7%', '86.9%']

   📚 Training Task 3/15
✅ Bio-Graph Training Complete.
   ℹ️  Fixed Alpha Ablation: Using alpha=1.00
   -> AIA after Task 3: 87.43% | Breakdown: ['89.8%', '84.1%', '88.4%']

   📚 Training Task 4/15
✅ Bio-Graph Training Complete.
   ℹ️  Fixed Alpha Ablation: Using alpha=1.00
   -> AIA after Task 4: 87.67% | Breakdown: ['88.9%', '83.6%', '88.5%', '89.7%']

   📚 Training Task 5/15
✅ Bio-Graph Training Complete.
   ℹ️  Fixed Alpha Ablation: Using alpha=1.00
   -> AIA after Task 5: 87.72% | Breakdown: ['88.9%', '81.6%', '87.6%', '89.3%', '91.3%']

   📚 Training Task 6/15
✅ Bio-Graph Training Complete.
   ℹ️  Fixed Alpha Ablation: Using alpha=1.00
   -> AIA after Task 6: 87.39% | Breakdown: ['88.9%', '78.3%', '87.5%', '88.4%', '91.1%', '90.2%']

   📚 Training Task 7/15
✅ Bio-Graph Training Complete.
   ℹ️  Fixed Alpha Ablation: Using alpha=1.00
   -> AIA after Task 7: 86.97% | Breakdown: ['88.5%', '78.8%', '86.6%', '87.3%', '90.6%', '88.9%', '88.1%']

   📚 Training Task 8/15
✅ Bio-Graph Training Complete.
   ℹ️  Fixed Alpha Ablation: Using alpha=1.00
   -> AIA after Task 8: 86.40% | Breakdown: ['88.1%', '78.3%', '86.2%', '86.6%', '88.9%', '88.6%', '87.1%', '87.5%']

   📚 Training Task 9/15
✅ Bio-Graph Training Complete.
   ℹ️  Fixed Alpha Ablation: Using alpha=1.00
   -> AIA after Task 9: 84.98% | Breakdown: ['87.8%', '77.4%', '85.9%', '86.0%', '87.2%', '86.5%', '86.4%', '85.0%', '82.5%']

   📚 Training Task 10/15
✅ Bio-Graph Training Complete.
   ℹ️  Fixed Alpha Ablation: Using alpha=1.00
   -> AIA after Task 10: 83.86% | Breakdown: ['87.5%', '76.3%', '85.2%', '84.7%', '86.1%', '85.5%', '86.2%', '83.8%', '81.5%', '81.8%']

   📚 Training Task 11/15
✅ Bio-Graph Training Complete.
   ℹ️  Fixed Alpha Ablation: Using alpha=1.00
   -> AIA after Task 11: 83.25% | Breakdown: ['87.2%', '76.4%', '84.3%', '84.6%', '84.5%', '85.4%', '85.8%', '83.0%', '79.0%', '80.4%', '85.2%']

   📚 Training Task 12/15
✅ Bio-Graph Training Complete.
   ℹ️  Fixed Alpha Ablation: Using alpha=1.00
   -> AIA after Task 12: 82.40% | Breakdown: ['86.1%', '76.0%', '84.0%', '84.3%', '83.4%', '84.6%', '85.5%', '82.0%', '78.5%', '80.2%', '83.9%', '80.3%']

   📚 Training Task 13/15
✅ Bio-Graph Training Complete.
   ℹ️  Fixed Alpha Ablation: Using alpha=1.00
   -> AIA after Task 13: 81.74% | Breakdown: ['85.7%', '74.0%', '83.6%', '82.9%', '82.2%', '83.5%', '84.4%', '82.1%', '78.8%', '80.2%', '83.3%', '79.6%', '82.0%']

   📚 Training Task 14/15
✅ Bio-Graph Training Complete.
   ℹ️  Fixed Alpha Ablation: Using alpha=1.00
   -> AIA after Task 14: 81.24% | Breakdown: ['84.4%', '73.9%', '83.5%', '82.9%', '82.5%', '81.7%', '83.6%', '82.0%', '77.8%', '79.6%', '82.1%', '79.0%', '81.4%', '83.0%']

   📚 Training Task 15/15
✅ Bio-Graph Training Complete.
   ℹ️  Fixed Alpha Ablation: Using alpha=1.00
   -> AIA after Task 15: 80.76% | Breakdown: ['84.0%', '72.1%', '82.6%', '82.2%', '82.4%', '79.4%', '83.6%', '81.3%', '77.1%', '79.4%', '83.0%', '78.3%', '80.9%', '82.2%', '82.9%']
✅ Memory trace saved → outputs/memory_trace_objectnet_siglip2.png / .svg
   🧠 Bio-Graph Memory Footprint: 182.69 MB
   ℹ️  Fixed Alpha Ablation: Using alpha=1.00 (Tuning skipped)

   🏆 Pure CIL Metrics -> AIA: 80.76% | Forgetting: 5.97%
✅ Memory comparison saved → outputs/memory_comparison_objectnet_siglip2.png / .svg
🔄 Preparing Dataset: OBJECTNET...
   📐 Preprocessing: 384px, norm=custom
✅ ObjectNet found at ./data/objectnet/objectnet-1.0
ℹ️  Note: ObjectNet handled as 15 tasks of 20 classes. Split handled in main.py.
✅ Loaded 50273 images. Classes expected: 300
💾 Loading cached siglip2 features for objectnet (Train)...

🌱 --- Starting Run with Seed: 42 ---
   📦 Stream samples: 34855 | Val samples: 3865
   🚀 Training Bio-Inspired Graph (Hippocampus + Cortex)...

   🌀 --- PURE CIL MODE SCENARIO ---

   📚 Training Task 1/15
✅ Bio-Graph Training Complete.
   🔎 Tuned best alpha=0.00 (Val Acc: 94.0%)
   -> AIA after Task 1: 94.83% | Breakdown: ['94.8%']

   📚 Training Task 2/15
✅ Bio-Graph Training Complete.
   🔎 Tuned best alpha=1.00 (Val Acc: 91.6%)
   -> AIA after Task 2: 89.27% | Breakdown: ['91.7%', '86.9%']

   📚 Training Task 3/15
✅ Bio-Graph Training Complete.
   🔎 Tuned best alpha=0.50 (Val Acc: 91.3%)
   -> AIA after Task 3: 87.60% | Breakdown: ['89.9%', '84.4%', '88.5%']

   📚 Training Task 4/15
✅ Bio-Graph Training Complete.
   🔎 Tuned best alpha=0.50 (Val Acc: 89.5%)
   -> AIA after Task 4: 87.71% | Breakdown: ['88.6%', '83.4%', '89.0%', '89.9%']

   📚 Training Task 5/15
✅ Bio-Graph Training Complete.
   🔎 Tuned best alpha=0.00 (Val Acc: 88.4%)
   -> AIA after Task 5: 87.38% | Breakdown: ['88.5%', '82.0%', '87.6%', '89.1%', '89.7%']

   📚 Training Task 6/15
✅ Bio-Graph Training Complete.
   🔎 Tuned best alpha=0.30 (Val Acc: 87.4%)
   -> AIA after Task 6: 87.30% | Breakdown: ['88.2%', '79.4%', '87.6%', '87.6%', '90.8%', '90.2%']

   📚 Training Task 7/15
✅ Bio-Graph Training Complete.
   🔎 Tuned best alpha=0.50 (Val Acc: 86.6%)
   -> AIA after Task 7: 87.02% | Breakdown: ['88.9%', '79.4%', '87.5%', '86.6%', '89.7%', '88.7%', '88.3%']

   📚 Training Task 8/15
✅ Bio-Graph Training Complete.
   🔎 Tuned best alpha=1.00 (Val Acc: 86.2%)
   -> AIA after Task 8: 86.40% | Breakdown: ['88.1%', '78.3%', '86.2%', '86.6%', '88.9%', '88.6%', '87.1%', '87.5%']

   📚 Training Task 9/15
✅ Bio-Graph Training Complete.
   🔎 Tuned best alpha=1.00 (Val Acc: 84.6%)
   -> AIA after Task 9: 84.98% | Breakdown: ['87.8%', '77.4%', '85.9%', '86.0%', '87.2%', '86.5%', '86.4%', '85.0%', '82.5%']

   📚 Training Task 10/15
✅ Bio-Graph Training Complete.
   🔎 Tuned best alpha=0.70 (Val Acc: 83.1%)
   -> AIA after Task 10: 83.86% | Breakdown: ['87.9%', '77.0%', '85.5%', '84.9%', '85.2%', '86.1%', '86.0%', '83.5%', '81.0%', '81.4%']

   📚 Training Task 11/15
✅ Bio-Graph Training Complete.
   🔎 Tuned best alpha=0.80 (Val Acc: 82.9%)
   -> AIA after Task 11: 83.20% | Breakdown: ['87.7%', '77.0%', '84.9%', '84.3%', '84.0%', '85.5%', '85.7%', '83.0%', '78.7%', '80.4%', '84.0%']

   📚 Training Task 12/15
✅ Bio-Graph Training Complete.
   🔎 Tuned best alpha=1.00 (Val Acc: 82.4%)
   -> AIA after Task 12: 82.40% | Breakdown: ['86.1%', '76.0%', '84.0%', '84.3%', '83.4%', '84.6%', '85.5%', '82.0%', '78.5%', '80.2%', '83.9%', '80.3%']

   📚 Training Task 13/15
✅ Bio-Graph Training Complete.
   🔎 Tuned best alpha=1.00 (Val Acc: 81.2%)
   -> AIA after Task 13: 81.74% | Breakdown: ['85.7%', '74.0%', '83.6%', '82.9%', '82.2%', '83.5%', '84.4%', '82.1%', '78.8%', '80.2%', '83.3%', '79.6%', '82.0%']

   📚 Training Task 14/15
✅ Bio-Graph Training Complete.
   🔎 Tuned best alpha=0.80 (Val Acc: 81.0%)
   -> AIA after Task 14: 81.43% | Breakdown: ['85.3%', '74.9%', '84.1%', '83.1%', '82.9%', '82.3%', '84.8%', '81.0%', '77.8%', '79.9%', '81.8%', '79.0%', '80.5%', '82.7%']

   📚 Training Task 15/15
✅ Bio-Graph Training Complete.
   🔎 Tuned best alpha=0.90 (Val Acc: 80.3%)
   -> AIA after Task 15: 80.79% | Breakdown: ['84.6%', '73.3%', '83.5%', '82.2%', '82.0%', '80.0%', '84.3%', '80.6%', '76.9%', '79.1%', '81.9%', '78.5%', '80.3%', '81.6%', '83.1%']
✅ Memory trace saved → outputs/memory_trace_objectnet_siglip2.png / .svg
   🧠 Bio-Graph Memory Footprint: 182.69 MB
   ✅ Selected alpha: 1.00 (Tuned on 386 val samples)

   🏆 Pure CIL Metrics -> AIA: 80.79% | Forgetting: 5.82%
✅ Memory comparison saved → outputs/memory_comparison_objectnet_siglip2.png / .svg

🚀 [2/3] Lambda Sweep...
🔄 Preparing Dataset: OBJECTNET...
   📐 Preprocessing: 384px, norm=custom
✅ ObjectNet found at ./data/objectnet/objectnet-1.0
ℹ️  Note: ObjectNet handled as 15 tasks of 20 classes. Split handled in main.py.
✅ Loaded 50273 images. Classes expected: 300
💾 Loading cached siglip2 features for objectnet (Train)...

🌱 --- Starting Run with Seed: 42 ---
   📦 Stream samples: 34855 | Val samples: 3865
   🚀 Training Bio-Inspired Graph (Hippocampus + Cortex)...

   🌀 --- PURE CIL MODE SCENARIO ---

   📚 Training Task 1/15
✅ Bio-Graph Training Complete.
   🔎 Tuned best alpha=0.00 (Val Acc: 94.0%)
   -> AIA after Task 1: 94.44% | Breakdown: ['94.4%']

   📚 Training Task 2/15
✅ Bio-Graph Training Complete.
   🔎 Tuned best alpha=0.30 (Val Acc: 91.6%)
   -> AIA after Task 2: 88.43% | Breakdown: ['90.9%', '86.0%']

   📚 Training Task 3/15
✅ Bio-Graph Training Complete.
   🔎 Tuned best alpha=0.00 (Val Acc: 91.0%)
   -> AIA after Task 3: 87.61% | Breakdown: ['90.3%', '83.4%', '89.1%']

   📚 Training Task 4/15
✅ Bio-Graph Training Complete.
   🔎 Tuned best alpha=0.30 (Val Acc: 89.8%)
   -> AIA after Task 4: 87.50% | Breakdown: ['88.6%', '82.5%', '88.9%', '90.0%']

   📚 Training Task 5/15
✅ Bio-Graph Training Complete.
   🔎 Tuned best alpha=0.90 (Val Acc: 88.6%)
   -> AIA after Task 5: 87.94% | Breakdown: ['89.1%', '81.3%', '88.4%', '89.3%', '91.6%']

   📚 Training Task 6/15
✅ Bio-Graph Training Complete.
   🔎 Tuned best alpha=0.70 (Val Acc: 87.6%)
   -> AIA after Task 6: 87.23% | Breakdown: ['88.7%', '79.1%', '87.5%', '87.9%', '91.6%', '88.6%']

   📚 Training Task 7/15
✅ Bio-Graph Training Complete.
   🔎 Tuned best alpha=0.90 (Val Acc: 87.3%)
   -> AIA after Task 7: 86.78% | Breakdown: ['88.1%', '78.6%', '86.7%', '86.3%', '90.9%', '88.2%', '88.8%']

   📚 Training Task 8/15
✅ Bio-Graph Training Complete.
   🔎 Tuned best alpha=1.00 (Val Acc: 86.9%)
   -> AIA after Task 8: 86.08% | Breakdown: ['88.1%', '76.9%', '86.2%', '86.6%', '88.9%', '87.4%', '87.8%', '86.8%']

   📚 Training Task 9/15
✅ Bio-Graph Training Complete.
   🔎 Tuned best alpha=0.90 (Val Acc: 85.5%)
   -> AIA after Task 9: 85.01% | Breakdown: ['87.3%', '77.2%', '86.1%', '85.2%', '87.2%', '86.4%', '87.1%', '85.8%', '82.9%']

   📚 Training Task 10/15
✅ Bio-Graph Training Complete.
   🔎 Tuned best alpha=1.00 (Val Acc: 83.8%)
   -> AIA after Task 10: 84.08% | Breakdown: ['87.0%', '75.5%', '85.4%', '84.7%', '85.7%', '85.5%', '87.4%', '84.5%', '82.0%', '83.0%']

   📚 Training Task 11/15
✅ Bio-Graph Training Complete.
   🔎 Tuned best alpha=0.70 (Val Acc: 83.5%)
   -> AIA after Task 11: 83.43% | Breakdown: ['86.6%', '76.4%', '86.2%', '84.7%', '85.0%', '84.6%', '85.8%', '83.3%', '79.2%', '81.2%', '84.5%']

   📚 Training Task 12/15
✅ Bio-Graph Training Complete.
   🔎 Tuned best alpha=0.70 (Val Acc: 82.6%)
   -> AIA after Task 12: 82.62% | Breakdown: ['86.4%', '76.5%', '85.4%', '83.5%', '83.5%', '83.9%', '85.5%', '82.5%', '78.8%', '80.5%', '83.9%', '81.0%']

   📚 Training Task 13/15
✅ Bio-Graph Training Complete.
   🔎 Tuned best alpha=1.00 (Val Acc: 81.7%)
   -> AIA after Task 13: 81.77% | Breakdown: ['85.0%', '73.5%', '84.1%', '82.6%', '82.4%', '82.9%', '85.1%', '83.1%', '80.6%', '80.2%', '83.9%', '77.3%', '82.2%']

   📚 Training Task 14/15
✅ Bio-Graph Training Complete.
   🔎 Tuned best alpha=1.00 (Val Acc: 81.3%)
   -> AIA after Task 14: 81.29% | Breakdown: ['84.5%', '72.8%', '83.9%', '82.2%', '82.4%', '81.9%', '85.1%', '82.6%', '78.7%', '79.1%', '83.2%', '77.5%', '81.4%', '82.9%']

   📚 Training Task 15/15
✅ Bio-Graph Training Complete.
   🔎 Tuned best alpha=1.00 (Val Acc: 80.4%)
   -> AIA after Task 15: 80.79% | Breakdown: ['84.1%', '71.4%', '83.0%', '81.4%', '82.0%', '79.7%', '84.6%', '82.3%', '78.5%', '78.8%', '82.5%', '77.8%', '80.3%', '82.4%', '83.1%']
✅ Memory trace saved → outputs/memory_trace_objectnet_siglip2.png / .svg
   🧠 Bio-Graph Memory Footprint: 182.73 MB
   ✅ Selected alpha: 1.00 (Tuned on 386 val samples)

   🏆 Pure CIL Metrics -> AIA: 80.79% | Forgetting: 5.94%
✅ Memory comparison saved → outputs/memory_comparison_objectnet_siglip2.png / .svg
🔄 Preparing Dataset: OBJECTNET...
   📐 Preprocessing: 384px, norm=custom
✅ ObjectNet found at ./data/objectnet/objectnet-1.0
ℹ️  Note: ObjectNet handled as 15 tasks of 20 classes. Split handled in main.py.
✅ Loaded 50273 images. Classes expected: 300
💾 Loading cached siglip2 features for objectnet (Train)...

🌱 --- Starting Run with Seed: 42 ---
   📦 Stream samples: 34855 | Val samples: 3865
   🚀 Training Bio-Inspired Graph (Hippocampus + Cortex)...

   🌀 --- PURE CIL MODE SCENARIO ---

   📚 Training Task 1/15
✅ Bio-Graph Training Complete.
   🔎 Tuned best alpha=0.00 (Val Acc: 94.0%)
   -> AIA after Task 1: 94.83% | Breakdown: ['94.8%']

   📚 Training Task 2/15
✅ Bio-Graph Training Complete.
   🔎 Tuned best alpha=1.00 (Val Acc: 91.6%)
   -> AIA after Task 2: 89.27% | Breakdown: ['91.7%', '86.9%']

   📚 Training Task 3/15
✅ Bio-Graph Training Complete.
   🔎 Tuned best alpha=0.50 (Val Acc: 91.3%)
   -> AIA after Task 3: 87.60% | Breakdown: ['89.9%', '84.4%', '88.5%']

   📚 Training Task 4/15
✅ Bio-Graph Training Complete.
   🔎 Tuned best alpha=0.50 (Val Acc: 89.5%)
   -> AIA after Task 4: 87.71% | Breakdown: ['88.6%', '83.4%', '89.0%', '89.9%']

   📚 Training Task 5/15
✅ Bio-Graph Training Complete.
   🔎 Tuned best alpha=0.00 (Val Acc: 88.4%)
   -> AIA after Task 5: 87.38% | Breakdown: ['88.5%', '82.0%', '87.6%', '89.1%', '89.7%']

   📚 Training Task 6/15
✅ Bio-Graph Training Complete.
   🔎 Tuned best alpha=0.30 (Val Acc: 87.4%)
   -> AIA after Task 6: 87.30% | Breakdown: ['88.2%', '79.4%', '87.6%', '87.6%', '90.8%', '90.2%']

   📚 Training Task 7/15
✅ Bio-Graph Training Complete.
   🔎 Tuned best alpha=0.50 (Val Acc: 86.6%)
   -> AIA after Task 7: 87.02% | Breakdown: ['88.9%', '79.4%', '87.5%', '86.6%', '89.7%', '88.7%', '88.3%']

   📚 Training Task 8/15
✅ Bio-Graph Training Complete.
   🔎 Tuned best alpha=1.00 (Val Acc: 86.2%)
   -> AIA after Task 8: 86.40% | Breakdown: ['88.1%', '78.3%', '86.2%', '86.6%', '88.9%', '88.6%', '87.1%', '87.5%']

   📚 Training Task 9/15
✅ Bio-Graph Training Complete.
   🔎 Tuned best alpha=1.00 (Val Acc: 84.6%)
   -> AIA after Task 9: 84.98% | Breakdown: ['87.8%', '77.4%', '85.9%', '86.0%', '87.2%', '86.5%', '86.4%', '85.0%', '82.5%']

   📚 Training Task 10/15
✅ Bio-Graph Training Complete.
   🔎 Tuned best alpha=0.70 (Val Acc: 83.1%)
   -> AIA after Task 10: 83.86% | Breakdown: ['87.9%', '77.0%', '85.5%', '84.9%', '85.2%', '86.1%', '86.0%', '83.5%', '81.0%', '81.4%']

   📚 Training Task 11/15
✅ Bio-Graph Training Complete.
   🔎 Tuned best alpha=0.80 (Val Acc: 82.9%)
   -> AIA after Task 11: 83.20% | Breakdown: ['87.7%', '77.0%', '84.9%', '84.3%', '84.0%', '85.5%', '85.7%', '83.0%', '78.7%', '80.4%', '84.0%']

   📚 Training Task 12/15
✅ Bio-Graph Training Complete.
   🔎 Tuned best alpha=1.00 (Val Acc: 82.4%)
   -> AIA after Task 12: 82.40% | Breakdown: ['86.1%', '76.0%', '84.0%', '84.3%', '83.4%', '84.6%', '85.5%', '82.0%', '78.5%', '80.2%', '83.9%', '80.3%']

   📚 Training Task 13/15
✅ Bio-Graph Training Complete.
   🔎 Tuned best alpha=1.00 (Val Acc: 81.2%)
   -> AIA after Task 13: 81.74% | Breakdown: ['85.7%', '74.0%', '83.6%', '82.9%', '82.2%', '83.5%', '84.4%', '82.1%', '78.8%', '80.2%', '83.3%', '79.6%', '82.0%']

   📚 Training Task 14/15
✅ Bio-Graph Training Complete.
   🔎 Tuned best alpha=0.80 (Val Acc: 81.0%)
   -> AIA after Task 14: 81.43% | Breakdown: ['85.3%', '74.9%', '84.1%', '83.1%', '82.9%', '82.3%', '84.8%', '81.0%', '77.8%', '79.9%', '81.8%', '79.0%', '80.5%', '82.7%']

   📚 Training Task 15/15
✅ Bio-Graph Training Complete.
   🔎 Tuned best alpha=0.90 (Val Acc: 80.3%)
   -> AIA after Task 15: 80.79% | Breakdown: ['84.6%', '73.3%', '83.5%', '82.2%', '82.0%', '80.0%', '84.3%', '80.6%', '76.9%', '79.1%', '81.9%', '78.5%', '80.3%', '81.6%', '83.1%']
✅ Memory trace saved → outputs/memory_trace_objectnet_siglip2.png / .svg
   🧠 Bio-Graph Memory Footprint: 182.69 MB
   ✅ Selected alpha: 1.00 (Tuned on 386 val samples)

   🏆 Pure CIL Metrics -> AIA: 80.79% | Forgetting: 5.82%
✅ Memory comparison saved → outputs/memory_comparison_objectnet_siglip2.png / .svg
🔄 Preparing Dataset: OBJECTNET...
   📐 Preprocessing: 384px, norm=custom
✅ ObjectNet found at ./data/objectnet/objectnet-1.0
ℹ️  Note: ObjectNet handled as 15 tasks of 20 classes. Split handled in main.py.
✅ Loaded 50273 images. Classes expected: 300
💾 Loading cached siglip2 features for objectnet (Train)...

🌱 --- Starting Run with Seed: 42 ---
   📦 Stream samples: 34855 | Val samples: 3865
   🚀 Training Bio-Inspired Graph (Hippocampus + Cortex)...

   🌀 --- PURE CIL MODE SCENARIO ---

   📚 Training Task 1/15
✅ Bio-Graph Training Complete.
   🔎 Tuned best alpha=0.30 (Val Acc: 94.7%)
   -> AIA after Task 1: 94.44% | Breakdown: ['94.4%']

   📚 Training Task 2/15
✅ Bio-Graph Training Complete.
   🔎 Tuned best alpha=1.00 (Val Acc: 90.4%)
   -> AIA after Task 2: 89.07% | Breakdown: ['91.1%', '87.0%']

   📚 Training Task 3/15
✅ Bio-Graph Training Complete.
   🔎 Tuned best alpha=0.70 (Val Acc: 91.4%)
   -> AIA after Task 3: 87.77% | Breakdown: ['90.3%', '84.2%', '88.7%']

   📚 Training Task 4/15
✅ Bio-Graph Training Complete.
   🔎 Tuned best alpha=0.80 (Val Acc: 89.1%)
   -> AIA after Task 4: 87.85% | Breakdown: ['89.5%', '82.8%', '89.1%', '89.9%']

   📚 Training Task 5/15
✅ Bio-Graph Training Complete.
   🔎 Tuned best alpha=1.00 (Val Acc: 88.3%)
   -> AIA after Task 5: 87.75% | Breakdown: ['88.9%', '80.8%', '88.4%', '89.4%', '91.3%']

   📚 Training Task 6/15
✅ Bio-Graph Training Complete.
   🔎 Tuned best alpha=0.90 (Val Acc: 87.8%)
   -> AIA after Task 6: 87.26% | Breakdown: ['89.5%', '78.2%', '87.5%', '87.9%', '91.3%', '89.2%']

   📚 Training Task 7/15
✅ Bio-Graph Training Complete.
   🔎 Tuned best alpha=0.80 (Val Acc: 86.9%)
   -> AIA after Task 7: 87.23% | Breakdown: ['89.3%', '79.2%', '87.1%', '87.0%', '90.3%', '89.2%', '88.6%']

   📚 Training Task 8/15
✅ Bio-Graph Training Complete.
   🔎 Tuned best alpha=0.80 (Val Acc: 86.4%)
   -> AIA after Task 8: 86.19% | Breakdown: ['88.1%', '77.9%', '86.8%', '87.2%', '88.6%', '88.3%', '86.5%', '86.1%']

   📚 Training Task 9/15
✅ Bio-Graph Training Complete.
   🔎 Tuned best alpha=1.00 (Val Acc: 84.6%)
   -> AIA after Task 9: 85.04% | Breakdown: ['87.0%', '76.7%', '86.8%', '86.0%', '87.2%', '86.8%', '86.9%', '84.5%', '83.4%']

   📚 Training Task 10/15
✅ Bio-Graph Training Complete.
   🔎 Tuned best alpha=1.00 (Val Acc: 83.6%)
   -> AIA after Task 10: 83.96% | Breakdown: ['87.4%', '76.3%', '85.7%', '85.0%', '86.1%', '86.1%', '86.5%', '82.6%', '82.4%', '81.5%']

   📚 Training Task 11/15
✅ Bio-Graph Training Complete.
   🔎 Tuned best alpha=0.80 (Val Acc: 83.1%)
   -> AIA after Task 11: 83.46% | Breakdown: ['87.5%', '76.4%', '85.0%', '85.3%', '84.5%', '85.5%', '85.8%', '82.6%', '79.7%', '80.9%', '84.5%']

   📚 Training Task 12/15
✅ Bio-Graph Training Complete.
   🔎 Tuned best alpha=0.50 (Val Acc: 82.3%)
   -> AIA after Task 12: 82.32% | Breakdown: ['87.3%', '76.4%', '85.0%', '83.8%', '83.0%', '84.6%', '84.6%', '81.0%', '78.1%', '80.4%', '84.0%', '79.5%']

   📚 Training Task 13/15
✅ Bio-Graph Training Complete.
   🔎 Tuned best alpha=0.90 (Val Acc: 81.5%)
   -> AIA after Task 13: 81.62% | Breakdown: ['86.4%', '74.3%', '83.9%', '83.4%', '82.0%', '82.9%', '85.0%', '81.3%', '79.0%', '80.4%', '83.5%', '77.6%', '81.4%']

   📚 Training Task 14/15
✅ Bio-Graph Training Complete.
   🔎 Tuned best alpha=0.90 (Val Acc: 81.3%)
   -> AIA after Task 14: 81.43% | Breakdown: ['86.0%', '74.4%', '83.8%', '83.1%', '82.0%', '82.3%', '85.0%', '81.0%', '77.4%', '79.7%', '83.0%', '78.1%', '81.4%', '82.9%']

   📚 Training Task 15/15
✅ Bio-Graph Training Complete.
   🔎 Tuned best alpha=1.00 (Val Acc: 80.7%)
   -> AIA after Task 15: 80.88% | Breakdown: ['84.4%', '72.5%', '82.6%', '81.7%', '81.2%', '80.6%', '84.4%', '81.5%', '78.1%', '78.5%', '83.5%', '77.2%', '81.7%', '81.6%', '83.7%']
✅ Memory trace saved → outputs/memory_trace_objectnet_siglip2.png / .svg
   🧠 Bio-Graph Memory Footprint: 182.50 MB
   ✅ Selected alpha: 0.70 (Tuned on 386 val samples)

   🏆 Pure CIL Metrics -> AIA: 80.88% | Forgetting: 5.70%
✅ Memory comparison saved → outputs/memory_comparison_objectnet_siglip2.png / .svg

🚀 [3/3] Node Count Sweep (Fixed alpha=0.5)...
🔄 Preparing Dataset: OBJECTNET...
   📐 Preprocessing: 384px, norm=custom
✅ ObjectNet found at ./data/objectnet/objectnet-1.0
ℹ️  Note: ObjectNet handled as 15 tasks of 20 classes. Split handled in main.py.
✅ Loaded 50273 images. Classes expected: 300
💾 Loading cached siglip2 features for objectnet (Train)...

🌱 --- Starting Run with Seed: 42 ---
   📦 Stream samples: 34855 | Val samples: 3865
   🚀 Training Bio-Inspired Graph (Hippocampus + Cortex)...

   🌀 --- PURE CIL MODE SCENARIO ---

   📚 Training Task 1/15
✅ Bio-Graph Training Complete.
   🔎 Tuned best alpha=0.00 (Val Acc: 68.8%)
   -> AIA after Task 1: 68.08% | Breakdown: ['68.1%']

   📚 Training Task 2/15
✅ Bio-Graph Training Complete.
   🔎 Tuned best alpha=0.00 (Val Acc: 50.4%)
   -> AIA after Task 2: 49.55% | Breakdown: ['68.1%', '31.0%']

   📚 Training Task 3/15
✅ Bio-Graph Training Complete.
   🔎 Tuned best alpha=0.00 (Val Acc: 47.8%)
   -> AIA after Task 3: 45.57% | Breakdown: ['65.8%', '25.2%', '45.7%']

   📚 Training Task 4/15
✅ Bio-Graph Training Complete.
   🔎 Tuned best alpha=0.30 (Val Acc: 45.4%)
   -> AIA after Task 4: 44.57% | Breakdown: ['58.9%', '25.1%', '43.4%', '50.9%']

   📚 Training Task 5/15
✅ Bio-Graph Training Complete.
   🔎 Tuned best alpha=0.00 (Val Acc: 47.4%)
   -> AIA after Task 5: 48.00% | Breakdown: ['54.3%', '17.5%', '42.1%', '48.6%', '77.5%']

   📚 Training Task 6/15
✅ Bio-Graph Training Complete.
   🔎 Tuned best alpha=0.30 (Val Acc: 47.9%)
   -> AIA after Task 6: 47.92% | Breakdown: ['54.4%', '17.8%', '41.4%', '46.5%', '77.6%', '49.7%']

   📚 Training Task 7/15
✅ Bio-Graph Training Complete.
   🔎 Tuned best alpha=0.00 (Val Acc: 46.9%)
   -> AIA after Task 7: 46.61% | Breakdown: ['54.2%', '15.9%', '41.7%', '46.2%', '76.6%', '49.9%', '41.8%']

   📚 Training Task 8/15
✅ Bio-Graph Training Complete.
   🔎 Tuned best alpha=0.30 (Val Acc: 48.9%)
   -> AIA after Task 8: 48.78% | Breakdown: ['53.4%', '15.5%', '40.8%', '43.8%', '76.8%', '47.1%', '41.6%', '71.3%']

   📚 Training Task 9/15
✅ Bio-Graph Training Complete.
   🔎 Tuned best alpha=0.70 (Val Acc: 45.9%)
   -> AIA after Task 9: 46.17% | Breakdown: ['51.1%', '15.6%', '40.4%', '42.7%', '75.1%', '46.6%', '40.4%', '69.9%', '33.5%']

   📚 Training Task 10/15
✅ Bio-Graph Training Complete.
   🔎 Tuned best alpha=0.30 (Val Acc: 43.9%)
   -> AIA after Task 10: 44.24% | Breakdown: ['48.9%', '14.1%', '39.6%', '42.9%', '73.1%', '45.9%', '40.9%', '67.9%', '34.2%', '34.7%']

   📚 Training Task 11/15
✅ Bio-Graph Training Complete.
   🔎 Tuned best alpha=1.00 (Val Acc: 42.9%)
   -> AIA after Task 11: 43.94% | Breakdown: ['47.4%', '13.7%', '39.4%', '41.5%', '72.3%', '45.3%', '41.6%', '66.3%', '33.2%', '34.4%', '48.3%']

   📚 Training Task 12/15
✅ Bio-Graph Training Complete.
   🔎 Tuned best alpha=1.00 (Val Acc: 41.8%)
   -> AIA after Task 12: 43.44% | Breakdown: ['43.8%', '13.2%', '39.0%', '41.1%', '71.1%', '44.9%', '38.8%', '63.3%', '31.9%', '33.9%', '48.1%', '52.2%']

   📚 Training Task 13/15
✅ Bio-Graph Training Complete.
   🔎 Tuned best alpha=1.00 (Val Acc: 39.6%)
   -> AIA after Task 13: 40.90% | Breakdown: ['43.6%', '13.4%', '38.7%', '39.7%', '69.1%', '43.7%', '37.8%', '63.6%', '31.9%', '34.4%', '46.7%', '49.5%', '19.5%']

   📚 Training Task 14/15
✅ Bio-Graph Training Complete.
   🔎 Tuned best alpha=1.00 (Val Acc: 40.8%)
   -> AIA after Task 14: 42.15% | Breakdown: ['44.2%', '11.6%', '38.1%', '39.4%', '69.9%', '43.0%', '36.5%', '62.4%', '30.2%', '33.8%', '46.4%', '48.3%', '18.1%', '68.2%']

   📚 Training Task 15/15
✅ Bio-Graph Training Complete.
   🔎 Tuned best alpha=1.00 (Val Acc: 40.1%)
   -> AIA after Task 15: 41.28% | Breakdown: ['42.4%', '10.8%', '36.3%', '39.7%', '69.6%', '43.1%', '37.6%', '61.4%', '28.9%', '33.1%', '46.5%', '47.7%', '16.9%', '69.0%', '36.1%']
✅ Memory trace saved → outputs/memory_trace_objectnet_siglip2.png / .svg
   🧠 Bio-Graph Memory Footprint: 40.53 MB
   ✅ Selected alpha: 0.30 (Tuned on 386 val samples)

   🏆 Pure CIL Metrics -> AIA: 41.28% | Forgetting: 7.93%
✅ Memory comparison saved → outputs/memory_comparison_objectnet_siglip2.png / .svg
🔄 Preparing Dataset: OBJECTNET...
   📐 Preprocessing: 384px, norm=custom
✅ ObjectNet found at ./data/objectnet/objectnet-1.0
ℹ️  Note: ObjectNet handled as 15 tasks of 20 classes. Split handled in main.py.
✅ Loaded 50273 images. Classes expected: 300
💾 Loading cached siglip2 features for objectnet (Train)...

🌱 --- Starting Run with Seed: 42 ---
   📦 Stream samples: 34855 | Val samples: 3865
   🚀 Training Bio-Inspired Graph (Hippocampus + Cortex)...

   🌀 --- PURE CIL MODE SCENARIO ---

   📚 Training Task 1/15
✅ Bio-Graph Training Complete.
   🔎 Tuned best alpha=0.00 (Val Acc: 96.7%)
   -> AIA after Task 1: 93.64% | Breakdown: ['93.6%']

   📚 Training Task 2/15
✅ Bio-Graph Training Complete.
   🔎 Tuned best alpha=0.00 (Val Acc: 81.2%)
   -> AIA after Task 2: 79.11% | Breakdown: ['83.2%', '75.0%']

   📚 Training Task 3/15
✅ Bio-Graph Training Complete.
   🔎 Tuned best alpha=0.50 (Val Acc: 84.2%)
   -> AIA after Task 3: 80.48% | Breakdown: ['84.0%', '78.9%', '78.5%']

   📚 Training Task 4/15
✅ Bio-Graph Training Complete.
   🔎 Tuned best alpha=0.70 (Val Acc: 84.2%)
   -> AIA after Task 4: 81.66% | Breakdown: ['84.8%', '79.7%', '80.4%', '81.7%']

   📚 Training Task 5/15
✅ Bio-Graph Training Complete.
   🔎 Tuned best alpha=0.50 (Val Acc: 84.2%)
   -> AIA after Task 5: 82.31% | Breakdown: ['84.1%', '78.2%', '81.1%', '81.0%', '87.2%']

   📚 Training Task 6/15
✅ Bio-Graph Training Complete.
   🔎 Tuned best alpha=0.80 (Val Acc: 84.7%)
   -> AIA after Task 6: 83.01% | Breakdown: ['84.9%', '76.0%', '82.4%', '81.4%', '87.4%', '86.0%']

   📚 Training Task 7/15
✅ Bio-Graph Training Complete.
   🔎 Tuned best alpha=1.00 (Val Acc: 84.5%)
   -> AIA after Task 7: 83.30% | Breakdown: ['84.2%', '76.3%', '82.6%', '81.0%', '87.9%', '86.0%', '85.1%']

   📚 Training Task 8/15
✅ Bio-Graph Training Complete.
   🔎 Tuned best alpha=1.00 (Val Acc: 84.4%)
   -> AIA after Task 8: 82.95% | Breakdown: ['84.2%', '75.2%', '83.0%', '80.7%', '86.7%', '85.4%', '84.4%', '84.0%']

   📚 Training Task 9/15
✅ Bio-Graph Training Complete.
   🔎 Tuned best alpha=0.90 (Val Acc: 82.8%)
   -> AIA after Task 9: 82.06% | Breakdown: ['84.1%', '75.9%', '81.8%', '80.4%', '85.0%', '84.6%', '84.1%', '83.3%', '79.2%']

   📚 Training Task 10/15
✅ Bio-Graph Training Complete.
   🔎 Tuned best alpha=1.00 (Val Acc: 81.7%)
   -> AIA after Task 10: 81.65% | Breakdown: ['83.8%', '75.2%', '82.2%', '80.2%', '84.4%', '84.2%', '84.4%', '82.3%', '79.7%', '80.1%']

   📚 Training Task 11/15
✅ Bio-Graph Training Complete.
   🔎 Tuned best alpha=0.90 (Val Acc: 81.2%)
   -> AIA after Task 11: 81.10% | Breakdown: ['81.3%', '74.9%', '82.4%', '79.9%', '82.9%', '83.9%', '83.4%', '82.1%', '78.3%', '78.5%', '84.5%']

   📚 Training Task 12/15
✅ Bio-Graph Training Complete.
   🔎 Tuned best alpha=1.00 (Val Acc: 80.6%)
   -> AIA after Task 12: 80.71% | Breakdown: ['83.0%', '74.7%', '81.7%', '79.3%', '81.5%', '83.8%', '82.9%', '81.5%', '77.8%', '78.1%', '83.9%', '80.5%']

   📚 Training Task 13/15
✅ Bio-Graph Training Complete.
   🔎 Tuned best alpha=0.50 (Val Acc: 80.0%)
   -> AIA after Task 13: 80.09% | Breakdown: ['81.3%', '73.6%', '82.0%', '78.2%', '81.5%', '82.5%', '83.7%', '82.0%', '78.1%', '78.3%', '84.0%', '77.3%', '78.6%']

   📚 Training Task 14/15
✅ Bio-Graph Training Complete.
   🔎 Tuned best alpha=0.70 (Val Acc: 79.7%)
   -> AIA after Task 14: 79.61% | Breakdown: ['80.7%', '73.4%', '82.4%', '78.1%', '81.3%', '82.2%', '81.8%', '81.5%', '77.2%', '78.0%', '83.0%', '78.3%', '78.4%', '78.4%']

   📚 Training Task 15/15
✅ Bio-Graph Training Complete.
   🔎 Tuned best alpha=1.00 (Val Acc: 78.8%)
   -> AIA after Task 15: 79.23% | Breakdown: ['80.0%', '72.1%', '81.7%', '77.9%', '79.8%', '80.7%', '83.0%', '81.0%', '77.6%', '77.7%', '83.0%', '78.5%', '75.7%', '77.7%', '82.0%']
✅ Memory trace saved → outputs/memory_trace_objectnet_siglip2.png / .svg
   🧠 Bio-Graph Memory Footprint: 104.32 MB
   ✅ Selected alpha: 0.90 (Tuned on 386 val samples)

   🏆 Pure CIL Metrics -> AIA: 79.23% | Forgetting: 4.02%
✅ Memory comparison saved → outputs/memory_comparison_objectnet_siglip2.png / .svg
🔄 Preparing Dataset: OBJECTNET...
   📐 Preprocessing: 384px, norm=custom
✅ ObjectNet found at ./data/objectnet/objectnet-1.0
ℹ️  Note: ObjectNet handled as 15 tasks of 20 classes. Split handled in main.py.
✅ Loaded 50273 images. Classes expected: 300
💾 Loading cached siglip2 features for objectnet (Train)...

🌱 --- Starting Run with Seed: 42 ---
   📦 Stream samples: 34855 | Val samples: 3865
   🚀 Training Bio-Inspired Graph (Hippocampus + Cortex)...

   🌀 --- PURE CIL MODE SCENARIO ---

   📚 Training Task 1/15
✅ Bio-Graph Training Complete.
   🔎 Tuned best alpha=0.00 (Val Acc: 94.4%)
   -> AIA after Task 1: 93.64% | Breakdown: ['93.6%']

   📚 Training Task 2/15
✅ Bio-Graph Training Complete.
   🔎 Tuned best alpha=0.30 (Val Acc: 91.9%)
   -> AIA after Task 2: 88.88% | Breakdown: ['91.3%', '86.5%']

   📚 Training Task 3/15
✅ Bio-Graph Training Complete.
   🔎 Tuned best alpha=0.30 (Val Acc: 91.4%)
   -> AIA after Task 3: 87.94% | Breakdown: ['90.1%', '84.7%', '89.0%']

   📚 Training Task 4/15
✅ Bio-Graph Training Complete.
   🔎 Tuned best alpha=0.30 (Val Acc: 89.7%)
   -> AIA after Task 4: 87.60% | Breakdown: ['88.3%', '84.1%', '88.2%', '89.7%']

   📚 Training Task 5/15
✅ Bio-Graph Training Complete.
   🔎 Tuned best alpha=0.50 (Val Acc: 88.5%)
   -> AIA after Task 5: 87.49% | Breakdown: ['88.1%', '81.3%', '87.9%', '89.3%', '90.9%']

   📚 Training Task 6/15
✅ Bio-Graph Training Complete.
   🔎 Tuned best alpha=0.70 (Val Acc: 87.6%)
   -> AIA after Task 6: 87.20% | Breakdown: ['88.6%', '79.1%', '87.0%', '88.1%', '91.6%', '88.9%']

   📚 Training Task 7/15
✅ Bio-Graph Training Complete.
   🔎 Tuned best alpha=0.80 (Val Acc: 86.7%)
   -> AIA after Task 7: 86.73% | Breakdown: ['88.2%', '78.4%', '86.8%', '86.9%', '90.1%', '88.7%', '87.9%']

   📚 Training Task 8/15
✅ Bio-Graph Training Complete.
   🔎 Tuned best alpha=0.90 (Val Acc: 86.7%)
   -> AIA after Task 8: 86.26% | Breakdown: ['88.5%', '78.1%', '86.4%', '86.0%', '89.1%', '88.0%', '87.2%', '86.8%']

   📚 Training Task 9/15
✅ Bio-Graph Training Complete.
   🔎 Tuned best alpha=1.00 (Val Acc: 84.8%)
   -> AIA after Task 9: 85.08% | Breakdown: ['87.5%', '76.8%', '86.6%', '85.8%', '87.9%', '86.4%', '87.4%', '85.5%', '81.8%']

   📚 Training Task 10/15
✅ Bio-Graph Training Complete.
   🔎 Tuned best alpha=1.00 (Val Acc: 83.9%)
   -> AIA after Task 10: 84.08% | Breakdown: ['87.4%', '76.5%', '84.9%', '86.0%', '86.2%', '85.8%', '87.1%', '84.0%', '80.8%', '82.2%']

   📚 Training Task 11/15
✅ Bio-Graph Training Complete.
   🔎 Tuned best alpha=0.90 (Val Acc: 83.6%)
   -> AIA after Task 11: 83.51% | Breakdown: ['87.3%', '76.7%', '85.0%', '85.0%', '84.5%', '86.1%', '85.5%', '84.0%', '78.8%', '80.4%', '85.2%']

   📚 Training Task 12/15
✅ Bio-Graph Training Complete.
   🔎 Tuned best alpha=0.70 (Val Acc: 82.6%)
   -> AIA after Task 12: 82.53% | Breakdown: ['86.6%', '76.8%', '84.3%', '83.8%', '83.5%', '85.5%', '84.8%', '82.0%', '77.8%', '79.7%', '84.2%', '81.3%']

   📚 Training Task 13/15
✅ Bio-Graph Training Complete.
   🔎 Tuned best alpha=0.70 (Val Acc: 81.6%)
   -> AIA after Task 13: 81.62% | Breakdown: ['86.5%', '75.5%', '84.3%', '83.2%', '82.7%', '83.2%', '83.9%', '81.8%', '78.1%', '79.6%', '83.5%', '77.8%', '80.9%']

   📚 Training Task 14/15
✅ Bio-Graph Training Complete.
   🔎 Tuned best alpha=0.80 (Val Acc: 81.2%)
   -> AIA after Task 14: 81.51% | Breakdown: ['85.4%', '75.2%', '84.0%', '82.9%', '83.0%', '83.3%', '84.4%', '82.1%', '76.9%', '79.3%', '83.2%', '77.8%', '81.1%', '82.4%']

   📚 Training Task 15/15
✅ Bio-Graph Training Complete.
   🔎 Tuned best alpha=0.70 (Val Acc: 80.4%)
   -> AIA after Task 15: 80.79% | Breakdown: ['85.4%', '73.6%', '83.2%', '82.6%', '82.2%', '80.7%', '84.1%', '81.0%', '76.7%', '78.8%', '82.6%', '77.3%', '79.7%', '81.1%', '82.8%']
✅ Memory trace saved → outputs/memory_trace_objectnet_siglip2.png / .svg
   🧠 Bio-Graph Memory Footprint: 174.64 MB
   ✅ Selected alpha: 0.70 (Tuned on 386 val samples)

   🏆 Pure CIL Metrics -> AIA: 80.79% | Forgetting: 5.64%
✅ Memory comparison saved → outputs/memory_comparison_objectnet_siglip2.png / .svg
🔄 Preparing Dataset: OBJECTNET...
   📐 Preprocessing: 384px, norm=custom
✅ ObjectNet found at ./data/objectnet/objectnet-1.0
ℹ️  Note: ObjectNet handled as 15 tasks of 20 classes. Split handled in main.py.
✅ Loaded 50273 images. Classes expected: 300
💾 Loading cached siglip2 features for objectnet (Train)...

🌱 --- Starting Run with Seed: 42 ---
   📦 Stream samples: 34855 | Val samples: 3865
   🚀 Training Bio-Inspired Graph (Hippocampus + Cortex)...

   🌀 --- PURE CIL MODE SCENARIO ---

   📚 Training Task 1/15
✅ Bio-Graph Training Complete.
   🔎 Tuned best alpha=0.00 (Val Acc: 94.0%)
   -> AIA after Task 1: 94.83% | Breakdown: ['94.8%']

   📚 Training Task 2/15
✅ Bio-Graph Training Complete.
   🔎 Tuned best alpha=1.00 (Val Acc: 91.6%)
   -> AIA after Task 2: 89.27% | Breakdown: ['91.7%', '86.9%']

   📚 Training Task 3/15
✅ Bio-Graph Training Complete.
   🔎 Tuned best alpha=0.50 (Val Acc: 91.3%)
   -> AIA after Task 3: 87.60% | Breakdown: ['89.9%', '84.4%', '88.5%']

   📚 Training Task 4/15
✅ Bio-Graph Training Complete.
   🔎 Tuned best alpha=0.50 (Val Acc: 89.5%)
   -> AIA after Task 4: 87.71% | Breakdown: ['88.6%', '83.4%', '89.0%', '89.9%']

   📚 Training Task 5/15
✅ Bio-Graph Training Complete.
   🔎 Tuned best alpha=0.00 (Val Acc: 88.4%)
   -> AIA after Task 5: 87.38% | Breakdown: ['88.5%', '82.0%', '87.6%', '89.1%', '89.7%']

   📚 Training Task 6/15
✅ Bio-Graph Training Complete.
   🔎 Tuned best alpha=0.30 (Val Acc: 87.4%)
   -> AIA after Task 6: 87.30% | Breakdown: ['88.2%', '79.4%', '87.6%', '87.6%', '90.8%', '90.2%']

   📚 Training Task 7/15
✅ Bio-Graph Training Complete.
   🔎 Tuned best alpha=0.50 (Val Acc: 86.6%)
   -> AIA after Task 7: 87.02% | Breakdown: ['88.9%', '79.4%', '87.5%', '86.6%', '89.7%', '88.7%', '88.3%']

   📚 Training Task 8/15
✅ Bio-Graph Training Complete.
   🔎 Tuned best alpha=1.00 (Val Acc: 86.2%)
   -> AIA after Task 8: 86.40% | Breakdown: ['88.1%', '78.3%', '86.2%', '86.6%', '88.9%', '88.6%', '87.1%', '87.5%']

   📚 Training Task 9/15
✅ Bio-Graph Training Complete.
   🔎 Tuned best alpha=1.00 (Val Acc: 84.6%)
   -> AIA after Task 9: 84.98% | Breakdown: ['87.8%', '77.4%', '85.9%', '86.0%', '87.2%', '86.5%', '86.4%', '85.0%', '82.5%']

   📚 Training Task 10/15
✅ Bio-Graph Training Complete.
   🔎 Tuned best alpha=0.70 (Val Acc: 83.1%)
   -> AIA after Task 10: 83.86% | Breakdown: ['87.9%', '77.0%', '85.5%', '84.9%', '85.2%', '86.1%', '86.0%', '83.5%', '81.0%', '81.4%']

   📚 Training Task 11/15
✅ Bio-Graph Training Complete.
   🔎 Tuned best alpha=0.80 (Val Acc: 82.9%)
   -> AIA after Task 11: 83.20% | Breakdown: ['87.7%', '77.0%', '84.9%', '84.3%', '84.0%', '85.5%', '85.7%', '83.0%', '78.7%', '80.4%', '84.0%']

   📚 Training Task 12/15
✅ Bio-Graph Training Complete.
   🔎 Tuned best alpha=1.00 (Val Acc: 82.4%)
   -> AIA after Task 12: 82.40% | Breakdown: ['86.1%', '76.0%', '84.0%', '84.3%', '83.4%', '84.6%', '85.5%', '82.0%', '78.5%', '80.2%', '83.9%', '80.3%']

   📚 Training Task 13/15
✅ Bio-Graph Training Complete.
   🔎 Tuned best alpha=1.00 (Val Acc: 81.2%)
   -> AIA after Task 13: 81.74% | Breakdown: ['85.7%', '74.0%', '83.6%', '82.9%', '82.2%', '83.5%', '84.4%', '82.1%', '78.8%', '80.2%', '83.3%', '79.6%', '82.0%']

   📚 Training Task 14/15
✅ Bio-Graph Training Complete.
   🔎 Tuned best alpha=0.80 (Val Acc: 81.0%)
   -> AIA after Task 14: 81.43% | Breakdown: ['85.3%', '74.9%', '84.1%', '83.1%', '82.9%', '82.3%', '84.8%', '81.0%', '77.8%', '79.9%', '81.8%', '79.0%', '80.5%', '82.7%']

   📚 Training Task 15/15
✅ Bio-Graph Training Complete.
   🔎 Tuned best alpha=0.90 (Val Acc: 80.3%)
   -> AIA after Task 15: 80.79% | Breakdown: ['84.6%', '73.3%', '83.5%', '82.2%', '82.0%', '80.0%', '84.3%', '80.6%', '76.9%', '79.1%', '81.9%', '78.5%', '80.3%', '81.6%', '83.1%']
✅ Memory trace saved → outputs/memory_trace_objectnet_siglip2.png / .svg
   🧠 Bio-Graph Memory Footprint: 182.69 MB
   ✅ Selected alpha: 1.00 (Tuned on 386 val samples)

   🏆 Pure CIL Metrics -> AIA: 80.79% | Forgetting: 5.82%
✅ Memory comparison saved → outputs/memory_comparison_objectnet_siglip2.png / .svg

✅ Ablations complete. Saved to results/sweep/ablation_objectnet_siglip2_p512_seed42.json
