🔄 Preparing Dataset: TINYIMAGENET...
   📐 Preprocessing: 224px, norm=custom
✅ Tiny-ImageNet found at ./data/tiny-imagenet-200
✅ Loaded 100000 images. Classes expected: 200
💾 Loading cached dinov3 features for tinyimagenet (Train)...

🚀 [1/3] Component Ablation Table...

📏 Running Standalone NCM Baseline (Stage 1 Logic)...
🔄 Preparing Dataset: TINYIMAGENET...
   📐 Preprocessing: 224px, norm=custom
✅ Tiny-ImageNet found at ./data/tiny-imagenet-200
✅ Loaded 100000 images. Classes expected: 200
💾 Loading cached dinov3 features for tinyimagenet (Train)...

🌱 --- Starting Run with Seed: 42 ---
   📦 Stream samples: 72000 | Val samples: 8000
   🚀 Training Bio-Inspired Graph (Hippocampus + Cortex)...

   🌀 --- PURE CIL MODE SCENARIO ---

   📚 Training Task 1/20
✅ Bio-Graph Training Complete.
   ℹ️  Fixed Alpha Ablation: Using alpha=0.00
   -> AIA after Task 1: 95.10% | Breakdown: ['95.1%']

   📚 Training Task 2/20
✅ Bio-Graph Training Complete.
   ℹ️  Fixed Alpha Ablation: Using alpha=0.00
   -> AIA after Task 2: 94.30% | Breakdown: ['94.0%', '94.6%']

   📚 Training Task 3/20
✅ Bio-Graph Training Complete.
   ℹ️  Fixed Alpha Ablation: Using alpha=0.00
   -> AIA after Task 3: 95.13% | Breakdown: ['94.2%', '94.8%', '96.4%']

   📚 Training Task 4/20
✅ Bio-Graph Training Complete.
   ℹ️  Fixed Alpha Ablation: Using alpha=0.00
   -> AIA after Task 4: 92.67% | Breakdown: ['93.2%', '94.4%', '95.2%', '87.9%']

   📚 Training Task 5/20
✅ Bio-Graph Training Complete.
   ℹ️  Fixed Alpha Ablation: Using alpha=0.00
   -> AIA after Task 5: 93.36% | Breakdown: ['93.9%', '93.9%', '95.0%', '88.2%', '95.8%']

   📚 Training Task 6/20
✅ Bio-Graph Training Complete.
   ℹ️  Fixed Alpha Ablation: Using alpha=0.00
   -> AIA after Task 6: 94.48% | Breakdown: ['94.1%', '94.4%', '95.6%', '89.9%', '95.5%', '97.4%']

   📚 Training Task 7/20
✅ Bio-Graph Training Complete.
   ℹ️  Fixed Alpha Ablation: Using alpha=0.00
   -> AIA after Task 7: 95.06% | Breakdown: ['94.5%', '94.7%', '96.0%', '90.1%', '96.0%', '97.4%', '96.7%']

   📚 Training Task 8/20
✅ Bio-Graph Training Complete.
   ℹ️  Fixed Alpha Ablation: Using alpha=0.00
   -> AIA after Task 8: 95.19% | Breakdown: ['94.4%', '94.7%', '96.2%', '90.1%', '96.0%', '97.5%', '97.2%', '95.4%']

   📚 Training Task 9/20
✅ Bio-Graph Training Complete.
   ℹ️  Fixed Alpha Ablation: Using alpha=0.00
   -> AIA after Task 9: 95.33% | Breakdown: ['95.1%', '94.7%', '96.6%', '90.9%', '95.7%', '97.5%', '96.2%', '95.5%', '95.8%']

   📚 Training Task 10/20
✅ Bio-Graph Training Complete.
   ℹ️  Fixed Alpha Ablation: Using alpha=0.00
   -> AIA after Task 10: 95.43% | Breakdown: ['95.0%', '94.9%', '96.3%', '91.3%', '95.9%', '97.7%', '96.1%', '94.5%', '95.6%', '97.0%']

   📚 Training Task 11/20
✅ Bio-Graph Training Complete.
   ℹ️  Fixed Alpha Ablation: Using alpha=0.00
   -> AIA after Task 11: 95.59% | Breakdown: ['94.8%', '95.4%', '96.3%', '91.2%', '95.7%', '97.7%', '96.0%', '94.6%', '95.3%', '96.9%', '97.6%']

   📚 Training Task 12/20
✅ Bio-Graph Training Complete.
   ℹ️  Fixed Alpha Ablation: Using alpha=0.00
   -> AIA after Task 12: 95.55% | Breakdown: ['94.8%', '95.0%', '96.4%', '91.7%', '95.4%', '97.8%', '95.1%', '94.3%', '94.5%', '97.1%', '96.7%', '97.8%']

   📚 Training Task 13/20
✅ Bio-Graph Training Complete.
   ℹ️  Fixed Alpha Ablation: Using alpha=0.00
   -> AIA after Task 13: 95.57% | Breakdown: ['94.8%', '95.0%', '96.7%', '91.4%', '95.5%', '97.9%', '95.1%', '94.0%', '94.1%', '96.9%', '96.6%', '97.0%', '97.4%']

   📚 Training Task 14/20
✅ Bio-Graph Training Complete.
   ℹ️  Fixed Alpha Ablation: Using alpha=0.00
   -> AIA after Task 14: 94.98% | Breakdown: ['95.0%', '94.8%', '96.4%', '91.3%', '95.3%', '97.7%', '94.7%', '92.0%', '94.0%', '96.4%', '96.1%', '97.1%', '96.0%', '92.9%']

   📚 Training Task 15/20
✅ Bio-Graph Training Complete.
   ℹ️  Fixed Alpha Ablation: Using alpha=0.00
   -> AIA after Task 15: 94.87% | Breakdown: ['94.9%', '95.1%', '96.3%', '90.8%', '95.2%', '97.7%', '95.0%', '91.6%', '93.8%', '95.7%', '95.9%', '95.6%', '95.6%', '92.8%', '97.1%']

   📚 Training Task 16/20
✅ Bio-Graph Training Complete.
   ℹ️  Fixed Alpha Ablation: Using alpha=0.00
   -> AIA after Task 16: 94.53% | Breakdown: ['94.6%', '94.8%', '96.4%', '91.4%', '95.5%', '97.7%', '95.0%', '91.4%', '93.5%', '93.6%', '95.9%', '95.2%', '94.9%', '91.9%', '96.7%', '93.9%']

   📚 Training Task 17/20
✅ Bio-Graph Training Complete.
   ℹ️  Fixed Alpha Ablation: Using alpha=0.00
   -> AIA after Task 17: 94.48% | Breakdown: ['94.5%', '94.3%', '96.7%', '91.8%', '95.3%', '97.6%', '94.6%', '91.4%', '93.0%', '93.5%', '95.5%', '94.6%', '95.0%', '91.6%', '96.4%', '93.6%', '96.7%']

   📚 Training Task 18/20
✅ Bio-Graph Training Complete.
   ℹ️  Fixed Alpha Ablation: Using alpha=0.00
   -> AIA after Task 18: 94.21% | Breakdown: ['94.4%', '93.7%', '96.5%', '91.6%', '95.5%', '97.6%', '94.5%', '91.6%', '93.3%', '93.0%', '94.1%', '94.8%', '94.7%', '91.4%', '96.3%', '93.6%', '96.2%', '93.0%']

   📚 Training Task 19/20
✅ Bio-Graph Training Complete.
   ℹ️  Fixed Alpha Ablation: Using alpha=0.00
   -> AIA after Task 19: 94.30% | Breakdown: ['94.4%', '94.1%', '96.8%', '91.1%', '95.6%', '97.3%', '94.7%', '91.9%', '92.8%', '92.9%', '94.5%', '94.7%', '94.7%', '91.8%', '96.8%', '93.9%', '96.2%', '93.0%', '94.5%']

   📚 Training Task 20/20
✅ Bio-Graph Training Complete.
   ℹ️  Fixed Alpha Ablation: Using alpha=0.00
   -> AIA after Task 20: 93.79% | Breakdown: ['94.2%', '92.2%', '96.3%', '91.2%', '95.1%', '97.1%', '94.2%', '91.2%', '93.2%', '92.6%', '94.3%', '94.6%', '94.5%', '91.1%', '96.3%', '93.1%', '96.2%', '92.7%', '93.4%', '92.2%']
✅ Memory trace saved → outputs/memory_trace_tinyimagenet_dinov3.png / .svg
   🧠 Bio-Graph Memory Footprint: 564.54 MB
   ℹ️  Fixed Alpha Ablation: Using alpha=0.00 (Tuning skipped)

   🏆 Pure CIL Metrics -> AIA: 93.79% | Forgetting: 1.89%
✅ Memory comparison saved → outputs/memory_comparison_tinyimagenet_dinov3.png / .svg
🔄 Preparing Dataset: TINYIMAGENET...
   📐 Preprocessing: 224px, norm=custom
✅ Tiny-ImageNet found at ./data/tiny-imagenet-200
✅ Loaded 100000 images. Classes expected: 200
💾 Loading cached dinov3 features for tinyimagenet (Train)...

🌱 --- Starting Run with Seed: 42 ---
   📦 Stream samples: 72000 | Val samples: 8000
   🚀 Training Bio-Inspired Graph (Hippocampus + Cortex)...

   🌀 --- PURE CIL MODE SCENARIO ---

   📚 Training Task 1/20
✅ Bio-Graph Training Complete.
   ℹ️  Fixed Alpha Ablation: Using alpha=1.00
   -> AIA after Task 1: 95.10% | Breakdown: ['95.1%']

   📚 Training Task 2/20
✅ Bio-Graph Training Complete.
   ℹ️  Fixed Alpha Ablation: Using alpha=1.00
   -> AIA after Task 2: 94.35% | Breakdown: ['94.0%', '94.7%']

   📚 Training Task 3/20
✅ Bio-Graph Training Complete.
   ℹ️  Fixed Alpha Ablation: Using alpha=1.00
   -> AIA after Task 3: 95.27% | Breakdown: ['94.3%', '95.0%', '96.5%']

   📚 Training Task 4/20
✅ Bio-Graph Training Complete.
   ℹ️  Fixed Alpha Ablation: Using alpha=1.00
   -> AIA after Task 4: 92.90% | Breakdown: ['93.5%', '94.6%', '95.5%', '88.0%']

   📚 Training Task 5/20
✅ Bio-Graph Training Complete.
   ℹ️  Fixed Alpha Ablation: Using alpha=1.00
   -> AIA after Task 5: 93.48% | Breakdown: ['94.1%', '93.9%', '95.1%', '88.4%', '95.9%']

   📚 Training Task 6/20
✅ Bio-Graph Training Complete.
   ℹ️  Fixed Alpha Ablation: Using alpha=1.00
   -> AIA after Task 6: 94.55% | Breakdown: ['94.3%', '94.5%', '95.8%', '89.7%', '95.5%', '97.5%']

   📚 Training Task 7/20
✅ Bio-Graph Training Complete.
   ℹ️  Fixed Alpha Ablation: Using alpha=1.00
   -> AIA after Task 7: 95.11% | Breakdown: ['94.6%', '94.9%', '96.1%', '90.1%', '96.0%', '97.4%', '96.7%']

   📚 Training Task 8/20
✅ Bio-Graph Training Complete.
   ℹ️  Fixed Alpha Ablation: Using alpha=1.00
   -> AIA after Task 8: 95.28% | Breakdown: ['94.3%', '95.0%', '96.2%', '90.4%', '96.1%', '97.4%', '97.4%', '95.4%']

   📚 Training Task 9/20
✅ Bio-Graph Training Complete.
   ℹ️  Fixed Alpha Ablation: Using alpha=1.00
   -> AIA after Task 9: 95.33% | Breakdown: ['94.8%', '94.8%', '96.6%', '90.7%', '95.8%', '97.5%', '96.4%', '95.6%', '95.8%']

   📚 Training Task 10/20
✅ Bio-Graph Training Complete.
   ℹ️  Fixed Alpha Ablation: Using alpha=1.00
   -> AIA after Task 10: 95.44% | Breakdown: ['94.9%', '95.0%', '96.4%', '91.3%', '95.9%', '97.8%', '96.1%', '94.6%', '95.6%', '96.8%']

   📚 Training Task 11/20
✅ Bio-Graph Training Complete.
   ℹ️  Fixed Alpha Ablation: Using alpha=1.00
   -> AIA after Task 11: 95.65% | Breakdown: ['94.9%', '95.5%', '96.4%', '91.4%', '95.8%', '97.8%', '96.1%', '94.8%', '95.4%', '96.6%', '97.5%']

   📚 Training Task 12/20
✅ Bio-Graph Training Complete.
   ℹ️  Fixed Alpha Ablation: Using alpha=1.00
   -> AIA after Task 12: 95.56% | Breakdown: ['94.8%', '95.1%', '96.1%', '91.8%', '95.3%', '97.8%', '95.1%', '94.5%', '94.6%', '97.1%', '96.8%', '97.7%']

   📚 Training Task 13/20
✅ Bio-Graph Training Complete.
   ℹ️  Fixed Alpha Ablation: Using alpha=1.00
   -> AIA after Task 13: 95.57% | Breakdown: ['95.0%', '95.1%', '96.5%', '91.4%', '95.2%', '97.8%', '95.1%', '94.0%', '94.3%', '96.8%', '96.7%', '97.1%', '97.4%']

   📚 Training Task 14/20
✅ Bio-Graph Training Complete.
   ℹ️  Fixed Alpha Ablation: Using alpha=1.00
   -> AIA after Task 14: 94.93% | Breakdown: ['94.5%', '95.3%', '96.5%', '91.0%', '95.0%', '97.7%', '94.8%', '92.0%', '94.0%', '96.4%', '95.6%', '97.2%', '96.0%', '93.0%']

   📚 Training Task 15/20
✅ Bio-Graph Training Complete.
   ℹ️  Fixed Alpha Ablation: Using alpha=1.00
   -> AIA after Task 15: 94.90% | Breakdown: ['94.4%', '95.3%', '96.6%', '91.3%', '94.9%', '97.7%', '94.9%', '91.7%', '93.8%', '96.0%', '95.7%', '95.8%', '95.5%', '92.7%', '97.2%']

   📚 Training Task 16/20
✅ Bio-Graph Training Complete.
   ℹ️  Fixed Alpha Ablation: Using alpha=1.00
   -> AIA after Task 16: 94.50% | Breakdown: ['94.1%', '95.1%', '96.8%', '91.1%', '95.2%', '97.6%', '95.0%', '91.2%', '93.4%', '93.7%', '95.7%', '95.3%', '95.1%', '91.9%', '96.9%', '93.9%']

   📚 Training Task 17/20
✅ Bio-Graph Training Complete.
   ℹ️  Fixed Alpha Ablation: Using alpha=1.00
   -> AIA after Task 17: 94.46% | Breakdown: ['94.1%', '94.7%', '96.8%', '91.3%', '95.2%', '97.5%', '94.7%', '91.4%', '93.0%', '93.5%', '95.2%', '94.7%', '94.9%', '91.5%', '96.8%', '93.8%', '96.7%']

   📚 Training Task 18/20
✅ Bio-Graph Training Complete.
   ℹ️  Fixed Alpha Ablation: Using alpha=1.00
   -> AIA after Task 18: 94.11% | Breakdown: ['94.0%', '94.0%', '96.5%', '91.1%', '95.3%', '97.6%', '94.3%', '91.2%', '93.3%', '92.9%', '94.0%', '94.7%', '94.4%', '91.3%', '96.4%', '93.9%', '96.0%', '93.0%']

   📚 Training Task 19/20
✅ Bio-Graph Training Complete.
   ℹ️  Fixed Alpha Ablation: Using alpha=1.00
   -> AIA after Task 19: 94.23% | Breakdown: ['94.0%', '94.1%', '96.9%', '91.0%', '95.6%', '97.3%', '94.3%', '91.7%', '92.7%', '92.7%', '94.5%', '94.9%', '94.6%', '91.7%', '96.8%', '93.8%', '96.1%', '93.0%', '94.7%']

   📚 Training Task 20/20
✅ Bio-Graph Training Complete.
   ℹ️  Fixed Alpha Ablation: Using alpha=1.00
   -> AIA after Task 20: 93.64% | Breakdown: ['93.9%', '92.0%', '96.5%', '90.8%', '95.3%', '97.2%', '93.7%', '91.0%', '93.0%', '92.2%', '93.9%', '94.7%', '94.3%', '91.4%', '96.3%', '93.0%', '96.1%', '92.5%', '93.5%', '91.5%']
✅ Memory trace saved → outputs/memory_trace_tinyimagenet_dinov3.png / .svg
   🧠 Bio-Graph Memory Footprint: 564.54 MB
   ℹ️  Fixed Alpha Ablation: Using alpha=1.00 (Tuning skipped)

   🏆 Pure CIL Metrics -> AIA: 93.64% | Forgetting: 2.05%
✅ Memory comparison saved → outputs/memory_comparison_tinyimagenet_dinov3.png / .svg
🔄 Preparing Dataset: TINYIMAGENET...
   📐 Preprocessing: 224px, norm=custom
✅ Tiny-ImageNet found at ./data/tiny-imagenet-200
✅ Loaded 100000 images. Classes expected: 200
💾 Loading cached dinov3 features for tinyimagenet (Train)...

🌱 --- Starting Run with Seed: 42 ---
   📦 Stream samples: 72000 | Val samples: 8000
   🚀 Training Bio-Inspired Graph (Hippocampus + Cortex)...

   🌀 --- PURE CIL MODE SCENARIO ---

   📚 Training Task 1/20
✅ Bio-Graph Training Complete.
   🔎 Tuned best alpha=0.00 (Val Acc: 96.0%)
   -> AIA after Task 1: 95.10% | Breakdown: ['95.1%']

   📚 Training Task 2/20
✅ Bio-Graph Training Complete.
   🔎 Tuned best alpha=0.30 (Val Acc: 95.2%)
   -> AIA after Task 2: 94.30% | Breakdown: ['94.0%', '94.6%']

   📚 Training Task 3/20
✅ Bio-Graph Training Complete.
   🔎 Tuned best alpha=0.00 (Val Acc: 95.4%)
   -> AIA after Task 3: 95.13% | Breakdown: ['94.2%', '94.8%', '96.4%']

   📚 Training Task 4/20
✅ Bio-Graph Training Complete.
   🔎 Tuned best alpha=0.00 (Val Acc: 94.3%)
   -> AIA after Task 4: 92.67% | Breakdown: ['93.2%', '94.4%', '95.2%', '87.9%']

   📚 Training Task 5/20
✅ Bio-Graph Training Complete.
   🔎 Tuned best alpha=0.00 (Val Acc: 94.6%)
   -> AIA after Task 5: 93.36% | Breakdown: ['93.9%', '93.9%', '95.0%', '88.2%', '95.8%']

   📚 Training Task 6/20
✅ Bio-Graph Training Complete.
   🔎 Tuned best alpha=0.30 (Val Acc: 95.5%)
   -> AIA after Task 6: 94.55% | Breakdown: ['94.1%', '94.5%', '95.6%', '90.0%', '95.6%', '97.5%']

   📚 Training Task 7/20
✅ Bio-Graph Training Complete.
   🔎 Tuned best alpha=0.00 (Val Acc: 95.9%)
   -> AIA after Task 7: 95.06% | Breakdown: ['94.5%', '94.7%', '96.0%', '90.1%', '96.0%', '97.4%', '96.7%']

   📚 Training Task 8/20
✅ Bio-Graph Training Complete.
   🔎 Tuned best alpha=1.00 (Val Acc: 96.0%)
   -> AIA after Task 8: 95.28% | Breakdown: ['94.3%', '95.0%', '96.2%', '90.4%', '96.1%', '97.4%', '97.4%', '95.4%']

   📚 Training Task 9/20
✅ Bio-Graph Training Complete.
   🔎 Tuned best alpha=0.30 (Val Acc: 96.0%)
   -> AIA after Task 9: 95.33% | Breakdown: ['95.0%', '94.7%', '96.6%', '90.8%', '95.7%', '97.5%', '96.3%', '95.6%', '95.8%']

   📚 Training Task 10/20
✅ Bio-Graph Training Complete.
   🔎 Tuned best alpha=0.70 (Val Acc: 95.7%)
   -> AIA after Task 10: 95.45% | Breakdown: ['94.9%', '95.1%', '96.4%', '91.1%', '96.0%', '97.8%', '96.1%', '94.6%', '95.6%', '96.9%']

   📚 Training Task 11/20
✅ Bio-Graph Training Complete.
   🔎 Tuned best alpha=1.00 (Val Acc: 96.0%)
   -> AIA after Task 11: 95.65% | Breakdown: ['94.9%', '95.5%', '96.4%', '91.4%', '95.8%', '97.8%', '96.1%', '94.8%', '95.4%', '96.6%', '97.5%']

   📚 Training Task 12/20
✅ Bio-Graph Training Complete.
   🔎 Tuned best alpha=0.70 (Val Acc: 96.1%)
   -> AIA after Task 12: 95.54% | Breakdown: ['94.8%', '95.2%', '96.1%', '91.4%', '95.5%', '97.8%', '95.1%', '94.3%', '94.6%', '97.2%', '96.7%', '97.8%']

   📚 Training Task 13/20
✅ Bio-Graph Training Complete.
   🔎 Tuned best alpha=0.50 (Val Acc: 96.1%)
   -> AIA after Task 13: 95.61% | Breakdown: ['94.9%', '95.1%', '96.6%', '91.3%', '95.6%', '97.9%', '95.1%', '94.0%', '94.3%', '96.9%', '96.7%', '97.1%', '97.4%']

   📚 Training Task 14/20
✅ Bio-Graph Training Complete.
   🔎 Tuned best alpha=0.30 (Val Acc: 95.8%)
   -> AIA after Task 14: 94.99% | Breakdown: ['94.8%', '95.0%', '96.3%', '91.3%', '95.4%', '97.7%', '94.8%', '92.0%', '94.1%', '96.5%', '96.0%', '97.1%', '96.0%', '92.9%']

   📚 Training Task 15/20
✅ Bio-Graph Training Complete.
   🔎 Tuned best alpha=0.70 (Val Acc: 95.7%)
   -> AIA after Task 15: 94.93% | Breakdown: ['94.8%', '95.1%', '96.5%', '91.1%', '95.0%', '97.7%', '94.9%', '91.8%', '93.8%', '95.9%', '96.0%', '95.7%', '95.6%', '92.8%', '97.2%']

   📚 Training Task 16/20
✅ Bio-Graph Training Complete.
   🔎 Tuned best alpha=0.30 (Val Acc: 95.2%)
   -> AIA after Task 16: 94.56% | Breakdown: ['94.7%', '95.0%', '96.7%', '91.2%', '95.7%', '97.6%', '94.9%', '91.4%', '93.4%', '93.7%', '96.0%', '95.2%', '94.9%', '91.9%', '96.8%', '93.9%']

   📚 Training Task 17/20
✅ Bio-Graph Training Complete.
   🔎 Tuned best alpha=0.30 (Val Acc: 95.1%)
   -> AIA after Task 17: 94.50% | Breakdown: ['94.5%', '94.6%', '96.7%', '91.6%', '95.4%', '97.5%', '94.7%', '91.5%', '93.1%', '93.4%', '95.5%', '94.6%', '95.0%', '91.6%', '96.4%', '93.7%', '96.7%']

   📚 Training Task 18/20
✅ Bio-Graph Training Complete.
   🔎 Tuned best alpha=1.00 (Val Acc: 94.8%)
   -> AIA after Task 18: 94.11% | Breakdown: ['94.0%', '94.0%', '96.5%', '91.1%', '95.3%', '97.6%', '94.3%', '91.2%', '93.3%', '92.9%', '94.0%', '94.7%', '94.4%', '91.3%', '96.4%', '93.9%', '96.0%', '93.0%']

   📚 Training Task 19/20
✅ Bio-Graph Training Complete.
   🔎 Tuned best alpha=0.70 (Val Acc: 94.7%)
   -> AIA after Task 19: 94.27% | Breakdown: ['94.2%', '94.3%', '96.9%', '90.9%', '95.7%', '97.3%', '94.3%', '92.1%', '92.7%', '92.7%', '94.6%', '94.8%', '94.7%', '91.7%', '96.8%', '93.9%', '96.1%', '93.1%', '94.4%']

   📚 Training Task 20/20
✅ Bio-Graph Training Complete.
   🔎 Tuned best alpha=0.90 (Val Acc: 94.3%)
   -> AIA after Task 20: 93.69% | Breakdown: ['94.0%', '92.1%', '96.5%', '91.3%', '95.4%', '97.2%', '93.7%', '91.0%', '93.0%', '92.2%', '94.0%', '94.7%', '94.3%', '91.4%', '96.3%', '93.0%', '96.1%', '92.5%', '93.2%', '91.9%']
✅ Memory trace saved → outputs/memory_trace_tinyimagenet_dinov3.png / .svg
   🧠 Bio-Graph Memory Footprint: 564.54 MB
   ✅ Selected alpha: 0.00 (Tuned on 800 val samples)

   🏆 Pure CIL Metrics -> AIA: 93.69% | Forgetting: 2.01%
✅ Memory comparison saved → outputs/memory_comparison_tinyimagenet_dinov3.png / .svg

🚀 [2/3] Lambda Sweep...
🔄 Preparing Dataset: TINYIMAGENET...
   📐 Preprocessing: 224px, norm=custom
✅ Tiny-ImageNet found at ./data/tiny-imagenet-200
✅ Loaded 100000 images. Classes expected: 200
💾 Loading cached dinov3 features for tinyimagenet (Train)...

🌱 --- Starting Run with Seed: 42 ---
   📦 Stream samples: 72000 | Val samples: 8000
   🚀 Training Bio-Inspired Graph (Hippocampus + Cortex)...

   🌀 --- PURE CIL MODE SCENARIO ---

   📚 Training Task 1/20
✅ Bio-Graph Training Complete.
   🔎 Tuned best alpha=0.30 (Val Acc: 96.0%)
   -> AIA after Task 1: 95.10% | Breakdown: ['95.1%']

   📚 Training Task 2/20
✅ Bio-Graph Training Complete.
   🔎 Tuned best alpha=0.50 (Val Acc: 94.9%)
   -> AIA after Task 2: 94.25% | Breakdown: ['94.1%', '94.4%']

   📚 Training Task 3/20
✅ Bio-Graph Training Complete.
   🔎 Tuned best alpha=0.30 (Val Acc: 95.4%)
   -> AIA after Task 3: 94.87% | Breakdown: ['95.1%', '94.1%', '95.4%']

   📚 Training Task 4/20
✅ Bio-Graph Training Complete.
   🔎 Tuned best alpha=1.00 (Val Acc: 94.6%)
   -> AIA after Task 4: 92.60% | Breakdown: ['93.8%', '93.6%', '95.7%', '87.3%']

   📚 Training Task 5/20
✅ Bio-Graph Training Complete.
   🔎 Tuned best alpha=0.00 (Val Acc: 94.3%)
   -> AIA after Task 5: 93.40% | Breakdown: ['94.0%', '93.3%', '95.6%', '88.6%', '95.5%']

   📚 Training Task 6/20
✅ Bio-Graph Training Complete.
   🔎 Tuned best alpha=0.70 (Val Acc: 95.0%)
   -> AIA after Task 6: 94.48% | Breakdown: ['94.7%', '93.9%', '96.2%', '89.3%', '95.6%', '97.2%']

   📚 Training Task 7/20
✅ Bio-Graph Training Complete.
   🔎 Tuned best alpha=1.00 (Val Acc: 95.2%)
   -> AIA after Task 7: 94.80% | Breakdown: ['94.6%', '93.8%', '95.8%', '89.1%', '95.7%', '97.5%', '97.1%']

   📚 Training Task 8/20
✅ Bio-Graph Training Complete.
   🔎 Tuned best alpha=0.50 (Val Acc: 95.9%)
   -> AIA after Task 8: 95.24% | Breakdown: ['94.7%', '94.5%', '96.5%', '89.8%', '95.7%', '97.6%', '96.9%', '96.2%']

   📚 Training Task 9/20
✅ Bio-Graph Training Complete.
   🔎 Tuned best alpha=0.90 (Val Acc: 96.0%)
   -> AIA after Task 9: 95.28% | Breakdown: ['95.1%', '94.3%', '96.2%', '90.5%', '95.7%', '97.7%', '95.8%', '96.4%', '95.8%']

   📚 Training Task 10/20
✅ Bio-Graph Training Complete.
   🔎 Tuned best alpha=0.30 (Val Acc: 96.0%)
   -> AIA after Task 10: 95.30% | Breakdown: ['94.6%', '94.2%', '96.1%', '90.4%', '95.9%', '97.7%', '95.6%', '95.7%', '95.8%', '97.0%']

   📚 Training Task 11/20
✅ Bio-Graph Training Complete.
   🔎 Tuned best alpha=1.00 (Val Acc: 96.2%)
   -> AIA after Task 11: 95.59% | Breakdown: ['94.8%', '94.7%', '96.8%', '89.9%', '95.9%', '97.9%', '95.6%', '95.9%', '95.2%', '96.8%', '98.0%']

   📚 Training Task 12/20
✅ Bio-Graph Training Complete.
   🔎 Tuned best alpha=0.50 (Val Acc: 96.2%)
   -> AIA after Task 12: 95.73% | Breakdown: ['94.7%', '94.9%', '96.6%', '90.2%', '95.9%', '97.9%', '95.8%', '95.8%', '94.6%', '97.6%', '97.3%', '97.5%']

   📚 Training Task 13/20
✅ Bio-Graph Training Complete.
   🔎 Tuned best alpha=1.00 (Val Acc: 96.1%)
   -> AIA after Task 13: 95.51% | Breakdown: ['94.8%', '94.5%', '96.6%', '90.2%', '95.9%', '97.9%', '95.3%', '94.8%', '94.2%', '96.4%', '96.9%', '97.1%', '97.0%']

   📚 Training Task 14/20
✅ Bio-Graph Training Complete.
   🔎 Tuned best alpha=0.50 (Val Acc: 95.7%)
   -> AIA after Task 14: 94.97% | Breakdown: ['94.5%', '94.3%', '96.5%', '90.4%', '95.7%', '97.8%', '94.8%', '92.1%', '94.2%', '96.2%', '96.6%', '97.1%', '96.1%', '93.3%']

   📚 Training Task 15/20
✅ Bio-Graph Training Complete.
   🔎 Tuned best alpha=0.30 (Val Acc: 95.8%)
   -> AIA after Task 15: 95.06% | Breakdown: ['94.7%', '94.6%', '96.6%', '90.7%', '95.7%', '97.7%', '95.1%', '92.0%', '94.0%', '95.7%', '96.7%', '96.4%', '95.9%', '93.1%', '97.0%']

   📚 Training Task 16/20
✅ Bio-Graph Training Complete.
   🔎 Tuned best alpha=0.30 (Val Acc: 95.3%)
   -> AIA after Task 16: 94.66% | Breakdown: ['94.4%', '94.5%', '96.7%', '90.4%', '95.5%', '97.8%', '95.0%', '91.9%', '93.9%', '94.3%', '95.7%', '95.6%', '95.8%', '92.5%', '96.6%', '94.0%']

   📚 Training Task 17/20
✅ Bio-Graph Training Complete.
   🔎 Tuned best alpha=0.30 (Val Acc: 95.3%)
   -> AIA after Task 17: 94.71% | Breakdown: ['94.3%', '94.5%', '96.6%', '90.4%', '95.7%', '97.7%', '95.1%', '92.2%', '93.8%', '93.9%', '95.6%', '94.9%', '95.7%', '92.3%', '96.1%', '94.4%', '96.8%']

   📚 Training Task 18/20
✅ Bio-Graph Training Complete.
   🔎 Tuned best alpha=0.00 (Val Acc: 95.0%)
   -> AIA after Task 18: 94.43% | Breakdown: ['94.5%', '94.3%', '96.8%', '90.4%', '95.7%', '97.5%', '94.5%', '92.3%', '93.3%', '93.5%', '94.5%', '94.9%', '95.7%', '92.1%', '96.1%', '93.6%', '96.4%', '93.7%']

   📚 Training Task 19/20
✅ Bio-Graph Training Complete.
   🔎 Tuned best alpha=0.70 (Val Acc: 95.1%)
   -> AIA after Task 19: 94.34% | Breakdown: ['94.5%', '93.6%', '97.1%', '90.1%', '95.6%', '97.6%', '94.1%', '91.8%', '93.7%', '92.9%', '94.1%', '95.1%', '95.5%', '92.3%', '96.6%', '93.6%', '96.6%', '93.3%', '94.4%']

   📚 Training Task 20/20
✅ Bio-Graph Training Complete.
   🔎 Tuned best alpha=0.30 (Val Acc: 94.5%)
   -> AIA after Task 20: 93.82% | Breakdown: ['94.2%', '91.7%', '97.0%', '90.4%', '95.4%', '97.1%', '94.0%', '91.2%', '93.5%', '92.6%', '94.2%', '94.7%', '95.4%', '91.8%', '95.7%', '92.6%', '96.5%', '91.9%', '93.4%', '93.1%']
✅ Memory trace saved → outputs/memory_trace_tinyimagenet_dinov3.png / .svg
   🧠 Bio-Graph Memory Footprint: 565.01 MB
   ✅ Selected alpha: 0.30 (Tuned on 800 val samples)

   🏆 Pure CIL Metrics -> AIA: 93.82% | Forgetting: 1.96%
✅ Memory comparison saved → outputs/memory_comparison_tinyimagenet_dinov3.png / .svg
🔄 Preparing Dataset: TINYIMAGENET...
   📐 Preprocessing: 224px, norm=custom
✅ Tiny-ImageNet found at ./data/tiny-imagenet-200
✅ Loaded 100000 images. Classes expected: 200
💾 Loading cached dinov3 features for tinyimagenet (Train)...

🌱 --- Starting Run with Seed: 42 ---
   📦 Stream samples: 72000 | Val samples: 8000
   🚀 Training Bio-Inspired Graph (Hippocampus + Cortex)...

   🌀 --- PURE CIL MODE SCENARIO ---

   📚 Training Task 1/20
✅ Bio-Graph Training Complete.
   🔎 Tuned best alpha=0.00 (Val Acc: 96.0%)
   -> AIA after Task 1: 95.10% | Breakdown: ['95.1%']

   📚 Training Task 2/20
✅ Bio-Graph Training Complete.
   🔎 Tuned best alpha=0.30 (Val Acc: 95.2%)
   -> AIA after Task 2: 94.30% | Breakdown: ['94.0%', '94.6%']

   📚 Training Task 3/20
✅ Bio-Graph Training Complete.
   🔎 Tuned best alpha=0.00 (Val Acc: 95.4%)
   -> AIA after Task 3: 95.13% | Breakdown: ['94.2%', '94.8%', '96.4%']

   📚 Training Task 4/20
✅ Bio-Graph Training Complete.
   🔎 Tuned best alpha=0.00 (Val Acc: 94.3%)
   -> AIA after Task 4: 92.67% | Breakdown: ['93.2%', '94.4%', '95.2%', '87.9%']

   📚 Training Task 5/20
✅ Bio-Graph Training Complete.
   🔎 Tuned best alpha=0.00 (Val Acc: 94.6%)
   -> AIA after Task 5: 93.36% | Breakdown: ['93.9%', '93.9%', '95.0%', '88.2%', '95.8%']

   📚 Training Task 6/20
✅ Bio-Graph Training Complete.
   🔎 Tuned best alpha=0.30 (Val Acc: 95.5%)
   -> AIA after Task 6: 94.55% | Breakdown: ['94.1%', '94.5%', '95.6%', '90.0%', '95.6%', '97.5%']

   📚 Training Task 7/20
✅ Bio-Graph Training Complete.
   🔎 Tuned best alpha=0.00 (Val Acc: 95.9%)
   -> AIA after Task 7: 95.06% | Breakdown: ['94.5%', '94.7%', '96.0%', '90.1%', '96.0%', '97.4%', '96.7%']

   📚 Training Task 8/20
✅ Bio-Graph Training Complete.
   🔎 Tuned best alpha=1.00 (Val Acc: 96.0%)
   -> AIA after Task 8: 95.28% | Breakdown: ['94.3%', '95.0%', '96.2%', '90.4%', '96.1%', '97.4%', '97.4%', '95.4%']

   📚 Training Task 9/20
✅ Bio-Graph Training Complete.
   🔎 Tuned best alpha=0.30 (Val Acc: 96.0%)
   -> AIA after Task 9: 95.33% | Breakdown: ['95.0%', '94.7%', '96.6%', '90.8%', '95.7%', '97.5%', '96.3%', '95.6%', '95.8%']

   📚 Training Task 10/20
✅ Bio-Graph Training Complete.
   🔎 Tuned best alpha=0.70 (Val Acc: 95.7%)
   -> AIA after Task 10: 95.45% | Breakdown: ['94.9%', '95.1%', '96.4%', '91.1%', '96.0%', '97.8%', '96.1%', '94.6%', '95.6%', '96.9%']

   📚 Training Task 11/20
✅ Bio-Graph Training Complete.
   🔎 Tuned best alpha=1.00 (Val Acc: 96.0%)
   -> AIA after Task 11: 95.65% | Breakdown: ['94.9%', '95.5%', '96.4%', '91.4%', '95.8%', '97.8%', '96.1%', '94.8%', '95.4%', '96.6%', '97.5%']

   📚 Training Task 12/20
✅ Bio-Graph Training Complete.
   🔎 Tuned best alpha=0.70 (Val Acc: 96.1%)
   -> AIA after Task 12: 95.54% | Breakdown: ['94.8%', '95.2%', '96.1%', '91.4%', '95.5%', '97.8%', '95.1%', '94.3%', '94.6%', '97.2%', '96.7%', '97.8%']

   📚 Training Task 13/20
✅ Bio-Graph Training Complete.
   🔎 Tuned best alpha=0.50 (Val Acc: 96.1%)
   -> AIA after Task 13: 95.61% | Breakdown: ['94.9%', '95.1%', '96.6%', '91.3%', '95.6%', '97.9%', '95.1%', '94.0%', '94.3%', '96.9%', '96.7%', '97.1%', '97.4%']

   📚 Training Task 14/20
✅ Bio-Graph Training Complete.
   🔎 Tuned best alpha=0.30 (Val Acc: 95.8%)
   -> AIA after Task 14: 94.99% | Breakdown: ['94.8%', '95.0%', '96.3%', '91.3%', '95.4%', '97.7%', '94.8%', '92.0%', '94.1%', '96.5%', '96.0%', '97.1%', '96.0%', '92.9%']

   📚 Training Task 15/20
✅ Bio-Graph Training Complete.
   🔎 Tuned best alpha=0.70 (Val Acc: 95.7%)
   -> AIA after Task 15: 94.93% | Breakdown: ['94.8%', '95.1%', '96.5%', '91.1%', '95.0%', '97.7%', '94.9%', '91.8%', '93.8%', '95.9%', '96.0%', '95.7%', '95.6%', '92.8%', '97.2%']

   📚 Training Task 16/20
✅ Bio-Graph Training Complete.
   🔎 Tuned best alpha=0.30 (Val Acc: 95.2%)
   -> AIA after Task 16: 94.56% | Breakdown: ['94.7%', '95.0%', '96.7%', '91.2%', '95.7%', '97.6%', '94.9%', '91.4%', '93.4%', '93.7%', '96.0%', '95.2%', '94.9%', '91.9%', '96.8%', '93.9%']

   📚 Training Task 17/20
✅ Bio-Graph Training Complete.
   🔎 Tuned best alpha=0.30 (Val Acc: 95.1%)
   -> AIA after Task 17: 94.50% | Breakdown: ['94.5%', '94.6%', '96.7%', '91.6%', '95.4%', '97.5%', '94.7%', '91.5%', '93.1%', '93.4%', '95.5%', '94.6%', '95.0%', '91.6%', '96.4%', '93.7%', '96.7%']

   📚 Training Task 18/20
✅ Bio-Graph Training Complete.
   🔎 Tuned best alpha=1.00 (Val Acc: 94.8%)
   -> AIA after Task 18: 94.11% | Breakdown: ['94.0%', '94.0%', '96.5%', '91.1%', '95.3%', '97.6%', '94.3%', '91.2%', '93.3%', '92.9%', '94.0%', '94.7%', '94.4%', '91.3%', '96.4%', '93.9%', '96.0%', '93.0%']

   📚 Training Task 19/20
✅ Bio-Graph Training Complete.
   🔎 Tuned best alpha=0.70 (Val Acc: 94.7%)
   -> AIA after Task 19: 94.27% | Breakdown: ['94.2%', '94.3%', '96.9%', '90.9%', '95.7%', '97.3%', '94.3%', '92.1%', '92.7%', '92.7%', '94.6%', '94.8%', '94.7%', '91.7%', '96.8%', '93.9%', '96.1%', '93.1%', '94.4%']

   📚 Training Task 20/20
✅ Bio-Graph Training Complete.
   🔎 Tuned best alpha=0.90 (Val Acc: 94.3%)
   -> AIA after Task 20: 93.69% | Breakdown: ['94.0%', '92.1%', '96.5%', '91.3%', '95.4%', '97.2%', '93.7%', '91.0%', '93.0%', '92.2%', '94.0%', '94.7%', '94.3%', '91.4%', '96.3%', '93.0%', '96.1%', '92.5%', '93.2%', '91.9%']
✅ Memory trace saved → outputs/memory_trace_tinyimagenet_dinov3.png / .svg
   🧠 Bio-Graph Memory Footprint: 564.54 MB
   ✅ Selected alpha: 0.00 (Tuned on 800 val samples)

   🏆 Pure CIL Metrics -> AIA: 93.69% | Forgetting: 2.01%
✅ Memory comparison saved → outputs/memory_comparison_tinyimagenet_dinov3.png / .svg
🔄 Preparing Dataset: TINYIMAGENET...
   📐 Preprocessing: 224px, norm=custom
✅ Tiny-ImageNet found at ./data/tiny-imagenet-200
✅ Loaded 100000 images. Classes expected: 200
💾 Loading cached dinov3 features for tinyimagenet (Train)...

🌱 --- Starting Run with Seed: 42 ---
   📦 Stream samples: 72000 | Val samples: 8000
   🚀 Training Bio-Inspired Graph (Hippocampus + Cortex)...

   🌀 --- PURE CIL MODE SCENARIO ---

   📚 Training Task 1/20
✅ Bio-Graph Training Complete.
   🔎 Tuned best alpha=0.00 (Val Acc: 95.7%)
   -> AIA after Task 1: 94.90% | Breakdown: ['94.9%']

   📚 Training Task 2/20
✅ Bio-Graph Training Complete.
   🔎 Tuned best alpha=0.00 (Val Acc: 95.0%)
   -> AIA after Task 2: 94.35% | Breakdown: ['94.2%', '94.5%']

   📚 Training Task 3/20
✅ Bio-Graph Training Complete.
   🔎 Tuned best alpha=0.00 (Val Acc: 95.1%)
   -> AIA after Task 3: 95.27% | Breakdown: ['94.8%', '94.7%', '96.3%']

   📚 Training Task 4/20
✅ Bio-Graph Training Complete.
   🔎 Tuned best alpha=0.30 (Val Acc: 94.4%)
   -> AIA after Task 4: 93.50% | Breakdown: ['94.1%', '94.5%', '96.1%', '89.3%']

   📚 Training Task 5/20
✅ Bio-Graph Training Complete.
   🔎 Tuned best alpha=0.30 (Val Acc: 94.0%)
   -> AIA after Task 5: 93.80% | Breakdown: ['94.9%', '94.2%', '95.5%', '88.8%', '95.6%']

   📚 Training Task 6/20
✅ Bio-Graph Training Complete.
   🔎 Tuned best alpha=1.00 (Val Acc: 95.0%)
   -> AIA after Task 6: 94.62% | Breakdown: ['94.5%', '94.5%', '95.7%', '89.8%', '95.8%', '97.4%']

   📚 Training Task 7/20
✅ Bio-Graph Training Complete.
   🔎 Tuned best alpha=1.00 (Val Acc: 95.4%)
   -> AIA after Task 7: 95.03% | Breakdown: ['94.4%', '95.0%', '95.9%', '89.9%', '95.8%', '97.5%', '96.7%']

   📚 Training Task 8/20
✅ Bio-Graph Training Complete.
   🔎 Tuned best alpha=0.90 (Val Acc: 95.6%)
   -> AIA after Task 8: 95.54% | Breakdown: ['94.6%', '94.7%', '96.5%', '91.2%', '96.3%', '97.7%', '97.3%', '96.0%']

   📚 Training Task 9/20
✅ Bio-Graph Training Complete.
   🔎 Tuned best alpha=0.90 (Val Acc: 96.0%)
   -> AIA after Task 9: 95.53% | Breakdown: ['95.0%', '95.1%', '97.0%', '90.7%', '95.8%', '97.6%', '96.4%', '96.2%', '96.0%']

   📚 Training Task 10/20
✅ Bio-Graph Training Complete.
   🔎 Tuned best alpha=1.00 (Val Acc: 95.9%)
   -> AIA after Task 10: 95.65% | Breakdown: ['94.6%', '95.3%', '96.5%', '91.6%', '95.8%', '97.7%', '96.4%', '96.0%', '95.5%', '97.1%']

   📚 Training Task 11/20
✅ Bio-Graph Training Complete.
   🔎 Tuned best alpha=0.80 (Val Acc: 96.0%)
   -> AIA after Task 11: 95.80% | Breakdown: ['94.8%', '95.3%', '96.5%', '91.3%', '95.9%', '97.7%', '96.5%', '96.1%', '95.2%', '96.7%', '97.8%']

   📚 Training Task 12/20
✅ Bio-Graph Training Complete.
   🔎 Tuned best alpha=0.80 (Val Acc: 96.2%)
   -> AIA after Task 12: 95.85% | Breakdown: ['94.7%', '95.3%', '96.4%', '91.3%', '95.9%', '97.8%', '96.3%', '96.0%', '94.6%', '96.9%', '97.4%', '97.6%']

   📚 Training Task 13/20
✅ Bio-Graph Training Complete.
   🔎 Tuned best alpha=0.50 (Val Acc: 96.0%)
   -> AIA after Task 13: 95.87% | Breakdown: ['94.7%', '95.0%', '96.3%', '92.0%', '96.0%', '97.8%', '95.4%', '94.9%', '94.5%', '96.9%', '97.5%', '97.4%', '97.9%']

   📚 Training Task 14/20
✅ Bio-Graph Training Complete.
   🔎 Tuned best alpha=0.30 (Val Acc: 95.8%)
   -> AIA after Task 14: 95.27% | Breakdown: ['94.4%', '94.8%', '96.1%', '91.8%', '96.1%', '97.7%', '95.2%', '93.1%', '94.3%', '96.4%', '96.7%', '97.3%', '96.7%', '93.2%']

   📚 Training Task 15/20
✅ Bio-Graph Training Complete.
   🔎 Tuned best alpha=0.30 (Val Acc: 95.6%)
   -> AIA after Task 15: 95.27% | Breakdown: ['94.4%', '94.8%', '96.4%', '91.5%', '96.2%', '97.9%', '95.2%', '92.9%', '94.2%', '96.2%', '96.2%', '96.6%', '96.4%', '92.8%', '97.4%']

   📚 Training Task 16/20
✅ Bio-Graph Training Complete.
   🔎 Tuned best alpha=0.30 (Val Acc: 95.3%)
   -> AIA after Task 16: 94.81% | Breakdown: ['94.9%', '94.8%', '96.3%', '91.5%', '96.3%', '97.8%', '95.4%', '92.4%', '93.6%', '94.1%', '95.8%', '95.9%', '95.8%', '92.4%', '96.7%', '93.2%']

   📚 Training Task 17/20
✅ Bio-Graph Training Complete.
   🔎 Tuned best alpha=0.50 (Val Acc: 95.2%)
   -> AIA after Task 17: 94.81% | Breakdown: ['94.2%', '94.7%', '96.4%', '91.8%', '96.2%', '97.9%', '95.1%', '92.3%', '94.1%', '94.1%', '95.2%', '95.3%', '95.3%', '91.8%', '96.5%', '93.9%', '97.0%']

   📚 Training Task 18/20
✅ Bio-Graph Training Complete.
   🔎 Tuned best alpha=1.00 (Val Acc: 94.8%)
   -> AIA after Task 18: 94.42% | Breakdown: ['94.0%', '94.1%', '96.5%', '91.8%', '96.0%', '97.7%', '94.8%', '91.9%', '93.3%', '93.1%', '94.4%', '95.1%', '95.4%', '91.7%', '96.3%', '93.8%', '96.1%', '93.5%']

   📚 Training Task 19/20
✅ Bio-Graph Training Complete.
   🔎 Tuned best alpha=0.50 (Val Acc: 94.8%)
   -> AIA after Task 19: 94.33% | Breakdown: ['94.3%', '94.4%', '96.3%', '91.3%', '96.0%', '97.6%', '94.8%', '91.8%', '93.1%', '93.1%', '94.3%', '95.1%', '95.2%', '91.4%', '96.5%', '94.0%', '96.3%', '92.3%', '94.5%']

   📚 Training Task 20/20
✅ Bio-Graph Training Complete.
   🔎 Tuned best alpha=0.50 (Val Acc: 94.3%)
   -> AIA after Task 20: 93.70% | Breakdown: ['94.4%', '92.5%', '96.1%', '91.8%', '95.7%', '97.3%', '94.3%', '90.9%', '93.1%', '92.1%', '93.7%', '94.7%', '95.2%', '90.8%', '96.2%', '92.5%', '96.2%', '91.7%', '93.6%', '91.2%']
✅ Memory trace saved → outputs/memory_trace_tinyimagenet_dinov3.png / .svg
   🧠 Bio-Graph Memory Footprint: 563.35 MB
   ✅ Selected alpha: 0.30 (Tuned on 800 val samples)

   🏆 Pure CIL Metrics -> AIA: 93.70% | Forgetting: 2.12%
✅ Memory comparison saved → outputs/memory_comparison_tinyimagenet_dinov3.png / .svg

🚀 [3/3] Node Count Sweep (Fixed alpha=0.5)...
🔄 Preparing Dataset: TINYIMAGENET...
   📐 Preprocessing: 224px, norm=custom
✅ Tiny-ImageNet found at ./data/tiny-imagenet-200
✅ Loaded 100000 images. Classes expected: 200
💾 Loading cached dinov3 features for tinyimagenet (Train)...

🌱 --- Starting Run with Seed: 42 ---
   📦 Stream samples: 72000 | Val samples: 8000
   🚀 Training Bio-Inspired Graph (Hippocampus + Cortex)...

   🌀 --- PURE CIL MODE SCENARIO ---

   📚 Training Task 1/20
✅ Bio-Graph Training Complete.
   🔎 Tuned best alpha=0.00 (Val Acc: 78.7%)
   -> AIA after Task 1: 77.80% | Breakdown: ['77.8%']

   📚 Training Task 2/20
✅ Bio-Graph Training Complete.
   🔎 Tuned best alpha=0.00 (Val Acc: 68.9%)
   -> AIA after Task 2: 70.55% | Breakdown: ['77.7%', '63.4%']

   📚 Training Task 3/20
✅ Bio-Graph Training Complete.
   🔎 Tuned best alpha=0.00 (Val Acc: 69.7%)
   -> AIA after Task 3: 70.10% | Breakdown: ['77.9%', '61.8%', '70.6%']

   📚 Training Task 4/20
✅ Bio-Graph Training Complete.
   🔎 Tuned best alpha=0.00 (Val Acc: 65.3%)
   -> AIA after Task 4: 66.33% | Breakdown: ['78.1%', '62.9%', '71.2%', '53.1%']

   📚 Training Task 5/20
✅ Bio-Graph Training Complete.
   🔎 Tuned best alpha=0.00 (Val Acc: 64.3%)
   -> AIA after Task 5: 65.08% | Breakdown: ['77.6%', '61.8%', '71.3%', '50.1%', '64.6%']

   📚 Training Task 6/20
✅ Bio-Graph Training Complete.
   🔎 Tuned best alpha=0.00 (Val Acc: 67.1%)
   -> AIA after Task 6: 67.07% | Breakdown: ['78.3%', '61.9%', '71.1%', '49.7%', '63.3%', '78.1%']

   📚 Training Task 7/20
✅ Bio-Graph Training Complete.
   🔎 Tuned best alpha=0.00 (Val Acc: 69.3%)
   -> AIA after Task 7: 69.41% | Breakdown: ['78.3%', '61.8%', '71.6%', '50.6%', '64.3%', '78.1%', '81.2%']

   📚 Training Task 8/20
✅ Bio-Graph Training Complete.
   🔎 Tuned best alpha=0.00 (Val Acc: 67.3%)
   -> AIA after Task 8: 66.94% | Breakdown: ['78.2%', '61.4%', '71.7%', '49.5%', '64.1%', '78.0%', '72.1%', '60.5%']

   📚 Training Task 9/20
✅ Bio-Graph Training Complete.
   🔎 Tuned best alpha=0.00 (Val Acc: 66.3%)
   -> AIA after Task 9: 65.48% | Breakdown: ['78.1%', '60.6%', '71.8%', '49.8%', '64.5%', '78.2%', '68.0%', '58.6%', '59.7%']

   📚 Training Task 10/20
✅ Bio-Graph Training Complete.
   🔎 Tuned best alpha=0.00 (Val Acc: 66.9%)
   -> AIA after Task 10: 66.31% | Breakdown: ['78.2%', '60.8%', '71.5%', '50.1%', '64.7%', '78.0%', '64.1%', '57.1%', '57.9%', '80.7%']

   📚 Training Task 11/20
✅ Bio-Graph Training Complete.
   🔎 Tuned best alpha=0.50 (Val Acc: 67.7%)
   -> AIA after Task 11: 67.51% | Breakdown: ['78.3%', '60.7%', '71.4%', '50.1%', '65.6%', '77.9%', '65.2%', '57.0%', '57.9%', '79.5%', '79.0%']

   📚 Training Task 12/20
✅ Bio-Graph Training Complete.
   🔎 Tuned best alpha=1.00 (Val Acc: 67.3%)
   -> AIA after Task 12: 67.05% | Breakdown: ['78.4%', '60.6%', '71.1%', '50.7%', '65.4%', '77.7%', '62.9%', '56.5%', '57.4%', '78.5%', '76.0%', '69.4%']

   📚 Training Task 13/20
✅ Bio-Graph Training Complete.
   🔎 Tuned best alpha=0.00 (Val Acc: 66.1%)
   -> AIA after Task 13: 65.89% | Breakdown: ['78.2%', '60.1%', '71.3%', '50.4%', '65.3%', '78.2%', '61.8%', '51.4%', '56.4%', '77.9%', '75.0%', '69.7%', '60.9%']

   📚 Training Task 14/20
✅ Bio-Graph Training Complete.
   🔎 Tuned best alpha=0.00 (Val Acc: 66.0%)
   -> AIA after Task 14: 65.96% | Breakdown: ['78.2%', '59.9%', '71.2%', '50.2%', '65.2%', '78.1%', '53.8%', '49.8%', '56.0%', '77.0%', '73.9%', '68.9%', '57.7%', '83.6%']

   📚 Training Task 15/20
✅ Bio-Graph Training Complete.
   🔎 Tuned best alpha=0.30 (Val Acc: 66.8%)
   -> AIA after Task 15: 66.81% | Breakdown: ['78.2%', '59.4%', '71.4%', '50.4%', '64.9%', '78.1%', '53.4%', '48.8%', '55.5%', '77.4%', '72.2%', '68.1%', '57.2%', '83.6%', '83.6%']

   📚 Training Task 16/20
✅ Bio-Graph Training Complete.
   🔎 Tuned best alpha=0.00 (Val Acc: 65.2%)
   -> AIA after Task 16: 65.31% | Breakdown: ['78.7%', '59.2%', '72.0%', '49.5%', '65.3%', '78.0%', '51.7%', '48.0%', '56.3%', '72.7%', '72.2%', '66.7%', '57.3%', '83.1%', '83.8%', '50.5%']

   📚 Training Task 17/20
✅ Bio-Graph Training Complete.
   🔎 Tuned best alpha=0.00 (Val Acc: 66.0%)
   -> AIA after Task 17: 66.26% | Breakdown: ['78.7%', '59.6%', '71.9%', '49.9%', '65.3%', '78.0%', '49.1%', '48.3%', '56.0%', '72.2%', '72.0%', '66.4%', '56.0%', '83.0%', '84.5%', '50.7%', '84.8%']

   📚 Training Task 18/20
✅ Bio-Graph Training Complete.
   🔎 Tuned best alpha=0.00 (Val Acc: 65.0%)
   -> AIA after Task 18: 65.43% | Breakdown: ['78.9%', '58.1%', '72.2%', '49.7%', '65.6%', '77.7%', '48.7%', '47.9%', '55.5%', '71.7%', '66.6%', '66.4%', '56.1%', '82.9%', '84.9%', '50.0%', '83.9%', '61.0%']

   📚 Training Task 19/20
✅ Bio-Graph Training Complete.
   🔎 Tuned best alpha=0.70 (Val Acc: 65.1%)
   -> AIA after Task 19: 65.59% | Breakdown: ['78.7%', '57.8%', '72.3%', '50.2%', '65.8%', '77.7%', '48.9%', '48.0%', '55.3%', '71.6%', '66.8%', '66.8%', '56.0%', '82.8%', '84.9%', '49.8%', '83.5%', '60.9%', '68.5%']

   📚 Training Task 20/20
✅ Bio-Graph Training Complete.
   🔎 Tuned best alpha=0.80 (Val Acc: 65.0%)
   -> AIA after Task 20: 65.31% | Breakdown: ['78.7%', '52.7%', '72.0%', '50.3%', '66.1%', '77.3%', '49.2%', '47.4%', '55.4%', '70.6%', '66.6%', '66.8%', '55.9%', '82.5%', '85.2%', '49.5%', '83.5%', '60.9%', '69.5%', '66.0%']
✅ Memory trace saved → outputs/memory_trace_tinyimagenet_dinov3.png / .svg
   🧠 Bio-Graph Memory Footprint: 178.62 MB
   ✅ Selected alpha: 0.00 (Tuned on 800 val samples)

   🏆 Pure CIL Metrics -> AIA: 65.31% | Forgetting: 5.18%
✅ Memory comparison saved → outputs/memory_comparison_tinyimagenet_dinov3.png / .svg
🔄 Preparing Dataset: TINYIMAGENET...
   📐 Preprocessing: 224px, norm=custom
✅ Tiny-ImageNet found at ./data/tiny-imagenet-200
✅ Loaded 100000 images. Classes expected: 200
💾 Loading cached dinov3 features for tinyimagenet (Train)...

🌱 --- Starting Run with Seed: 42 ---
   📦 Stream samples: 72000 | Val samples: 8000
   🚀 Training Bio-Inspired Graph (Hippocampus + Cortex)...

   🌀 --- PURE CIL MODE SCENARIO ---

   📚 Training Task 1/20
✅ Bio-Graph Training Complete.
   🔎 Tuned best alpha=0.00 (Val Acc: 94.5%)
   -> AIA after Task 1: 95.70% | Breakdown: ['95.7%']

   📚 Training Task 2/20
✅ Bio-Graph Training Complete.
   🔎 Tuned best alpha=0.00 (Val Acc: 94.7%)
   -> AIA after Task 2: 94.60% | Breakdown: ['94.8%', '94.4%']

   📚 Training Task 3/20
✅ Bio-Graph Training Complete.
   🔎 Tuned best alpha=0.00 (Val Acc: 95.8%)
   -> AIA after Task 3: 94.93% | Breakdown: ['94.6%', '94.5%', '95.7%']

   📚 Training Task 4/20
✅ Bio-Graph Training Complete.
   🔎 Tuned best alpha=0.00 (Val Acc: 95.1%)
   -> AIA after Task 4: 93.58% | Breakdown: ['94.5%', '93.9%', '95.6%', '90.3%']

   📚 Training Task 5/20
✅ Bio-Graph Training Complete.
   🔎 Tuned best alpha=0.00 (Val Acc: 95.1%)
   -> AIA after Task 5: 93.52% | Breakdown: ['94.0%', '92.8%', '95.6%', '89.7%', '95.5%']

   📚 Training Task 6/20
✅ Bio-Graph Training Complete.
   🔎 Tuned best alpha=1.00 (Val Acc: 95.5%)
   -> AIA after Task 6: 94.25% | Breakdown: ['94.4%', '93.0%', '95.4%', '89.8%', '95.9%', '97.0%']

   📚 Training Task 7/20
✅ Bio-Graph Training Complete.
   🔎 Tuned best alpha=0.00 (Val Acc: 95.9%)
   -> AIA after Task 7: 94.69% | Breakdown: ['94.2%', '93.2%', '95.6%', '89.2%', '95.7%', '97.2%', '97.7%']

   📚 Training Task 8/20
✅ Bio-Graph Training Complete.
   🔎 Tuned best alpha=0.00 (Val Acc: 95.7%)
   -> AIA after Task 8: 94.95% | Breakdown: ['93.6%', '93.0%', '96.2%', '88.7%', '95.9%', '97.3%', '97.6%', '97.3%']

   📚 Training Task 9/20
✅ Bio-Graph Training Complete.
   🔎 Tuned best alpha=0.50 (Val Acc: 95.9%)
   -> AIA after Task 9: 94.74% | Breakdown: ['94.0%', '92.9%', '95.4%', '88.9%', '95.4%', '96.9%', '95.9%', '96.8%', '96.5%']

   📚 Training Task 10/20
✅ Bio-Graph Training Complete.
   🔎 Tuned best alpha=0.00 (Val Acc: 95.5%)
   -> AIA after Task 10: 94.77% | Breakdown: ['94.0%', '92.9%', '95.7%', '89.2%', '95.4%', '96.7%', '95.6%', '96.6%', '95.7%', '95.9%']

   📚 Training Task 11/20
✅ Bio-Graph Training Complete.
   🔎 Tuned best alpha=0.00 (Val Acc: 95.5%)
   -> AIA after Task 11: 94.92% | Breakdown: ['94.2%', '92.7%', '95.7%', '89.3%', '94.8%', '96.9%', '95.5%', '96.2%', '95.7%', '95.4%', '97.7%']

   📚 Training Task 12/20
✅ Bio-Graph Training Complete.
   🔎 Tuned best alpha=0.30 (Val Acc: 95.5%)
   -> AIA after Task 12: 94.92% | Breakdown: ['94.0%', '92.5%', '95.6%', '89.0%', '95.3%', '96.8%', '95.6%', '96.1%', '94.4%', '95.8%', '97.0%', '96.9%']

   📚 Training Task 13/20
✅ Bio-Graph Training Complete.
   🔎 Tuned best alpha=0.00 (Val Acc: 95.1%)
   -> AIA after Task 13: 94.77% | Breakdown: ['94.4%', '92.5%', '95.3%', '89.1%', '95.4%', '96.9%', '95.6%', '94.6%', '93.8%', '95.8%', '96.0%', '96.7%', '95.9%']

   📚 Training Task 14/20
✅ Bio-Graph Training Complete.
   🔎 Tuned best alpha=0.30 (Val Acc: 94.6%)
   -> AIA after Task 14: 93.87% | Breakdown: ['93.6%', '92.0%', '95.3%', '89.5%', '95.2%', '96.7%', '95.0%', '92.4%', '93.3%', '95.2%', '95.7%', '96.5%', '94.1%', '89.7%']

   📚 Training Task 15/20
✅ Bio-Graph Training Complete.
   🔎 Tuned best alpha=0.00 (Val Acc: 94.4%)
   -> AIA after Task 15: 93.81% | Breakdown: ['93.7%', '92.1%', '95.0%', '89.3%', '94.9%', '96.7%', '95.0%', '92.1%', '93.4%', '94.5%', '95.5%', '96.2%', '93.9%', '89.5%', '95.4%']

   📚 Training Task 16/20
✅ Bio-Graph Training Complete.
   🔎 Tuned best alpha=0.00 (Val Acc: 94.2%)
   -> AIA after Task 16: 93.39% | Breakdown: ['94.2%', '91.9%', '95.0%', '88.4%', '95.3%', '96.6%', '94.4%', '91.7%', '92.5%', '92.9%', '94.7%', '95.6%', '93.5%', '89.3%', '95.3%', '93.0%']

   📚 Training Task 17/20
✅ Bio-Graph Training Complete.
   🔎 Tuned best alpha=0.00 (Val Acc: 94.0%)
   -> AIA after Task 17: 93.31% | Breakdown: ['94.1%', '91.8%', '95.0%', '89.6%', '95.1%', '96.6%', '93.3%', '91.6%', '92.8%', '92.6%', '94.9%', '94.6%', '93.3%', '88.6%', '94.6%', '92.3%', '95.5%']

   📚 Training Task 18/20
✅ Bio-Graph Training Complete.
   🔎 Tuned best alpha=0.00 (Val Acc: 93.5%)
   -> AIA after Task 18: 92.96% | Breakdown: ['94.0%', '91.8%', '94.8%', '89.3%', '94.5%', '96.5%', '93.2%', '91.2%', '92.7%', '92.4%', '92.9%', '94.5%', '93.4%', '89.0%', '94.4%', '92.4%', '94.5%', '91.7%']

   📚 Training Task 19/20
✅ Bio-Graph Training Complete.
   🔎 Tuned best alpha=0.00 (Val Acc: 93.3%)
   -> AIA after Task 19: 92.82% | Breakdown: ['94.0%', '91.5%', '94.7%', '88.9%', '94.6%', '96.2%', '93.1%', '91.2%', '92.4%', '92.4%', '92.8%', '94.6%', '93.3%', '88.7%', '94.7%', '92.2%', '94.7%', '90.6%', '93.0%']

   📚 Training Task 20/20
✅ Bio-Graph Training Complete.
   🔎 Tuned best alpha=0.00 (Val Acc: 92.7%)
   -> AIA after Task 20: 92.10% | Breakdown: ['93.8%', '89.9%', '94.5%', '88.9%', '94.4%', '96.0%', '93.4%', '90.6%', '91.7%', '91.3%', '92.6%', '94.0%', '92.9%', '88.3%', '94.7%', '91.0%', '94.2%', '89.7%', '92.4%', '87.8%']
✅ Memory trace saved → outputs/memory_trace_tinyimagenet_dinov3.png / .svg
   🧠 Bio-Graph Memory Footprint: 299.35 MB
   ✅ Selected alpha: 0.00 (Tuned on 800 val samples)

   🏆 Pure CIL Metrics -> AIA: 92.10% | Forgetting: 2.73%
✅ Memory comparison saved → outputs/memory_comparison_tinyimagenet_dinov3.png / .svg
🔄 Preparing Dataset: TINYIMAGENET...
   📐 Preprocessing: 224px, norm=custom
✅ Tiny-ImageNet found at ./data/tiny-imagenet-200
✅ Loaded 100000 images. Classes expected: 200
💾 Loading cached dinov3 features for tinyimagenet (Train)...

🌱 --- Starting Run with Seed: 42 ---
   📦 Stream samples: 72000 | Val samples: 8000
   🚀 Training Bio-Inspired Graph (Hippocampus + Cortex)...

   🌀 --- PURE CIL MODE SCENARIO ---

   📚 Training Task 1/20
✅ Bio-Graph Training Complete.
   🔎 Tuned best alpha=0.00 (Val Acc: 95.2%)
   -> AIA after Task 1: 94.90% | Breakdown: ['94.9%']

   📚 Training Task 2/20
✅ Bio-Graph Training Complete.
   🔎 Tuned best alpha=0.00 (Val Acc: 95.2%)
   -> AIA after Task 2: 94.70% | Breakdown: ['94.3%', '95.1%']

   📚 Training Task 3/20
✅ Bio-Graph Training Complete.
   🔎 Tuned best alpha=0.30 (Val Acc: 95.6%)
   -> AIA after Task 3: 94.70% | Breakdown: ['93.8%', '94.4%', '95.9%']

   📚 Training Task 4/20
✅ Bio-Graph Training Complete.
   🔎 Tuned best alpha=0.30 (Val Acc: 93.9%)
   -> AIA after Task 4: 92.60% | Breakdown: ['93.6%', '92.6%', '95.6%', '88.6%']

   📚 Training Task 5/20
✅ Bio-Graph Training Complete.
   🔎 Tuned best alpha=0.90 (Val Acc: 94.3%)
   -> AIA after Task 5: 93.18% | Breakdown: ['92.9%', '93.6%', '95.6%', '88.7%', '95.1%']

   📚 Training Task 6/20
✅ Bio-Graph Training Complete.
   🔎 Tuned best alpha=0.30 (Val Acc: 95.3%)
   -> AIA after Task 6: 94.12% | Breakdown: ['93.7%', '93.9%', '95.9%', '88.4%', '95.4%', '97.4%']

   📚 Training Task 7/20
✅ Bio-Graph Training Complete.
   🔎 Tuned best alpha=0.00 (Val Acc: 95.4%)
   -> AIA after Task 7: 94.54% | Breakdown: ['93.7%', '93.5%', '95.8%', '89.4%', '95.3%', '97.2%', '96.9%']

   📚 Training Task 8/20
✅ Bio-Graph Training Complete.
   🔎 Tuned best alpha=0.00 (Val Acc: 95.7%)
   -> AIA after Task 8: 94.59% | Breakdown: ['94.2%', '93.4%', '96.1%', '89.3%', '95.2%', '97.4%', '96.4%', '94.7%']

   📚 Training Task 9/20
✅ Bio-Graph Training Complete.
   🔎 Tuned best alpha=0.30 (Val Acc: 95.9%)
   -> AIA after Task 9: 94.69% | Breakdown: ['94.4%', '93.1%', '96.2%', '89.3%', '95.3%', '97.6%', '95.7%', '96.0%', '94.6%']

   📚 Training Task 10/20
✅ Bio-Graph Training Complete.
   🔎 Tuned best alpha=0.00 (Val Acc: 95.8%)
   -> AIA after Task 10: 95.13% | Breakdown: ['94.4%', '93.8%', '97.0%', '90.7%', '95.8%', '97.6%', '95.5%', '95.3%', '95.1%', '96.1%']

   📚 Training Task 11/20
✅ Bio-Graph Training Complete.
   🔎 Tuned best alpha=0.00 (Val Acc: 95.9%)
   -> AIA after Task 11: 95.27% | Breakdown: ['94.6%', '94.0%', '96.2%', '90.9%', '95.9%', '97.9%', '95.0%', '94.9%', '95.3%', '96.0%', '97.3%']

   📚 Training Task 12/20
✅ Bio-Graph Training Complete.
   🔎 Tuned best alpha=1.00 (Val Acc: 96.0%)
   -> AIA after Task 12: 95.33% | Breakdown: ['94.6%', '94.0%', '96.7%', '90.3%', '95.2%', '97.8%', '95.0%', '95.3%', '94.7%', '96.5%', '96.7%', '97.2%']

   📚 Training Task 13/20
✅ Bio-Graph Training Complete.
   🔎 Tuned best alpha=0.00 (Val Acc: 95.8%)
   -> AIA after Task 13: 95.34% | Breakdown: ['94.3%', '93.7%', '96.7%', '91.0%', '96.0%', '97.8%', '94.4%', '94.5%', '94.2%', '96.2%', '96.5%', '97.1%', '97.0%']

   📚 Training Task 14/20
✅ Bio-Graph Training Complete.
   🔎 Tuned best alpha=0.30 (Val Acc: 95.4%)
   -> AIA after Task 14: 94.69% | Breakdown: ['94.4%', '93.9%', '96.5%', '90.1%', '96.0%', '97.9%', '94.0%', '92.8%', '94.0%', '95.7%', '95.1%', '96.8%', '96.2%', '92.2%']

   📚 Training Task 15/20
✅ Bio-Graph Training Complete.
   🔎 Tuned best alpha=0.00 (Val Acc: 95.4%)
   -> AIA after Task 15: 94.75% | Breakdown: ['94.4%', '93.9%', '96.7%', '90.5%', '96.0%', '97.6%', '94.4%', '92.4%', '93.8%', '95.4%', '95.3%', '96.1%', '96.0%', '92.2%', '96.6%']

   📚 Training Task 16/20
✅ Bio-Graph Training Complete.
   🔎 Tuned best alpha=1.00 (Val Acc: 95.1%)
   -> AIA after Task 16: 94.29% | Breakdown: ['93.9%', '93.8%', '96.5%', '90.3%', '95.9%', '97.7%', '94.1%', '91.7%', '94.1%', '93.9%', '94.5%', '95.4%', '95.5%', '92.0%', '96.2%', '93.1%']

   📚 Training Task 17/20
✅ Bio-Graph Training Complete.
   🔎 Tuned best alpha=0.50 (Val Acc: 95.1%)
   -> AIA after Task 17: 94.40% | Breakdown: ['94.2%', '93.8%', '96.7%', '90.8%', '95.9%', '97.6%', '93.5%', '92.6%', '93.7%', '93.9%', '94.3%', '95.0%', '94.9%', '92.1%', '96.1%', '93.1%', '96.6%']

   📚 Training Task 18/20
✅ Bio-Graph Training Complete.
   🔎 Tuned best alpha=0.30 (Val Acc: 94.7%)
   -> AIA after Task 18: 94.07% | Breakdown: ['94.1%', '93.1%', '96.9%', '91.2%', '95.7%', '97.7%', '93.8%', '92.1%', '93.4%', '93.2%', '93.3%', '94.7%', '94.4%', '92.0%', '96.2%', '92.4%', '95.8%', '93.3%']

   📚 Training Task 19/20
✅ Bio-Graph Training Complete.
   🔎 Tuned best alpha=0.00 (Val Acc: 94.7%)
   -> AIA after Task 19: 94.09% | Breakdown: ['94.0%', '93.1%', '96.8%', '90.9%', '95.9%', '97.6%', '93.9%', '92.5%', '93.8%', '93.1%', '93.5%', '94.8%', '94.1%', '91.9%', '95.8%', '93.0%', '95.9%', '92.1%', '95.0%']

   📚 Training Task 20/20
✅ Bio-Graph Training Complete.
   🔎 Tuned best alpha=0.00 (Val Acc: 94.1%)
   -> AIA after Task 20: 93.52% | Breakdown: ['94.2%', '92.1%', '96.1%', '90.8%', '95.5%', '97.3%', '93.6%', '91.9%', '93.5%', '92.3%', '93.3%', '94.7%', '94.5%', '91.4%', '95.3%', '92.5%', '95.4%', '91.6%', '93.6%', '90.8%']
✅ Memory trace saved → outputs/memory_trace_tinyimagenet_dinov3.png / .svg
   🧠 Bio-Graph Memory Footprint: 516.94 MB
   ✅ Selected alpha: 0.00 (Tuned on 800 val samples)

   🏆 Pure CIL Metrics -> AIA: 93.52% | Forgetting: 1.87%
✅ Memory comparison saved → outputs/memory_comparison_tinyimagenet_dinov3.png / .svg
🔄 Preparing Dataset: TINYIMAGENET...
   📐 Preprocessing: 224px, norm=custom
✅ Tiny-ImageNet found at ./data/tiny-imagenet-200
✅ Loaded 100000 images. Classes expected: 200
💾 Loading cached dinov3 features for tinyimagenet (Train)...

🌱 --- Starting Run with Seed: 42 ---
   📦 Stream samples: 72000 | Val samples: 8000
   🚀 Training Bio-Inspired Graph (Hippocampus + Cortex)...

   🌀 --- PURE CIL MODE SCENARIO ---

   📚 Training Task 1/20
✅ Bio-Graph Training Complete.
   🔎 Tuned best alpha=0.00 (Val Acc: 96.0%)
   -> AIA after Task 1: 95.10% | Breakdown: ['95.1%']

   📚 Training Task 2/20
✅ Bio-Graph Training Complete.
   🔎 Tuned best alpha=0.30 (Val Acc: 95.2%)
   -> AIA after Task 2: 94.30% | Breakdown: ['94.0%', '94.6%']

   📚 Training Task 3/20
✅ Bio-Graph Training Complete.
   🔎 Tuned best alpha=0.00 (Val Acc: 95.4%)
   -> AIA after Task 3: 95.13% | Breakdown: ['94.2%', '94.8%', '96.4%']

   📚 Training Task 4/20
✅ Bio-Graph Training Complete.
   🔎 Tuned best alpha=0.00 (Val Acc: 94.3%)
   -> AIA after Task 4: 92.67% | Breakdown: ['93.2%', '94.4%', '95.2%', '87.9%']

   📚 Training Task 5/20
✅ Bio-Graph Training Complete.
   🔎 Tuned best alpha=0.00 (Val Acc: 94.6%)
   -> AIA after Task 5: 93.36% | Breakdown: ['93.9%', '93.9%', '95.0%', '88.2%', '95.8%']

   📚 Training Task 6/20
✅ Bio-Graph Training Complete.
   🔎 Tuned best alpha=0.30 (Val Acc: 95.5%)
   -> AIA after Task 6: 94.55% | Breakdown: ['94.1%', '94.5%', '95.6%', '90.0%', '95.6%', '97.5%']

   📚 Training Task 7/20
✅ Bio-Graph Training Complete.
   🔎 Tuned best alpha=0.00 (Val Acc: 95.9%)
   -> AIA after Task 7: 95.06% | Breakdown: ['94.5%', '94.7%', '96.0%', '90.1%', '96.0%', '97.4%', '96.7%']

   📚 Training Task 8/20
✅ Bio-Graph Training Complete.
   🔎 Tuned best alpha=1.00 (Val Acc: 96.0%)
   -> AIA after Task 8: 95.28% | Breakdown: ['94.3%', '95.0%', '96.2%', '90.4%', '96.1%', '97.4%', '97.4%', '95.4%']

   📚 Training Task 9/20
✅ Bio-Graph Training Complete.
   🔎 Tuned best alpha=0.30 (Val Acc: 96.0%)
   -> AIA after Task 9: 95.33% | Breakdown: ['95.0%', '94.7%', '96.6%', '90.8%', '95.7%', '97.5%', '96.3%', '95.6%', '95.8%']

   📚 Training Task 10/20
✅ Bio-Graph Training Complete.
   🔎 Tuned best alpha=0.70 (Val Acc: 95.7%)
   -> AIA after Task 10: 95.45% | Breakdown: ['94.9%', '95.1%', '96.4%', '91.1%', '96.0%', '97.8%', '96.1%', '94.6%', '95.6%', '96.9%']

   📚 Training Task 11/20
✅ Bio-Graph Training Complete.
   🔎 Tuned best alpha=1.00 (Val Acc: 96.0%)
   -> AIA after Task 11: 95.65% | Breakdown: ['94.9%', '95.5%', '96.4%', '91.4%', '95.8%', '97.8%', '96.1%', '94.8%', '95.4%', '96.6%', '97.5%']

   📚 Training Task 12/20
✅ Bio-Graph Training Complete.
   🔎 Tuned best alpha=0.70 (Val Acc: 96.1%)
   -> AIA after Task 12: 95.54% | Breakdown: ['94.8%', '95.2%', '96.1%', '91.4%', '95.5%', '97.8%', '95.1%', '94.3%', '94.6%', '97.2%', '96.7%', '97.8%']

   📚 Training Task 13/20
✅ Bio-Graph Training Complete.
   🔎 Tuned best alpha=0.50 (Val Acc: 96.1%)
   -> AIA after Task 13: 95.61% | Breakdown: ['94.9%', '95.1%', '96.6%', '91.3%', '95.6%', '97.9%', '95.1%', '94.0%', '94.3%', '96.9%', '96.7%', '97.1%', '97.4%']

   📚 Training Task 14/20
✅ Bio-Graph Training Complete.
   🔎 Tuned best alpha=0.30 (Val Acc: 95.8%)
   -> AIA after Task 14: 94.99% | Breakdown: ['94.8%', '95.0%', '96.3%', '91.3%', '95.4%', '97.7%', '94.8%', '92.0%', '94.1%', '96.5%', '96.0%', '97.1%', '96.0%', '92.9%']

   📚 Training Task 15/20
✅ Bio-Graph Training Complete.
   🔎 Tuned best alpha=0.70 (Val Acc: 95.7%)
   -> AIA after Task 15: 94.93% | Breakdown: ['94.8%', '95.1%', '96.5%', '91.1%', '95.0%', '97.7%', '94.9%', '91.8%', '93.8%', '95.9%', '96.0%', '95.7%', '95.6%', '92.8%', '97.2%']

   📚 Training Task 16/20
✅ Bio-Graph Training Complete.
   🔎 Tuned best alpha=0.30 (Val Acc: 95.2%)
   -> AIA after Task 16: 94.56% | Breakdown: ['94.7%', '95.0%', '96.7%', '91.2%', '95.7%', '97.6%', '94.9%', '91.4%', '93.4%', '93.7%', '96.0%', '95.2%', '94.9%', '91.9%', '96.8%', '93.9%']

   📚 Training Task 17/20
✅ Bio-Graph Training Complete.
   🔎 Tuned best alpha=0.30 (Val Acc: 95.1%)
   -> AIA after Task 17: 94.50% | Breakdown: ['94.5%', '94.6%', '96.7%', '91.6%', '95.4%', '97.5%', '94.7%', '91.5%', '93.1%', '93.4%', '95.5%', '94.6%', '95.0%', '91.6%', '96.4%', '93.7%', '96.7%']

   📚 Training Task 18/20
✅ Bio-Graph Training Complete.
   🔎 Tuned best alpha=1.00 (Val Acc: 94.8%)
   -> AIA after Task 18: 94.11% | Breakdown: ['94.0%', '94.0%', '96.5%', '91.1%', '95.3%', '97.6%', '94.3%', '91.2%', '93.3%', '92.9%', '94.0%', '94.7%', '94.4%', '91.3%', '96.4%', '93.9%', '96.0%', '93.0%']

   📚 Training Task 19/20
✅ Bio-Graph Training Complete.
   🔎 Tuned best alpha=0.70 (Val Acc: 94.7%)
   -> AIA after Task 19: 94.27% | Breakdown: ['94.2%', '94.3%', '96.9%', '90.9%', '95.7%', '97.3%', '94.3%', '92.1%', '92.7%', '92.7%', '94.6%', '94.8%', '94.7%', '91.7%', '96.8%', '93.9%', '96.1%', '93.1%', '94.4%']

   📚 Training Task 20/20
✅ Bio-Graph Training Complete.
   🔎 Tuned best alpha=0.90 (Val Acc: 94.3%)
   -> AIA after Task 20: 93.69% | Breakdown: ['94.0%', '92.1%', '96.5%', '91.3%', '95.4%', '97.2%', '93.7%', '91.0%', '93.0%', '92.2%', '94.0%', '94.7%', '94.3%', '91.4%', '96.3%', '93.0%', '96.1%', '92.5%', '93.2%', '91.9%']
✅ Memory trace saved → outputs/memory_trace_tinyimagenet_dinov3.png / .svg
   🧠 Bio-Graph Memory Footprint: 564.54 MB
   ✅ Selected alpha: 0.00 (Tuned on 800 val samples)

   🏆 Pure CIL Metrics -> AIA: 93.69% | Forgetting: 2.01%
✅ Memory comparison saved → outputs/memory_comparison_tinyimagenet_dinov3.png / .svg

✅ Ablations complete. Saved to results/sweep/ablation_tinyimagenet_dinov3_p512_seed42.json
